Component: ARM Compiler 5.06 update 7 (build 960) Tool: armlink [4d3601]

==============================================================================

Section Cross References

    startup_stm32f407xx.o(STACK) refers (Special) to heapauxi.o(.text) for __use_two_region_memory
    startup_stm32f407xx.o(HEAP) refers (Special) to heapauxi.o(.text) for __use_two_region_memory
    startup_stm32f407xx.o(RESET) refers (Special) to heapauxi.o(.text) for __use_two_region_memory
    startup_stm32f407xx.o(RESET) refers to startup_stm32f407xx.o(STACK) for __initial_sp
    startup_stm32f407xx.o(RESET) refers to startup_stm32f407xx.o(.text) for Reset_Handler
    startup_stm32f407xx.o(RESET) refers to stm32f4xx_it.o(i.NMI_Handler) for NMI_Handler
    startup_stm32f407xx.o(RESET) refers to context_rvds.o(.text) for HardFault_Handler
    startup_stm32f407xx.o(RESET) refers to stm32f4xx_it.o(i.MemManage_Handler) for MemManage_Handler
    startup_stm32f407xx.o(RESET) refers to stm32f4xx_it.o(i.BusFault_Handler) for BusFault_Handler
    startup_stm32f407xx.o(RESET) refers to stm32f4xx_it.o(i.UsageFault_Handler) for UsageFault_Handler
    startup_stm32f407xx.o(RESET) refers to stm32f4xx_it.o(i.DebugMon_Handler) for DebugMon_Handler
    startup_stm32f407xx.o(RESET) refers to board.o(i.SysTick_Handler) for SysTick_Handler
    startup_stm32f407xx.o(.text) refers (Special) to heapauxi.o(.text) for __use_two_region_memory
    startup_stm32f407xx.o(.text) refers to system_stm32f4xx.o(i.SystemInit) for SystemInit
    startup_stm32f407xx.o(.text) refers to __main.o(!!!main) for __main
    startup_stm32f407xx.o(.text) refers to startup_stm32f407xx.o(HEAP) for Heap_Mem
    startup_stm32f407xx.o(.text) refers to startup_stm32f407xx.o(STACK) for Stack_Mem
    main.o(i.SystemClock_Config) refers to rt_memclr_w.o(.text) for __aeabi_memclr4
    main.o(i.SystemClock_Config) refers to stm32f4xx_hal_rcc.o(i.HAL_RCC_OscConfig) for HAL_RCC_OscConfig
    main.o(i.SystemClock_Config) refers to stm32f4xx_hal_rcc.o(i.HAL_RCC_ClockConfig) for HAL_RCC_ClockConfig
    main.o(i.main) refers to stm32f4xx_hal.o(i.HAL_Init) for HAL_Init
    main.o(i.main) refers to main.o(i.SystemClock_Config) for SystemClock_Config
    main.o(i.main) refers to gpio.o(i.MX_GPIO_Init) for MX_GPIO_Init
    main.o(i.main) refers to usart.o(i.MX_USART1_UART_Init) for MX_USART1_UART_Init
    main.o(i.main) refers to thread.o(i.rt_thread_mdelay) for rt_thread_mdelay
    main.o(i.main) refers to kservice.o(i.rt_kprintf) for rt_kprintf
    usart.o(i.HAL_UART_MspDeInit) refers to stm32f4xx_hal_gpio.o(i.HAL_GPIO_DeInit) for HAL_GPIO_DeInit
    usart.o(i.HAL_UART_MspInit) refers to rt_memclr_w.o(.text) for __aeabi_memclr4
    usart.o(i.HAL_UART_MspInit) refers to stm32f4xx_hal_gpio.o(i.HAL_GPIO_Init) for HAL_GPIO_Init
    usart.o(i.MX_USART1_UART_Init) refers to stm32f4xx_hal_uart.o(i.HAL_UART_Init) for HAL_UART_Init
    usart.o(i.MX_USART1_UART_Init) refers to main.o(i.Error_Handler) for Error_Handler
    usart.o(i.MX_USART1_UART_Init) refers to usart.o(.bss) for .bss
    stm32f4xx_hal_rcc.o(i.HAL_RCC_ClockConfig) refers to stm32f4xx_hal.o(i.HAL_GetTick) for HAL_GetTick
    stm32f4xx_hal_rcc.o(i.HAL_RCC_ClockConfig) refers to stm32f4xx_hal_rcc.o(i.HAL_RCC_GetSysClockFreq) for HAL_RCC_GetSysClockFreq
    stm32f4xx_hal_rcc.o(i.HAL_RCC_ClockConfig) refers to stm32f4xx_hal.o(i.HAL_InitTick) for HAL_InitTick
    stm32f4xx_hal_rcc.o(i.HAL_RCC_ClockConfig) refers to system_stm32f4xx.o(.constdata) for AHBPrescTable
    stm32f4xx_hal_rcc.o(i.HAL_RCC_ClockConfig) refers to system_stm32f4xx.o(.data) for SystemCoreClock
    stm32f4xx_hal_rcc.o(i.HAL_RCC_ClockConfig) refers to stm32f4xx_hal.o(.data) for uwTickPrio
    stm32f4xx_hal_rcc.o(i.HAL_RCC_GetHCLKFreq) refers to system_stm32f4xx.o(.data) for SystemCoreClock
    stm32f4xx_hal_rcc.o(i.HAL_RCC_GetPCLK1Freq) refers to system_stm32f4xx.o(.data) for SystemCoreClock
    stm32f4xx_hal_rcc.o(i.HAL_RCC_GetPCLK1Freq) refers to system_stm32f4xx.o(.constdata) for APBPrescTable
    stm32f4xx_hal_rcc.o(i.HAL_RCC_GetPCLK2Freq) refers to system_stm32f4xx.o(.data) for SystemCoreClock
    stm32f4xx_hal_rcc.o(i.HAL_RCC_GetPCLK2Freq) refers to system_stm32f4xx.o(.constdata) for APBPrescTable
    stm32f4xx_hal_rcc.o(i.HAL_RCC_GetSysClockFreq) refers to lludivv7m.o(.text) for __aeabi_uldivmod
    stm32f4xx_hal_rcc.o(i.HAL_RCC_MCOConfig) refers to stm32f4xx_hal_gpio.o(i.HAL_GPIO_Init) for HAL_GPIO_Init
    stm32f4xx_hal_rcc.o(i.HAL_RCC_NMI_IRQHandler) refers to stm32f4xx_hal_rcc.o(i.HAL_RCC_CSSCallback) for HAL_RCC_CSSCallback
    stm32f4xx_hal_rcc.o(i.HAL_RCC_OscConfig) refers to stm32f4xx_hal.o(i.HAL_GetTick) for HAL_GetTick
    stm32f4xx_hal_rcc_ex.o(i.HAL_RCCEx_DisablePLLI2S) refers to stm32f4xx_hal.o(i.HAL_GetTick) for HAL_GetTick
    stm32f4xx_hal_rcc_ex.o(i.HAL_RCCEx_EnablePLLI2S) refers to stm32f4xx_hal.o(i.HAL_GetTick) for HAL_GetTick
    stm32f4xx_hal_rcc_ex.o(i.HAL_RCCEx_PeriphCLKConfig) refers to stm32f4xx_hal.o(i.HAL_GetTick) for HAL_GetTick
[...]
    i.SysTick_Handler                        0x08001214   Section        0  board.o(i.SysTick_Handler)
    i.SystemClock_Config                     0x08001228   Section        0  main.o(i.SystemClock_Config)
    i.SystemCoreClockUpdate                  0x080012a4   Section        0  system_stm32f4xx.o(i.SystemCoreClockUpdate)
    i.SystemInit                             0x08001320   Section        0  system_stm32f4xx.o(i.SystemInit)
    i.UART_SetConfig                         0x08001330   Section        0  stm32f4xx_hal_uart.o(i.UART_SetConfig)
    UART_SetConfig                           0x08001331   Thumb Code   258  stm32f4xx_hal_uart.o(i.UART_SetConfig)
    i.UART_WaitOnFlagUntilTimeout            0x0800143c   Section        0  stm32f4xx_hal_uart.o(i.UART_WaitOnFlagUntilTimeout)
    UART_WaitOnFlagUntilTimeout              0x0800143d   Thumb Code   120  stm32f4xx_hal_uart.o(i.UART_WaitOnFlagUntilTimeout)
    i.UsageFault_Handler                     0x080014b4   Section        0  stm32f4xx_it.o(i.UsageFault_Handler)
    i.__NVIC_SetPriority                     0x080014b6   Section        0  stm32f4xx_hal_cortex.o(i.__NVIC_SetPriority)
    __NVIC_SetPriority                       0x080014b7   Thumb Code    32  stm32f4xx_hal_cortex.o(i.__NVIC_SetPriority)
    i.__rt_ffs                               0x080014d8   Section        0  kservice.o(i.__rt_ffs)
    i._msh_exec_cmd                          0x0800151c   Section        0  msh.o(i._msh_exec_cmd)
    _msh_exec_cmd                            0x0800151d   Thumb Code   120  msh.o(i._msh_exec_cmd)
    i._scheduler_get_highest_priority_thread 0x0800159c   Section        0  scheduler.o(i._scheduler_get_highest_priority_thread)
    _scheduler_get_highest_priority_thread   0x0800159d   Thumb Code    28  scheduler.o(i._scheduler_get_highest_priority_thread)
    i._thread_exit                           0x080015c0   Section        0  thread.o(i._thread_exit)
    _thread_exit                             0x080015c1   Thumb Code    52  thread.o(i._thread_exit)
    i._thread_init                           0x080015f8   Section        0  thread.o(i._thread_init)
    _thread_init                             0x080015f9   Thumb Code   106  thread.o(i._thread_init)
    i._thread_timeout                        0x0800166c   Section        0  thread.o(i._thread_timeout)
    _thread_timeout                          0x0800166d   Thumb Code    44  thread.o(i._thread_timeout)
    i._timer_remove                          0x08001698   Section        0  timer.o(i._timer_remove)
    _timer_remove                            0x08001699   Thumb Code     6  timer.o(i._timer_remove)
    i.bus_fault_track                        0x080016a0   Section        0  cpuport.o(i.bus_fault_track)
    bus_fault_track                          0x080016a1   Thumb Code   110  cpuport.o(i.bus_fault_track)
    i.clear                                  0x08001788   Section        0  cmd.o(i.clear)
    clear                                    0x08001789   Thumb Code    12  cmd.o(i.clear)
    i.cmd_list                               0x0800179c   Section        0  cmd.o(i.cmd_list)
    i.finsh_get_prompt                       0x08001888   Section        0  shell.o(i.finsh_get_prompt)
    i.finsh_set_prompt_mode                  0x080018d4   Section        0  shell.o(i.finsh_set_prompt_mode)
    i.finsh_system_function_init             0x080018e8   Section        0  shell.o(i.finsh_system_function_init)
    i.finsh_system_init                      0x080018f4   Section        0  shell.o(i.finsh_system_init)
    i.finsh_thread_entry                     0x0800196c   Section        0  shell.o(i.finsh_thread_entry)
    i.hard_fault_track                       0x08001be8   Section        0  cpuport.o(i.hard_fault_track)
    hard_fault_track                         0x08001be9   Thumb Code    76  cpuport.o(i.hard_fault_track)
    i.list_find_init                         0x08001c60   Section        0  cmd.o(i.list_find_init)
    list_find_init                           0x08001c61   Thumb Code    36  cmd.o(i.list_find_init)
    i.list_get_next                          0x08001c84   Section        0  cmd.o(i.list_get_next)
    list_get_next                            0x08001c85   Thumb Code   102  cmd.o(i.list_get_next)
    i.list_sem                               0x08001cec   Section        0  cmd.o(i.list_sem)
    i.list_thread                            0x08001e30   Section        0  cmd.o(i.list_thread)
    i.list_timer                             0x08001fec   Section        0  cmd.o(i.list_timer)
    i.main                                   0x08002170   Section        0  main.o(i.main)
    i.main_thread_entry                      0x080021ac   Section        0  components.o(i.main_thread_entry)
    i.mem_manage_fault_track                 0x080021bc   Section        0  cpuport.o(i.mem_manage_fault_track)
    mem_manage_fault_track                   0x080021bd   Thumb Code    98  cpuport.o(i.mem_manage_fault_track)
    i.msh_auto_complete                      0x08002294   Section        0  msh.o(i.msh_auto_complete)
    i.msh_exec                               0x08002328   Section        0  msh.o(i.msh_exec)
    i.msh_help                               0x0800238c   Section        0  msh.o(i.msh_help)
    i.msh_split                              0x080023ec   Section        0  msh.o(i.msh_split)
    msh_split                                0x080023ed   Thumb Code   172  msh.o(i.msh_split)
    i.object_split                           0x080024bc   Section        0  cmd.o(i.object_split)
    object_split                             0x080024bd   Thumb Code    18  cmd.o(i.object_split)
    i.print_number                           0x080024d4   Section        0  kservice.o(i.print_number)
    print_number                             0x080024d5   Thumb Code   300  kservice.o(i.print_number)
    i.rt_application_init                    0x08002604   Section        0  components.o(i.rt_application_init)
    i.rt_components_board_init               0x08002640   Section        0  components.o(i.rt_components_board_init)
    i.rt_components_init                     0x0800265c   Section        0  components.o(i.rt_components_init)
    i.rt_enter_critical                      0x08002678   Section        0  scheduler.o(i.rt_enter_critical)
    i.rt_exit_critical                       0x08002694   Section        0  scheduler.o(i.rt_exit_critical)
    i.rt_hw_board_init                       0x080026cc   Section        0  board.o(i.rt_hw_board_init)
    i.rt_hw_console_getchar                  0x080026f4   Section        0  board.o(i.rt_hw_console_getchar)
    i.rt_hw_console_output                   0x0800271c   Section        0  board.o(i.rt_hw_console_output)
    i.rt_hw_hard_fault_exception             0x08002764   Section        0  cpuport.o(i.rt_hw_hard_fault_exception)
    i.rt_hw_stack_init                       0x08002978   Section        0  cpuport.o(i.rt_hw_stack_init)
    i.rt_interrupt_enter                     0x080029b4   Section        0  irq.o(i.rt_interrupt_enter)
    i.rt_interrupt_leave                     0x080029d0   Section        0  irq.o(i.rt_interrupt_leave)
    i.rt_kprintf                             0x080029ec   Section        0  kservice.o(i.rt_kprintf)
    i.rt_list_insert_after                   0x08002a18   Section        0  timer.o(i.rt_list_insert_after)
    rt_list_insert_after                     0x08002a19   Thumb Code    14  timer.o(i.rt_list_insert_after)
    i.rt_list_len                            0x08002a26   Section        0  cmd.o(i.rt_list_len)
    rt_list_len                              0x08002a27   Thumb Code    18  cmd.o(i.rt_list_len)
    i.rt_list_remove                         0x08002a38   Section        0  thread.o(i.rt_list_remove)
    rt_list_remove                           0x08002a39   Thumb Code    18  thread.o(i.rt_list_remove)
    i.rt_list_remove                         0x08002a4a   Section        0  timer.o(i.rt_list_remove)
    rt_list_remove                           0x08002a4b   Thumb Code    18  timer.o(i.rt_list_remove)
    i.rt_memcpy                              0x08002a5c   Section        0  kservice.o(i.rt_memcpy)
    i.rt_memmove                             0x08002aa8   Section        0  kservice.o(i.rt_memmove)
    i.rt_memset                              0x08002adc   Section        0  kservice.o(i.rt_memset)
    i.rt_object_detach                       0x08002b22   Section        0  object.o(i.rt_object_detach)
    i.rt_object_get_information              0x08002b48   Section        0  object.o(i.rt_object_get_information)
    i.rt_object_init                         0x08002b6c   Section        0  object.o(i.rt_object_init)
    i.rt_object_is_systemobject              0x08002bbe   Section        0  object.o(i.rt_object_is_systemobject)
    i.rt_schedule                            0x08002bcc   Section        0  scheduler.o(i.rt_schedule)
    i.rt_schedule_insert_thread              0x08002c84   Section        0  scheduler.o(i.rt_schedule_insert_thread)
    i.rt_schedule_remove_thread              0x08002cf8   Section        0  scheduler.o(i.rt_schedule_remove_thread)
    i.rt_sem_init                            0x08002d40   Section        0  ipc.o(i.rt_sem_init)
    i.rt_show_version                        0x08002d64   Section        0  kservice.o(i.rt_show_version)
    i.rt_sprintf                             0x08002e28   Section        0  kservice.o(i.rt_sprintf)
    i.rt_strerror                            0x08002e3c   Section        0  kservice.o(i.rt_strerror)
    i.rt_strlen                              0x08002e58   Section        0  kservice.o(i.rt_strlen)
    i.rt_strncpy                             0x08002e68   Section        0  kservice.o(i.rt_strncpy)
    i.rt_system_scheduler_init               0x08002e90   Section        0  scheduler.o(i.rt_system_scheduler_init)
    i.rt_system_scheduler_start              0x08002eb8   Section        0  scheduler.o(i.rt_system_scheduler_start)
    i.rt_system_timer_init                   0x08002ee0   Section        0  timer.o(i.rt_system_timer_init)
    i.rt_system_timer_thread_init            0x08002eec   Section        0  timer.o(i.rt_system_timer_thread_init)
    i.rt_thread_defunct_dequeue              0x08002ef0   Section        0  idle.o(i.rt_thread_defunct_dequeue)
    i.rt_thread_defunct_enqueue              0x08002f20   Section        0  idle.o(i.rt_thread_defunct_enqueue)
    i.rt_thread_idle_entry                   0x08002f38   Section        0  idle.o(i.rt_thread_idle_entry)
    rt_thread_idle_entry                     0x08002f39   Thumb Code    34  idle.o(i.rt_thread_idle_entry)
    i.rt_thread_idle_init                    0x08002f5c   Section        0  idle.o(i.rt_thread_idle_init)
    i.rt_thread_init                         0x08002fa0   Section        0  thread.o(i.rt_thread_init)
    i.rt_thread_mdelay                       0x08002fd0   Section        0  thread.o(i.rt_thread_mdelay)
    i.rt_thread_resume                       0x08002fde   Section        0  thread.o(i.rt_thread_resume)
    i.rt_thread_self                         0x0800301c   Section        0  thread.o(i.rt_thread_self)
    i.rt_thread_sleep                        0x08003028   Section        0  thread.o(i.rt_thread_sleep)
    i.rt_thread_startup                      0x0800306c   Section        0  thread.o(i.rt_thread_startup)
    i.rt_thread_suspend                      0x08003094   Section        0  thread.o(i.rt_thread_suspend)
    i.rt_tick_from_millisecond               0x080030da   Section        0  clock.o(i.rt_tick_from_millisecond)
    i.rt_tick_get                            0x0800310c   Section        0  clock.o(i.rt_tick_get)
    i.rt_tick_increase                       0x08003118   Section        0  clock.o(i.rt_tick_increase)
    i.rt_timer_check                         0x08003160   Section        0  timer.o(i.rt_timer_check)
    i.rt_timer_control                       0x080031ec   Section        0  timer.o(i.rt_timer_control)
    i.rt_timer_detach                        0x08003238   Section        0  timer.o(i.rt_timer_detach)
    i.rt_timer_init                          0x08003260   Section        0  timer.o(i.rt_timer_init)
    i.rt_timer_start                         0x08003290   Section        0  timer.o(i.rt_timer_start)
    i.rt_timer_stop                          0x08003314   Section        0  timer.o(i.rt_timer_stop)
    i.rt_vsnprintf                           0x08003344   Section        0  kservice.o(i.rt_vsnprintf)
    i.rt_vsprintf                            0x080035c8   Section        0  kservice.o(i.rt_vsprintf)
    i.rti_board_end                          0x080035d8   Section        0  components.o(i.rti_board_end)
    rti_board_end                            0x080035d9   Thumb Code     4  components.o(i.rti_board_end)
    i.rti_board_start                        0x080035dc   Section        0  components.o(i.rti_board_start)
    rti_board_start                          0x080035dd   Thumb Code     4  components.o(i.rti_board_start)
    i.rti_end                                0x080035e0   Section        0  components.o(i.rti_end)
    rti_end                                  0x080035e1   Thumb Code     4  components.o(i.rti_end)
    i.rti_start                              0x080035e4   Section        0  components.o(i.rti_start)
    rti_start                                0x080035e5   Thumb Code     4  components.o(i.rti_start)
    i.rtthread_startup                       0x080035e8   Section        0  components.o(i.rtthread_startup)
    i.skip_atoi                              0x08003612   Section        0  kservice.o(i.skip_atoi)
    skip_atoi                                0x08003613   Thumb Code    40  kservice.o(i.skip_atoi)
    i.uart_init                              0x0800363c   Section        0  board.o(i.uart_init)
    uart_init                                0x0800363d   Thumb Code    42  board.o(i.uart_init)
    i.usage_fault_track                      0x08003670   Section        0  cpuport.o(i.usage_fault_track)
    usage_fault_track                        0x08003671   Thumb Code   100  cpuport.o(i.usage_fault_track)
    i.version                                0x08003740   Section        0  cmd.o(i.version)
    x$fpl$fpinit                             0x0800374a   Section       10  fpinit.o(x$fpl$fpinit)
    $v0                                      0x0800374a   Number         0  fpinit.o(x$fpl$fpinit)
    .constdata                               0x08003754   Section       16  system_stm32f4xx.o(.constdata)
    .constdata                               0x08003764   Section        8  system_stm32f4xx.o(.constdata)
    .constdata                               0x0800376c   Section      290  kservice.o(.constdata)
    small_digits                             0x0800386c   Data          17  kservice.o(.constdata)
    large_digits                             0x0800387d   Data          17  kservice.o(.constdata)
    .conststring                             0x08003890   Section       88  kservice.o(.conststring)
    .conststring                             0x080038e8   Section       68  cmd.o(.conststring)
    .rodata.name                             0x0800392c   Section        6  cmd.o(.rodata.name)
    .rodata.name                             0x08003932   Section       26  cmd.o(.rodata.name)
    .rodata.name                             0x0800394c   Section        8  cmd.o(.rodata.name)
    .rodata.name                             0x08003954   Section       35  cmd.o(.rodata.name)
    .rodata.name                             0x08003977   Section       12  cmd.o(.rodata.name)
    .rodata.name                             0x08003983   Section       12  cmd.o(.rodata.name)
    .rodata.name                             0x0800398f   Section        9  cmd.o(.rodata.name)
    .rodata.name                             0x08003998   Section       25  cmd.o(.rodata.name)
    .rodata.name                             0x080039b1   Section       11  cmd.o(.rodata.name)
    .rodata.name                             0x080039bc   Section       21  cmd.o(.rodata.name)
    .rodata.name                             0x080039d1   Section        5  cmd.o(.rodata.name)
    .rodata.name                             0x080039d6   Section       13  cmd.o(.rodata.name)
    .rodata.name                             0x080039e3   Section        5  msh.o(.rodata.name)
    .rodata.name                             0x080039e8   Section       22  msh.o(.rodata.name)
    .rti_fn.0                                0x08003a00   Section        4  components.o(.rti_fn.0)
    __tagsym$$used                           0x08003a00   Number         0  components.o(.rti_fn.0)
    .rti_fn.0.end                            0x08003a04   Section        4  components.o(.rti_fn.0.end)
    __tagsym$$used                           0x08003a04   Number         0  components.o(.rti_fn.0.end)
    .rti_fn.1                                0x08003a08   Section        4  board.o(.rti_fn.1)
    __tagsym$$used                           0x08003a08   Number         0  board.o(.rti_fn.1)
    .rti_fn.1.end                            0x08003a0c   Section        4  components.o(.rti_fn.1.end)
    __tagsym$$used                           0x08003a0c   Number         0  components.o(.rti_fn.1.end)
    .rti_fn.6                                0x08003a10   Section        4  shell.o(.rti_fn.6)
    __tagsym$$used                           0x08003a10   Number         0  shell.o(.rti_fn.6)
    .rti_fn.6.end                            0x08003a14   Section        4  components.o(.rti_fn.6.end)
    __tagsym$$used                           0x08003a14   Number         0  components.o(.rti_fn.6.end)
    FSymTab                                  0x08003a18   Section       72  cmd.o(FSymTab)
    __tagsym$$used                           0x08003a18   Number         0  cmd.o(FSymTab)
    __tagsym$$used                           0x08003a24   Number         0  cmd.o(FSymTab)
    __tagsym$$used                           0x08003a30   Number         0  cmd.o(FSymTab)
    __tagsym$$used                           0x08003a3c   Number         0  cmd.o(FSymTab)
    __tagsym$$used                           0x08003a48   Number         0  cmd.o(FSymTab)
    __tagsym$$used                           0x08003a54   Number         0  cmd.o(FSymTab)
    FSymTab                                  0x08003a60   Section       12  msh.o(FSymTab)
    __tagsym$$used                           0x08003a60   Number         0  msh.o(FSymTab)
    .data                                    0x20000000   Section       12  stm32f4xx_hal.o(.data)
    .data                                    0x2000000c   Section        4  system_stm32f4xx.o(.data)
    .data                                    0x20000010   Section        4  clock.o(.data)
    rt_tick                                  0x20000010   Data           4  clock.o(.data)
    .data                                    0x20000014   Section        8  idle.o(.data)
    _rt_thread_defunct                       0x20000014   Data           8  idle.o(.data)
    .data                                    0x2000001c   Section        1  irq.o(.data)
    .data                                    0x20000020   Section       52  kservice.o(.data)
    __rt_errno                               0x20000020   Data           4  kservice.o(.data)
    rt_errno_strs                            0x20000024   Data          48  kservice.o(.data)
    .data                                    0x20000054   Section       48  object.o(.data)
    _object_container                        0x20000054   Data          48  object.o(.data)
    .data                                    0x20000084   Section       12  scheduler.o(.data)
    rt_scheduler_lock_nest                   0x20000086   Data           2  scheduler.o(.data)
    .data                                    0x20000090   Section       12  timer.o(.data)
    random_nr                                0x20000090   Data           4  timer.o(.data)
    _timer_list                              0x20000094   Data           8  timer.o(.data)
    .data                                    0x2000009c   Section        4  cpuport.o(.data)
    rt_exception_hook                        0x2000009c   Data           4  cpuport.o(.data)
    .data                                    0x200000a0   Section        4  cpuport.o(.data)
    .data                                    0x200000a4   Section        4  cpuport.o(.data)
    .data                                    0x200000a8   Section        4  cpuport.o(.data)
    .data                                    0x200000ac   Section       16  shell.o(.data)
    finsh_prompt_custom                      0x200000b4   Data           4  shell.o(.data)
    .bss                                     0x200000bc   Section       68  usart.o(.bss)
    .bss                                     0x20000100   Section     1144  components.o(.bss)
    main_stack                               0x20000100   Data        1024  components.o(.bss)
    .bss                                     0x20000578   Section      248  idle.o(.bss)
    idle                                     0x20000578   Data         120  idle.o(.bss)
    rt_thread_stack                          0x200005f0   Data         128  idle.o(.bss)
    .bss                                     0x20000670   Section      128  kservice.o(.bss)
    rt_log_buf                               0x20000670   Data         128  kservice.o(.bss)
    .bss                                     0x200006f0   Section      256  scheduler.o(.bss)
    .bss                                     0x200007f0   Section       68  board.o(.bss)
    UartHandle                               0x200007f0   Data          68  board.o(.bss)
    .bss                                     0x20000834   Section     1396  shell.o(.bss)
    finsh_prompt                             0x20000834   Data         129  shell.o(.bss)
    finsh_thread                             0x200008b8   Data         120  shell.o(.bss)
    finsh_thread_stack                       0x20000930   Data        1024  shell.o(.bss)
    .bss                                     0x20000da8   Section       96  libspace.o(.bss)
    HEAP                                     0x20000e08   Section      512  startup_stm32f407xx.o(HEAP)
    Heap_Mem                                 0x20000e08   Data         512  startup_stm32f407xx.o(HEAP)
    STACK                                    0x20001008   Section     1024  startup_stm32f407xx.o(STACK)
    Stack_Mem                                0x20001008   Data        1024  startup_stm32f407xx.o(STACK)
    __initial_sp                             0x20001408   Data           0  startup_stm32f407xx.o(STACK)

    Global Symbols

    Symbol Name                              Value     Ov Type        Size  Object(Section)

    BuildAttributes$$THM_ISAv4$E$P$D$K$B$S$7EM$VFPi3$EXTD16$VFPS$VFMA$PE$A:L22UL41UL21$X:L11$S22US41US21$IEEE1$IW$USESV6$~STKCKD$USESV7$~SHL$OSPACE$ROPI$EBA8$UX$STANDARDLIB$REQ8$PRES8$EABIv2 0x00000000   Number         0  anon$$obj.o ABSOLUTE
    __ARM_use_no_argv                        0x00000000   Number         0  main.o ABSOLUTE
    __ARM_exceptions_init                     - Undefined Weak Reference
    __alloca_initialize                       - Undefined Weak Reference
    __arm_fini_                               - Undefined Weak Reference
    __arm_preinit_                            - Undefined Weak Reference
    __cpp_initialize__aeabi_                  - Undefined Weak Reference
    __cxa_finalize                            - Undefined Weak Reference
    __sigvec_lookup                           - Undefined Weak Reference
    _atexit_init                              - Undefined Weak Reference
    _call_atexit_fns                          - Undefined Weak Reference
    _clock_init                               - Undefined Weak Reference
    _fp_trap_init                             - Undefined Weak Reference
    _fp_trap_shutdown                         - Undefined Weak Reference
    _get_lc_collate                           - Undefined Weak Reference
    _get_lc_monetary                          - Undefined Weak Reference
    _get_lc_numeric                           - Undefined Weak Reference
    _get_lc_time                              - Undefined Weak Reference
    _getenv_init                              - Undefined Weak Reference
    _handle_redirection                       - Undefined Weak Reference
    _init_alloc                               - Undefined Weak Reference
    _init_user_alloc                          - Undefined Weak Reference
    _initio                                   - Undefined Weak Reference
    _rand_init                                - Undefined Weak Reference
    _signal_finish                            - Undefined Weak Reference
    _signal_init                              - Undefined Weak Reference
    _terminate_alloc                          - Undefined Weak Reference
    _terminate_user_alloc                     - Undefined Weak Reference
    _terminateio                              - Undefined Weak Reference
    __Vectors_Size                           0x00000188   Number         0  startup_stm32f407xx.o ABSOLUTE
    __Vectors                                0x08000000   Data           4  startup_stm32f407xx.o(RESET)
    __Vectors_End                            0x08000188   Data           0  startup_stm32f407xx.o(RESET)
    __main                                   0x08000189   Thumb Code     8  __main.o(!!!main)
    __scatterload                            0x08000191   Thumb Code     0  __scatter.o(!!!scatter)
    __scatterload_rt2                        0x08000191   Thumb Code    44  __scatter.o(!!!scatter)
    __scatterload_rt2_thumb_only             0x08000191   Thumb Code     0  __scatter.o(!!!scatter)
    __scatterload_null                       0x0800019f   Thumb Code     0  __scatter.o(!!!scatter)
    __scatterload_copy                       0x080001c5   Thumb Code    26  __scatter_copy.o(!!handler_copy)
    __scatterload_zeroinit                   0x080001e1   Thumb Code    28  __scatter_zi.o(!!handler_zi)
    __rt_lib_init                            0x080001fd   Thumb Code     0  libinit.o(.ARM.Collect$$libinit$$00000000)
    __rt_lib_init_fp_1                       0x080001ff   Thumb Code     0  libinit2.o(.ARM.Collect$$libinit$$00000001)
    __rt_lib_init_alloca_1                   0x08000203   Thumb Code     0  libinit2.o(.ARM.Collect$$libinit$$0000002E)
    __rt_lib_init_argv_1                     0x08000203   Thumb Code     0  libinit2.o(.ARM.Collect$$libinit$$0000002C)
    __rt_lib_init_atexit_1                   0x08000203   Thumb Code     0  libinit2.o(.ARM.Collect$$libinit$$0000001B)
    __rt_lib_init_clock_1                    0x08000203   Thumb Code     0  libinit2.o(.ARM.Collect$$libinit$$00000021)
    __rt_lib_init_cpp_1                      0x08000203   Thumb Code     0  libinit2.o(.ARM.Collect$$libinit$$00000032)
    __rt_lib_init_exceptions_1               0x08000203   Thumb Code     0  libinit2.o(.ARM.Collect$$libinit$$00000030)
    __rt_lib_init_fp_trap_1                  0x08000203   Thumb Code     0  libinit2.o(.ARM.Collect$$libinit$$0000001F)
    __rt_lib_init_getenv_1                   0x08000203   Thumb Code     0  libinit2.o(.ARM.Collect$$libinit$$00000023)
    __rt_lib_init_heap_1                     0x08000203   Thumb Code     0  libinit2.o(.ARM.Collect$$libinit$$0000000A)
    __rt_lib_init_lc_collate_1               0x08000203   Thumb Code     0  libinit2.o(.ARM.Collect$$libinit$$00000011)
    __rt_lib_init_lc_ctype_1                 0x08000203   Thumb Code     0  libinit2.o(.ARM.Collect$$libinit$$00000013)
    __rt_lib_init_lc_monetary_1              0x08000203   Thumb Code     0  libinit2.o(.ARM.Collect$$libinit$$00000015)
    __rt_lib_init_lc_numeric_1               0x08000203   Thumb Code     0  libinit2.o(.ARM.Collect$$libinit$$00000017)
    __rt_lib_init_lc_time_1                  0x08000203   Thumb Code     0  libinit2.o(.ARM.Collect$$libinit$$00000019)
    __rt_lib_init_preinit_1                  0x08000203   Thumb Code     0  libinit2.o(.ARM.Collect$$libinit$$00000004)
    __rt_lib_init_rand_1                     0x08000203   Thumb Code     0  libinit2.o(.ARM.Collect$$libinit$$0000000E)
    __rt_lib_init_return                     0x08000203   Thumb Code     0  libinit2.o(.ARM.Collect$$libinit$$00000033)
    __rt_lib_init_signal_1                   0x08000203   Thumb Code     0  libinit2.o(.ARM.Collect$$libinit$$0000001D)
    __rt_lib_init_stdio_1                    0x08000203   Thumb Code     0  libinit2.o(.ARM.Collect$$libinit$$00000025)
    __rt_lib_init_user_alloc_1               0x08000203   Thumb Code     0  libinit2.o(.ARM.Collect$$libinit$$0000000C)
    __rt_lib_shutdown                        0x08000205   Thumb Code     0  libshutdown.o(.ARM.Collect$$libshutdown$$00000000)
    __rt_lib_shutdown_cpp_1                  0x08000207   Thumb Code     0  libshutdown2.o(.ARM.Collect$$libshutdown$$00000004)
    __rt_lib_shutdown_fini_1                 0x08000207   Thumb Code     0  libshutdown2.o(.ARM.Collect$$libshutdown$$00000002)
    __rt_lib_shutdown_fp_trap_1              0x08000207   Thumb Code     0  libshutdown2.o(.ARM.Collect$$libshutdown$$00000009)
    __rt_lib_shutdown_heap_1                 0x08000207   Thumb Code     0  libshutdown2.o(.ARM.Collect$$libshutdown$$00000011)
    __rt_lib_shutdown_return                 0x08000207   Thumb Code     0  libshutdown2.o(.ARM.Collect$$libshutdown$$00000012)
    __rt_lib_shutdown_signal_1               0x08000207   Thumb Code     0  libshutdown2.o(.ARM.Collect$$libshutdown$$0000000C)
    __rt_lib_shutdown_stdio_1                0x08000207   Thumb Code     0  libshutdown2.o(.ARM.Collect$$libshutdown$$00000006)
    __rt_lib_shutdown_user_alloc_1           0x08000207   Thumb Code     0  libshutdown2.o(.ARM.Collect$$libshutdown$$0000000E)
    __rt_entry                               0x08000209   Thumb Code     0  __rtentry.o(.ARM.Collect$$rtentry$$00000000)
    __rt_entry_presh_1                       0x08000209   Thumb Code     0  __rtentry2.o(.ARM.Collect$$rtentry$$00000002)
    __rt_entry_sh                            0x08000209   Thumb Code     0  __rtentry4.o(.ARM.Collect$$rtentry$$00000004)
    __rt_entry_li                            0x0800020f   Thumb Code     0  __rtentry2.o(.ARM.Collect$$rtentry$$0000000A)
    __rt_entry_postsh_1                      0x0800020f   Thumb Code     0  __rtentry2.o(.ARM.Collect$$rtentry$$00000009)
    __rt_entry_main                          0x08000213   Thumb Code     0  __rtentry2.o(.ARM.Collect$$rtentry$$0000000D)
    __rt_entry_postli_1                      0x08000213   Thumb Code     0  __rtentry2.o(.ARM.Collect$$rtentry$$0000000C)
    __rt_exit                                0x0800021b   Thumb Code     0  rtexit.o(.ARM.Collect$$rtexit$$00000000)
    __rt_exit_ls                             0x0800021d   Thumb Code     0  rtexit2.o(.ARM.Collect$$rtexit$$00000003)
    __rt_exit_prels_1                        0x0800021d   Thumb Code     0  rtexit2.o(.ARM.Collect$$rtexit$$00000002)
    __rt_exit_exit                           0x08000221   Thumb Code     0  rtexit2.o(.ARM.Collect$$rtexit$$00000004)
    Reset_Handler                            0x08000229   Thumb Code     8  startup_stm32f407xx.o(.text)
    SVC_Handler                              0x0800023b   Thumb Code     2  startup_stm32f407xx.o(.text)
    ADC_IRQHandler                           0x08000243   Thumb Code     0  startup_stm32f407xx.o(.text)
    CAN1_RX0_IRQHandler                      0x08000243   Thumb Code     0  startup_stm32f407xx.o(.text)
    CAN1_RX1_IRQHandler                      0x08000243   Thumb Code     0  startup_stm32f407xx.o(.text)
    CAN1_SCE_IRQHandler                      0x08000243   Thumb Code     0  startup_stm32f407xx.o(.text)
    CAN1_TX_IRQHandler                       0x08000243   Thumb Code     0  startup_stm32f407xx.o(.text)
    CAN2_RX0_IRQHandler                      0x08000243   Thumb Code     0  startup_stm32f407xx.o(.text)
    CAN2_RX1_IRQHandler                      0x08000243   Thumb Code     0  startup_stm32f407xx.o(.text)
    CAN2_SCE_IRQHandler                      0x08000243   Thumb Code     0  startup_stm32f407xx.o(.text)
    CAN2_TX_IRQHandler                       0x08000243   Thumb Code     0  startup_stm32f407xx.o(.text)
    DCMI_IRQHandler                          0x08000243   Thumb Code     0  startup_stm32f407xx.o(.text)
    DMA1_Stream0_IRQHandler                  0x08000243   Thumb Code     0  startup_stm32f407xx.o(.text)
    DMA1_Stream1_IRQHandler                  0x08000243   Thumb Code     0  startup_stm32f407xx.o(.text)
    DMA1_Stream2_IRQHandler                  0x08000243   Thumb Code     0  startup_stm32f407xx.o(.text)
    DMA1_Stream3_IRQHandler                  0x08000243   Thumb Code     0  startup_stm32f407xx.o(.text)
    DMA1_Stream4_IRQHandler                  0x08000243   Thumb Code     0  startup_stm32f407xx.o(.text)
    DMA1_Stream5_IRQHandler                  0x08000243   Thumb Code     0  startup_stm32f407xx.o(.text)
    DMA1_Stream6_IRQHandler                  0x08000243   Thumb Code     0  startup_stm32f407xx.o(.text)
    DMA1_Stream7_IRQHandler                  0x08000243   Thumb Code     0  startup_stm32f407xx.o(.text)
    DMA2_Stream0_IRQHandler                  0x08000243   Thumb Code     0  startup_stm32f407xx.o(.text)
    DMA2_Stream1_IRQHandler                  0x08000243   Thumb Code     0  startup_stm32f407xx.o(.text)
    DMA2_Stream2_IRQHandler                  0x08000243   Thumb Code     0  startup_stm32f407xx.o(.text)
    DMA2_Stream3_IRQHandler                  0x08000243   Thumb Code     0  startup_stm32f407xx.o(.text)
    DMA2_Stream4_IRQHandler                  0x08000243   Thumb Code     0  startup_stm32f407xx.o(.text)
    DMA2_Stream5_IRQHandler                  0x08000243   Thumb Code     0  startup_stm32f407xx.o(.text)
    DMA2_Stream6_IRQHandler                  0x08000243   Thumb Code     0  startup_stm32f407xx.o(.text)
    DMA2_Stream7_IRQHandler                  0x08000243   Thumb Code     0  startup_stm32f407xx.o(.text)
    ETH_IRQHandler                           0x08000243   Thumb Code     0  startup_stm32f407xx.o(.text)
    ETH_WKUP_IRQHandler                      0x08000243   Thumb Code     0  startup_stm32f407xx.o(.text)
    EXTI0_IRQHandler                         0x08000243   Thumb Code     0  startup_stm32f407xx.o(.text)
    EXTI15_10_IRQHandler                     0x08000243   Thumb Code     0  startup_stm32f407xx.o(.text)
    EXTI1_IRQHandler                         0x08000243   Thumb Code     0  startup_stm32f407xx.o(.text)
    EXTI2_IRQHandler                         0x08000243   Thumb Code     0  startup_stm32f407xx.o(.text)
    EXTI3_IRQHandler                         0x08000243   Thumb Code     0  startup_stm32f407xx.o(.text)
    EXTI4_IRQHandler                         0x08000243   Thumb Code     0  startup_stm32f407xx.o(.text)
    EXTI9_5_IRQHandler                       0x08000243   Thumb Code     0  startup_stm32f407xx.o(.text)
    FLASH_IRQHandler                         0x08000243   Thumb Code     0  startup_stm32f407xx.o(.text)
    FMC_IRQHandler                           0x08000243   Thumb Code     0  startup_stm32f407xx.o(.text)
    FPU_IRQHandler                           0x08000243   Thumb Code     0  startup_stm32f407xx.o(.text)
    HASH_RNG_IRQHandler                      0x08000243   Thumb Code     0  startup_stm32f407xx.o(.text)
    I2C1_ER_IRQHandler                       0x08000243   Thumb Code     0  startup_stm32f407xx.o(.text)
    I2C1_EV_IRQHandler                       0x08000243   Thumb Code     0  startup_stm32f407xx.o(.text)
    I2C2_ER_IRQHandler                       0x08000243   Thumb Code     0  startup_stm32f407xx.o(.text)
    I2C2_EV_IRQHandler                       0x08000243   Thumb Code     0  startup_stm32f407xx.o(.text)
    I2C3_ER_IRQHandler                       0x08000243   Thumb Code     0  startup_stm32f407xx.o(.text)
    I2C3_EV_IRQHandler                       0x08000243   Thumb Code     0  startup_stm32f407xx.o(.text)
    OTG_FS_IRQHandler                        0x08000243   Thumb Code     0  startup_stm32f407xx.o(.text)
    OTG_FS_WKUP_IRQHandler                   0x08000243   Thumb Code     0  startup_stm32f407xx.o(.text)
    OTG_HS_EP1_IN_IRQHandler                 0x08000243   Thumb Code     0  startup_stm32f407xx.o(.text)
    OTG_HS_EP1_OUT_IRQHandler                0x08000243   Thumb Code     0  startup_stm32f407xx.o(.text)
    OTG_HS_IRQHandler                        0x08000243   Thumb Code     0  startup_stm32f407xx.o(.text)
    OTG_HS_WKUP_IRQHandler                   0x08000243   Thumb Code     0  startup_stm32f407xx.o(.text)
    PVD_IRQHandler                           0x08000243   Thumb Code     0  startup_stm32f407xx.o(.text)
    RCC_IRQHandler                           0x08000243   Thumb Code     0  startup_stm32f407xx.o(.text)
    RTC_Alarm_IRQHandler                     0x08000243   Thumb Code     0  startup_stm32f407xx.o(.text)
    RTC_WKUP_IRQHandler                      0x08000243   Thumb Code     0  startup_stm32f407xx.o(.text)
    SDIO_IRQHandler                          0x08000243   Thumb Code     0  startup_stm32f407xx.o(.text)
    SPI1_IRQHandler                          0x08000243   Thumb Code     0  startup_stm32f407xx.o(.text)
    SPI2_IRQHandler                          0x08000243   Thumb Code     0  startup_stm32f407xx.o(.text)
    SPI3_IRQHandler                          0x08000243   Thumb Code     0  startup_stm32f407xx.o(.text)
    TAMP_STAMP_IRQHandler                    0x08000243   Thumb Code     0  startup_stm32f407xx.o(.text)
    TIM1_BRK_TIM9_IRQHandler                 0x08000243   Thumb Code     0  startup_stm32f407xx.o(.text)
    TIM1_CC_IRQHandler                       0x08000243   Thumb Code     0  startup_stm32f407xx.o(.text)
    TIM1_TRG_COM_TIM11_IRQHandler            0x08000243   Thumb Code     0  startup_stm32f407xx.o(.text)
    TIM1_UP_TIM10_IRQHandler                 0x08000243   Thumb Code     0  startup_stm32f407xx.o(.text)
    TIM2_IRQHandler                          0x08000243   Thumb Code     0  startup_stm32f407xx.o(.text)
    TIM3_IRQHandler                          0x08000243   Thumb Code     0  startup_stm32f407xx.o(.text)
    TIM4_IRQHandler                          0x08000243   Thumb Code     0  startup_stm32f407xx.o(.text)
    TIM5_IRQHandler                          0x08000243   Thumb Code     0  startup_stm32f407xx.o(.text)
    TIM6_DAC_IRQHandler                      0x08000243   Thumb Code     0  startup_stm32f407xx.o(.text)
    TIM7_IRQHandler                          0x08000243   Thumb Code     0  startup_stm32f407xx.o(.text)
    TIM8_BRK_TIM12_IRQHandler                0x08000243   Thumb Code     0  startup_stm32f407xx.o(.text)
    TIM8_CC_IRQHandler                       0x08000243   Thumb Code     0  startup_stm32f407xx.o(.text)
    TIM8_TRG_COM_TIM14_IRQHandler            0x08000243   Thumb Code     0  startup_stm32f407xx.o(.text)
    TIM8_UP_TIM13_IRQHandler                 0x08000243   Thumb Code     0  startup_stm32f407xx.o(.text)
    UART4_IRQHandler                         0x08000243   Thumb Code     0  startup_stm32f407xx.o(.text)
    UART5_IRQHandler                         0x08000243   Thumb Code     0  startup_stm32f407xx.o(.text)
    USART1_IRQHandler                        0x08000243   Thumb Code     0  startup_stm32f407xx.o(.text)
    USART2_IRQHandler                        0x08000243   Thumb Code     0  startup_stm32f407xx.o(.text)
    USART3_IRQHandler                        0x08000243   Thumb Code     0  startup_stm32f407xx.o(.text)
    USART6_IRQHandler                        0x08000243   Thumb Code     0  startup_stm32f407xx.o(.text)
    WWDG_IRQHandler                          0x08000243   Thumb Code     0  startup_stm32f407xx.o(.text)
    __user_initial_stackheap                 0x08000245   Thumb Code     0  startup_stm32f407xx.o(.text)
    rt_hw_interrupt_disable                  0x08000269   Thumb Code     8  context_rvds.o(.text)
    rt_hw_interrupt_enable                   0x08000271   Thumb Code     6  context_rvds.o(.text)
    rt_hw_context_switch                     0x08000277   Thumb Code    32  context_rvds.o(.text)
    rt_hw_context_switch_interrupt           0x08000277   Thumb Code     0  context_rvds.o(.text)
    PendSV_Handler                           0x08000297   Thumb Code   108  context_rvds.o(.text)
    rt_hw_context_switch_to                  0x08000303   Thumb Code    76  context_rvds.o(.text)
    rt_hw_interrupt_thread_switch            0x0800034f   Thumb Code     2  context_rvds.o(.text)
    HardFault_Handler                        0x08000351   Thumb Code    56  context_rvds.o(.text)
    __aeabi_uldivmod                         0x080003a5   Thumb Code     0  lludivv7m.o(.text)
    _ll_udiv                                 0x080003a5   Thumb Code   238  lludivv7m.o(.text)
    strcpy                                   0x08000493   Thumb Code    72  strcpy.o(.text)
    strlen                                   0x080004db   Thumb Code    62  strlen.o(.text)
    strncmp                                  0x08000519   Thumb Code   150  strncmp.o(.text)
    strcat                                   0x080005af   Thumb Code    24  strcat.o(.text)
    __aeabi_memclr4                          0x080005c7   Thumb Code     0  rt_memclr_w.o(.text)
    __aeabi_memclr8                          0x080005c7   Thumb Code     0  rt_memclr_w.o(.text)
    __rt_memclr_w                            0x080005c7   Thumb Code    78  rt_memclr_w.o(.text)
    _memset_w                                0x080005cb   Thumb Code     0  rt_memclr_w.o(.text)
    strncpy                                  0x08000615   Thumb Code    86  strncpy.o(.text)
    strcmp                                   0x0800066d   Thumb Code   128  strcmpv7m.o(.text)
    __use_two_region_memory                  0x080006ed   Thumb Code     2  heapauxi.o(.text)
    __rt_heap_escrow$2region                 0x080006ef   Thumb Code     2  heapauxi.o(.text)
    __rt_heap_expand$2region                 0x080006f1   Thumb Code     2  heapauxi.o(.text)
    __aeabi_memclr                           0x080006f3   Thumb Code     0  rt_memclr.o(.text)
    __rt_memclr                              0x080006f3   Thumb Code    68  rt_memclr.o(.text)
    _memset                                  0x080006f7   Thumb Code     0  rt_memclr.o(.text)
    __user_libspace                          0x08000739   Thumb Code     8  libspace.o(.text)
    __user_perproc_libspace                  0x08000739   Thumb Code     0  libspace.o(.text)
    __user_perthread_libspace                0x08000739   Thumb Code     0  libspace.o(.text)
    __user_setup_stackheap                   0x08000741   Thumb Code    74  sys_stackheap_outer.o(.text)
    exit                                     0x0800078b   Thumb Code    18  exit.o(.text)
    _sys_exit                                0x0800079d   Thumb Code     8  sys_exit.o(.text)
    __I$use$semihosting                      0x080007a9   Thumb Code     0  use_no_semi.o(.text)
    __use_no_semihosting_swi                 0x080007a9   Thumb Code     2  use_no_semi.o(.text)
    __semihosting_library_function           0x080007ab   Thumb Code     0  indicate_semi.o(.text)
    main                                     0x080007ab   Thumb Code    10  components.o(i.$Sub$$main)
    BusFault_Handler                         0x080007b5   Thumb Code     2  stm32f4xx_it.o(i.BusFault_Handler)
    DebugMon_Handler                         0x080007b7   Thumb Code     2  stm32f4xx_it.o(i.DebugMon_Handler)
    Error_Handler                            0x080007b9   Thumb Code     4  main.o(i.Error_Handler)
    HAL_GPIO_Init                            0x080007bd   Thumb Code   450  stm32f4xx_hal_gpio.o(i.HAL_GPIO_Init)
    HAL_GetTick                              0x080009ad   Thumb Code     6  stm32f4xx_hal.o(i.HAL_GetTick)
    HAL_Init                                 0x080009b9   Thumb Code    48  stm32f4xx_hal.o(i.HAL_Init)
    HAL_InitTick                             0x080009ed   Thumb Code    54  stm32f4xx_hal.o(i.HAL_InitTick)
    HAL_MspInit                              0x08000a2d   Thumb Code    42  stm32f4xx_hal_msp.o(i.HAL_MspInit)
    HAL_NVIC_SetPriority                     0x08000a5d   Thumb Code    60  stm32f4xx_hal_cortex.o(i.HAL_NVIC_SetPriority)
    HAL_NVIC_SetPriorityGrouping             0x08000a9d   Thumb Code    26  stm32f4xx_hal_cortex.o(i.HAL_NVIC_SetPriorityGrouping)
    HAL_RCC_ClockConfig                      0x08000ac1   Thumb Code   288  stm32f4xx_hal_rcc.o(i.HAL_RCC_ClockConfig)
    HAL_RCC_GetHCLKFreq                      0x08000bf5   Thumb Code     6  stm32f4xx_hal_rcc.o(i.HAL_RCC_GetHCLKFreq)
    HAL_RCC_GetPCLK1Freq                     0x08000c01   Thumb Code    20  stm32f4xx_hal_rcc.o(i.HAL_RCC_GetPCLK1Freq)
    HAL_RCC_GetPCLK2Freq                     0x08000c21   Thumb Code    20  stm32f4xx_hal_rcc.o(i.HAL_RCC_GetPCLK2Freq)
    HAL_RCC_GetSysClockFreq                  0x08000c41   Thumb Code    88  stm32f4xx_hal_rcc.o(i.HAL_RCC_GetSysClockFreq)
    HAL_RCC_OscConfig                        0x08000ca5   Thumb Code   856  stm32f4xx_hal_rcc.o(i.HAL_RCC_OscConfig)
    HAL_SYSTICK_Config                       0x08001011   Thumb Code    40  stm32f4xx_hal_cortex.o(i.HAL_SYSTICK_Config)
    HAL_UART_Init                            0x08001039   Thumb Code    98  stm32f4xx_hal_uart.o(i.HAL_UART_Init)
    HAL_UART_MspInit                         0x0800109d   Thumb Code    94  usart.o(i.HAL_UART_MspInit)
    HAL_UART_Transmit                        0x08001109   Thumb Code   178  stm32f4xx_hal_uart.o(i.HAL_UART_Transmit)
    MX_GPIO_Init                             0x080011bd   Thumb Code    22  gpio.o(i.MX_GPIO_Init)
    MX_USART1_UART_Init                      0x080011d9   Thumb Code    48  usart.o(i.MX_USART1_UART_Init)
    MemManage_Handler                        0x08001211   Thumb Code     2  stm32f4xx_it.o(i.MemManage_Handler)
    NMI_Handler                              0x08001213   Thumb Code     2  stm32f4xx_it.o(i.NMI_Handler)
    SysTick_Handler                          0x08001215   Thumb Code    18  board.o(i.SysTick_Handler)
    SystemClock_Config                       0x08001229   Thumb Code   116  main.o(i.SystemClock_Config)
    SystemCoreClockUpdate                    0x080012a5   Thumb Code   104  system_stm32f4xx.o(i.SystemCoreClockUpdate)
    SystemInit                               0x08001321   Thumb Code    12  system_stm32f4xx.o(i.SystemInit)
    UsageFault_Handler                       0x080014b5   Thumb Code     2  stm32f4xx_it.o(i.UsageFault_Handler)
    __rt_ffs                                 0x080014d9   Thumb Code    64  kservice.o(i.__rt_ffs)
    cmd_list                                 0x0800179d   Thumb Code    96  cmd.o(i.cmd_list)
    finsh_get_prompt                         0x08001889   Thumb Code    56  shell.o(i.finsh_get_prompt)
    finsh_set_prompt_mode                    0x080018d5   Thumb Code    16  shell.o(i.finsh_set_prompt_mode)
    finsh_system_function_init               0x080018e9   Thumb Code     8  shell.o(i.finsh_system_function_init)
    finsh_system_init                        0x080018f5   Thumb Code    82  shell.o(i.finsh_system_init)
    finsh_thread_entry                       0x0800196d   Thumb Code   596  shell.o(i.finsh_thread_entry)
    list_sem                                 0x08001ced   Thumb Code   216  cmd.o(i.list_sem)
    list_thread                              0x08001e31   Thumb Code   256  cmd.o(i.list_thread)
    list_timer                               0x08001fed   Thumb Code   176  cmd.o(i.list_timer)
    $Super$$main                             0x08002171   Thumb Code    34  main.o(i.main)
    main_thread_entry                        0x080021ad   Thumb Code    14  components.o(i.main_thread_entry)
    msh_auto_complete                        0x08002295   Thumb Code   136  msh.o(i.msh_auto_complete)
    msh_exec                                 0x08002329   Thumb Code    74  msh.o(i.msh_exec)
    msh_help                                 0x0800238d   Thumb Code    44  msh.o(i.msh_help)
    rt_application_init                      0x08002605   Thumb Code    44  components.o(i.rt_application_init)
    rt_components_board_init                 0x08002641   Thumb Code    20  components.o(i.rt_components_board_init)
    rt_components_init                       0x0800265d   Thumb Code    20  components.o(i.rt_components_init)
    rt_enter_critical                        0x08002679   Thumb Code    22  scheduler.o(i.rt_enter_critical)
    rt_exit_critical                         0x08002695   Thumb Code    52  scheduler.o(i.rt_exit_critical)
    rt_hw_board_init                         0x080026cd   Thumb Code    38  board.o(i.rt_hw_board_init)
    rt_hw_console_getchar                    0x080026f5   Thumb Code    34  board.o(i.rt_hw_console_getchar)
    rt_hw_console_output                     0x0800271d   Thumb Code    66  board.o(i.rt_hw_console_output)
    rt_hw_hard_fault_exception               0x08002765   Thumb Code   194  cpuport.o(i.rt_hw_hard_fault_exception)
    rt_hw_stack_init                         0x08002979   Thumb Code    54  cpuport.o(i.rt_hw_stack_init)
    rt_interrupt_enter                       0x080029b5   Thumb Code    22  irq.o(i.rt_interrupt_enter)
    rt_interrupt_leave                       0x080029d1   Thumb Code    22  irq.o(i.rt_interrupt_leave)
    rt_kprintf                               0x080029ed   Thumb Code    38  kservice.o(i.rt_kprintf)
    rt_memcpy                                0x08002a5d   Thumb Code    74  kservice.o(i.rt_memcpy)
    rt_memmove                               0x08002aa9   Thumb Code    50  kservice.o(i.rt_memmove)
    rt_memset                                0x08002add   Thumb Code    70  kservice.o(i.rt_memset)
    rt_object_detach                         0x08002b23   Thumb Code    36  object.o(i.rt_object_detach)
    rt_object_get_information                0x08002b49   Thumb Code    30  object.o(i.rt_object_get_information)
    rt_object_init                           0x08002b6d   Thumb Code    82  object.o(i.rt_object_init)
    rt_object_is_systemobject                0x08002bbf   Thumb Code    14  object.o(i.rt_object_is_systemobject)
    rt_schedule                              0x08002bcd   Thumb Code   174  scheduler.o(i.rt_schedule)
    rt_schedule_insert_thread                0x08002c85   Thumb Code   108  scheduler.o(i.rt_schedule_insert_thread)
    rt_schedule_remove_thread                0x08002cf9   Thumb Code    64  scheduler.o(i.rt_schedule_remove_thread)
    rt_sem_init                              0x08002d41   Thumb Code    36  ipc.o(i.rt_sem_init)
    rt_show_version                          0x08002d65   Thumb Code    42  kservice.o(i.rt_show_version)
    rt_sprintf                               0x08002e29   Thumb Code    18  kservice.o(i.rt_sprintf)
    rt_strerror                              0x08002e3d   Thumb Code    22  kservice.o(i.rt_strerror)
    rt_strlen                                0x08002e59   Thumb Code    16  kservice.o(i.rt_strlen)
    rt_strncpy                               0x08002e69   Thumb Code    38  kservice.o(i.rt_strncpy)
    rt_system_scheduler_init                 0x08002e91   Thumb Code    30  scheduler.o(i.rt_system_scheduler_init)
    rt_system_scheduler_start                0x08002eb9   Thumb Code    36  scheduler.o(i.rt_system_scheduler_start)
    rt_system_timer_init                     0x08002ee1   Thumb Code     8  timer.o(i.rt_system_timer_init)
    rt_system_timer_thread_init              0x08002eed   Thumb Code     2  timer.o(i.rt_system_timer_thread_init)
    rt_thread_defunct_dequeue                0x08002ef1   Thumb Code    44  idle.o(i.rt_thread_defunct_dequeue)
    rt_thread_defunct_enqueue                0x08002f21   Thumb Code    18  idle.o(i.rt_thread_defunct_enqueue)
    rt_thread_idle_init                      0x08002f5d   Thumb Code    52  idle.o(i.rt_thread_idle_init)
    rt_thread_init                           0x08002fa1   Thumb Code    48  thread.o(i.rt_thread_init)
    rt_thread_mdelay                         0x08002fd1   Thumb Code    14  thread.o(i.rt_thread_mdelay)
    rt_thread_resume                         0x08002fdf   Thumb Code    60  thread.o(i.rt_thread_resume)
    rt_thread_self                           0x0800301d   Thumb Code     6  thread.o(i.rt_thread_self)
    rt_thread_sleep                          0x08003029   Thumb Code    64  thread.o(i.rt_thread_sleep)
    rt_thread_startup                        0x0800306d   Thumb Code    36  thread.o(i.rt_thread_startup)
    rt_thread_suspend                        0x08003095   Thumb Code    70  thread.o(i.rt_thread_suspend)
    rt_tick_from_millisecond                 0x080030db   Thumb Code    50  clock.o(i.rt_tick_from_millisecond)
    rt_tick_get                              0x0800310d   Thumb Code     6  clock.o(i.rt_tick_get)
    rt_tick_increase                         0x08003119   Thumb Code    68  clock.o(i.rt_tick_increase)
    rt_timer_check                           0x08003161   Thumb Code   136  timer.o(i.rt_timer_check)
    rt_timer_control                         0x080031ed   Thumb Code    76  timer.o(i.rt_timer_control)
    rt_timer_detach                          0x08003239   Thumb Code    40  timer.o(i.rt_timer_detach)
    rt_timer_init                            0x08003261   Thumb Code    48  timer.o(i.rt_timer_init)
    rt_timer_start                           0x08003291   Thumb Code   126  timer.o(i.rt_timer_start)
    rt_timer_stop                            0x08003315   Thumb Code    46  timer.o(i.rt_timer_stop)
    rt_vsnprintf                             0x08003345   Thumb Code   634  kservice.o(i.rt_vsnprintf)
    rt_vsprintf                              0x080035c9   Thumb Code    16  kservice.o(i.rt_vsprintf)
    rtthread_startup                         0x080035e9   Thumb Code    42  components.o(i.rtthread_startup)
    version                                  0x08003741   Thumb Code    10  cmd.o(i.version)
    _fp_init                                 0x0800374b   Thumb Code    10  fpinit.o(x$fpl$fpinit)
    __fplib_config_fpu_vfp                   0x08003753   Thumb Code     0  fpinit.o(x$fpl$fpinit)
    __fplib_config_pureend_doubles           0x08003753   Thumb Code     0  fpinit.o(x$fpl$fpinit)
    AHBPrescTable                            0x08003754   Data          16  system_stm32f4xx.o(.constdata)
    APBPrescTable                            0x08003764   Data           8  system_stm32f4xx.o(.constdata)
    __lowest_bit_bitmap                      0x0800376c   Data         256  kservice.o(.constdata)
    __fsym_clear_name                        0x0800392c   Data           6  cmd.o(.rodata.name)
    __fsym_clear_desc                        0x08003932   Data          26  cmd.o(.rodata.name)
    __fsym_version_name                      0x0800394c   Data           8  cmd.o(.rodata.name)
    __fsym_version_desc                      0x08003954   Data          35  cmd.o(.rodata.name)
    __fsym_list_thread_name                  0x08003977   Data          12  cmd.o(.rodata.name)
    __fsym_list_thread_desc                  0x08003983   Data          12  cmd.o(.rodata.name)
    __fsym_list_sem_name                     0x0800398f   Data           9  cmd.o(.rodata.name)
    __fsym_list_sem_desc                     0x08003998   Data          25  cmd.o(.rodata.name)
    __fsym_list_timer_name                   0x080039b1   Data          11  cmd.o(.rodata.name)
    __fsym_list_timer_desc                   0x080039bc   Data          21  cmd.o(.rodata.name)
    __fsym_list_name                         0x080039d1   Data           5  cmd.o(.rodata.name)
    __fsym_list_desc                         0x080039d6   Data          13  cmd.o(.rodata.name)
    __fsym_help_name                         0x080039e3   Data           5  msh.o(.rodata.name)
    __fsym_help_desc                         0x080039e8   Data          22  msh.o(.rodata.name)
    __rt_init_rti_start                      0x08003a00   Data           4  components.o(.rti_fn.0)
    __rt_init_rti_board_start                0x08003a04   Data           4  components.o(.rti_fn.0.end)
    __rt_init_uart_init                      0x08003a08   Data           4  board.o(.rti_fn.1)
    __rt_init_rti_board_end                  0x08003a0c   Data           4  components.o(.rti_fn.1.end)
    __rt_init_finsh_system_init              0x08003a10   Data           4  shell.o(.rti_fn.6)
    __rt_init_rti_end                        0x08003a14   Data           4  components.o(.rti_fn.6.end)
    FSymTab$$Base                            0x08003a18   Number         0  cmd.o(FSymTab)
    __fsym_clear                             0x08003a18   Data          12  cmd.o(FSymTab)
    __fsym_version                           0x08003a24   Data          12  cmd.o(FSymTab)
    __fsym_list_thread                       0x08003a30   Data          12  cmd.o(FSymTab)
    __fsym_list_sem                          0x08003a3c   Data          12  cmd.o(FSymTab)
    __fsym_list_timer                        0x08003a48   Data          12  cmd.o(FSymTab)
    __fsym_list                              0x08003a54   Data          12  cmd.o(FSymTab)
    __fsym_help                              0x08003a60   Data          12  msh.o(FSymTab)
    FSymTab$$Limit                           0x08003a6c   Number         0  msh.o(FSymTab)
    Region$$Table$$Base                      0x08003a6c   Number         0  anon$$obj.o(Region$$Table)
    Region$$Table$$Limit                     0x08003a8c   Number         0  anon$$obj.o(Region$$Table)
    uwTickFreq                               0x20000000   Data           1  stm32f4xx_hal.o(.data)
    uwTickPrio                               0x20000004   Data           4  stm32f4xx_hal.o(.data)
    uwTick                                   0x20000008   Data           4  stm32f4xx_hal.o(.data)
    SystemCoreClock                          0x2000000c   Data           4  system_stm32f4xx.o(.data)
    rt_interrupt_nest                        0x2000001c   Data           1  irq.o(.data)
    rt_current_priority                      0x20000084   Data           1  scheduler.o(.data)
    rt_current_thread                        0x20000088   Data           4  scheduler.o(.data)
    rt_thread_ready_priority_group           0x2000008c   Data           4  scheduler.o(.data)
    rt_interrupt_from_thread                 0x200000a0   Data           4  cpuport.o(.data)
    rt_interrupt_to_thread                   0x200000a4   Data           4  cpuport.o(.data)
    rt_thread_switch_interrupt_flag          0x200000a8   Data           4  cpuport.o(.data)
    _syscall_table_begin                     0x200000ac   Data           4  shell.o(.data)
    _syscall_table_end                       0x200000b0   Data           4  shell.o(.data)
    shell                                    0x200000b8   Data           4  shell.o(.data)
    huart1                                   0x200000bc   Data          68  usart.o(.bss)
    main_thread                              0x20000500   Data         120  components.o(.bss)
    rt_thread_priority_table                 0x200006f0   Data         256  scheduler.o(.bss)
    _shell                                   0x20000d30   Data         120  shell.o(.bss)
    __libspace_start                         0x20000da8   Data          96  libspace.o(.bss)
    __temporary_stack_top$libspace           0x20000e08   Data           0  libspace.o(.bss)



==============================================================================

Memory Map of the image

  Image Entry point : 0x08000189

  Load Region LR_IROM1 (Base: 0x08000000, Size: 0x00003b48, Max: 0x00100000, ABSOLUTE)

    Execution Region ER_IROM1 (Exec base: 0x08000000, Load base: 0x08000000, Size: 0x00003a8c, Max: 0x00100000, ABSOLUTE)

    Exec Addr    Load Addr    Size         Type   Attr      Idx    E Section Name        Object

    0x08000000   0x08000000   0x00000188   Data   RO            3    RESET               startup_stm32f407xx.o
    0x08000188   0x08000188   0x00000008   Code   RO         3009  * !!!main             c_w.l(__main.o)
    0x08000190   0x08000190   0x00000034   Code   RO         3188    !!!scatter          c_w.l(__scatter.o)
    0x080001c4   0x080001c4   0x0000001a   Code   RO         3190    !!handler_copy      c_w.l(__scatter_copy.o)
    0x080001de   0x080001de   0x00000002   PAD
    0x080001e0   0x080001e0   0x0000001c   Code   RO         3192    !!handler_zi        c_w.l(__scatter_zi.o)
    0x080001fc   0x080001fc   0x00000002   Code   RO         3106    .ARM.Collect$$libinit$$00000000  c_w.l(libinit.o)
    0x080001fe   0x080001fe   0x00000004   Code   RO         3046    .ARM.Collect$$libinit$$00000001  c_w.l(libinit2.o)
    0x08000202   0x08000202   0x00000000   Code   RO         3049    .ARM.Collect$$libinit$$00000004  c_w.l(libinit2.o)
    0x08000202   0x08000202   0x00000000   Code   RO         3052    .ARM.Collect$$libinit$$0000000A  c_w.l(libinit2.o)
    0x08000202   0x08000202   0x00000000   Code   RO         3054    .ARM.Collect$$libinit$$0000000C  c_w.l(libinit2.o)
    0x08000202   0x08000202   0x00000000   Code   RO         3056    .ARM.Collect$$libinit$$0000000E  c_w.l(libinit2.o)
    0x08000202   0x08000202   0x00000000   Code   RO         3059    .ARM.Collect$$libinit$$00000011  c_w.l(libinit2.o)
    0x08000202   0x08000202   0x00000000   Code   RO         3061    .ARM.Collect$$libinit$$00000013  c_w.l(libinit2.o)
    0x08000202   0x08000202   0x00000000   Code   RO         3063    .ARM.Collect$$libinit$$00000015  c_w.l(libinit2.o)
    0x08000202   0x08000202   0x00000000   Code   RO         3065    .ARM.Collect$$libinit$$00000017  c_w.l(libinit2.o)
    0x08000202   0x08000202   0x00000000   Code   RO         3067    .ARM.Collect$$libinit$$00000019  c_w.l(libinit2.o)
    0x08000202   0x08000202   0x00000000   Code   RO         3069    .ARM.Collect$$libinit$$0000001B  c_w.l(libinit2.o)
    0x08000202   0x08000202   0x00000000   Code   RO         3071    .ARM.Collect$$libinit$$0000001D  c_w.l(libinit2.o)
    0x08000202   0x08000202   0x00000000   Code   RO         3073    .ARM.Collect$$libinit$$0000001F  c_w.l(libinit2.o)
    0x08000202   0x08000202   0x00000000   Code   RO         3075    .ARM.Collect$$libinit$$00000021  c_w.l(libinit2.o)
    0x08000202   0x08000202   0x00000000   Code   RO         3077    .ARM.Collect$$libinit$$00000023  c_w.l(libinit2.o)
    0x08000202   0x08000202   0x00000000   Code   RO         3079    .ARM.Collect$$libinit$$00000025  c_w.l(libinit2.o)
    0x08000202   0x08000202   0x00000000   Code   RO         3083    .ARM.Collect$$libinit$$0000002C  c_w.l(libinit2.o)
    0x08000202   0x08000202   0x00000000   Code   RO         3085    .ARM.Collect$$libinit$$0000002E  c_w.l(libinit2.o)
    0x08000202   0x08000202   0x00000000   Code   RO         3087    .ARM.Collect$$libinit$$00000030  c_w.l(libinit2.o)
    0x08000202   0x08000202   0x00000000   Code   RO         3089    .ARM.Collect$$libinit$$00000032  c_w.l(libinit2.o)
    0x08000202   0x08000202   0x00000002   Code   RO         3090    .ARM.Collect$$libinit$$00000033  c_w.l(libinit2.o)
    0x08000204   0x08000204   0x00000002   Code   RO         3153    .ARM.Collect$$libshutdown$$00000000  c_w.l(libshutdown.o)
    0x08000206   0x08000206   0x00000000   Code   RO         3169    .ARM.Collect$$libshutdown$$00000002  c_w.l(libshutdown2.o)
    0x08000206   0x08000206   0x00000000   Code   RO         3171    .ARM.Collect$$libshutdown$$00000004  c_w.l(libshutdown2.o)
    0x08000206   0x08000206   0x00000000   Code   RO         3173    .ARM.Collect$$libshutdown$$00000006  c_w.l(libshutdown2.o)
    0x08000206   0x08000206   0x00000000   Code   RO         3176    .ARM.Collect$$libshutdown$$00000009  c_w.l(libshutdown2.o)
    0x08000206   0x08000206   0x00000000   Code   RO         3179    .ARM.Collect$$libshutdown$$0000000C  c_w.l(libshutdown2.o)
    0x08000206   0x08000206   0x00000000   Code   RO         3181    .ARM.Collect$$libshutdown$$0000000E  c_w.l(libshutdown2.o)
    0x08000206   0x08000206   0x00000000   Code   RO         3184    .ARM.Collect$$libshutdown$$00000011  c_w.l(libshutdown2.o)
    0x08000206   0x08000206   0x00000002   Code   RO         3185    .ARM.Collect$$libshutdown$$00000012  c_w.l(libshutdown2.o)
    0x08000208   0x08000208   0x00000000   Code   RO         3011    .ARM.Collect$$rtentry$$00000000  c_w.l(__rtentry.o)
    0x08000208   0x08000208   0x00000000   Code   RO         3030    .ARM.Collect$$rtentry$$00000002  c_w.l(__rtentry2.o)
    0x08000208   0x08000208   0x00000006   Code   RO         3042    .ARM.Collect$$rtentry$$00000004  c_w.l(__rtentry4.o)
    0x0800020e   0x0800020e   0x00000000   Code   RO         3032    .ARM.Collect$$rtentry$$00000009  c_w.l(__rtentry2.o)
    0x0800020e   0x0800020e   0x00000004   Code   RO         3033    .ARM.Collect$$rtentry$$0000000A  c_w.l(__rtentry2.o)
    0x08000212   0x08000212   0x00000000   Code   RO         3035    .ARM.Collect$$rtentry$$0000000C  c_w.l(__rtentry2.o)
    0x08000212   0x08000212   0x00000008   Code   RO         3036    .ARM.Collect$$rtentry$$0000000D  c_w.l(__rtentry2.o)
    0x0800021a   0x0800021a   0x00000002   Code   RO         3109    .ARM.Collect$$rtexit$$00000000  c_w.l(rtexit.o)
    0x0800021c   0x0800021c   0x00000000   Code   RO         3126    .ARM.Collect$$rtexit$$00000002  c_w.l(rtexit2.o)
    0x0800021c   0x0800021c   0x00000004   Code   RO         3127    .ARM.Collect$$rtexit$$00000003  c_w.l(rtexit2.o)
    0x08000220   0x08000220   0x00000006   Code   RO         3128    .ARM.Collect$$rtexit$$00000004  c_w.l(rtexit2.o)
    0x08000226   0x08000226   0x00000002   PAD
    0x08000228   0x08000228   0x00000040   Code   RO            4    .text               startup_stm32f407xx.o
    0x08000268   0x08000268   0x0000013c   Code   RO         1876    .text               context_rvds.o
    0x080003a4   0x080003a4   0x000000ee   Code   RO         2989    .text               c_w.l(lludivv7m.o)
    0x08000492   0x08000492   0x00000048   Code   RO         2993    .text               c_w.l(strcpy.o)
    0x080004da   0x080004da   0x0000003e   Code   RO         2995    .text               c_w.l(strlen.o)
    0x08000518   0x08000518   0x00000096   Code   RO         2997    .text               c_w.l(strncmp.o)
    0x080005ae   0x080005ae   0x00000018   Code   RO         2999    .text               c_w.l(strcat.o)
    0x080005c6   0x080005c6   0x0000004e   Code   RO         3001    .text               c_w.l(rt_memclr_w.o)
    0x08000614   0x08000614   0x00000056   Code   RO         3003    .text               c_w.l(strncpy.o)
    0x0800066a   0x0800066a   0x00000002   PAD
    0x0800066c   0x0800066c   0x00000080   Code   RO         3005    .text               c_w.l(strcmpv7m.o)
    0x080006ec   0x080006ec   0x00000006   Code   RO         3007    .text               c_w.l(heapauxi.o)
    0x080006f2   0x080006f2   0x00000044   Code   RO         3024    .text               c_w.l(rt_memclr.o)
    0x08000736   0x08000736   0x00000002   PAD
    0x08000738   0x08000738   0x00000008   Code   RO         3026    .text               c_w.l(libspace.o)
    0x08000740   0x08000740   0x0000004a   Code   RO         3091    .text               c_w.l(sys_stackheap_outer.o)
    0x0800078a   0x0800078a   0x00000012   Code   RO         3093    .text               c_w.l(exit.o)
    0x0800079c   0x0800079c   0x0000000c   Code   RO         3123    .text               c_w.l(sys_exit.o)
    0x080007a8   0x080007a8   0x00000002   Code   RO         3144    .text               c_w.l(use_no_semi.o)
    0x080007aa   0x080007aa   0x00000000   Code   RO         3146    .text               c_w.l(indicate_semi.o)
    0x080007aa   0x080007aa   0x0000000a   Code   RO         1921    i.$Sub$$main        components.o
    0x080007b4   0x080007b4   0x00000002   Code   RO          241    i.BusFault_Handler  stm32f4xx_it.o
    0x080007b6   0x080007b6   0x00000002   Code   RO          242    i.DebugMon_Handler  stm32f4xx_it.o
    0x080007b8   0x080007b8   0x00000004   Code   RO           13    i.Error_Handler     main.o
    0x080007bc   0x080007bc   0x000001f0   Code   RO          671    i.HAL_GPIO_Init     stm32f4xx_hal_gpio.o
    0x080009ac   0x080009ac   0x0000000c   Code   RO         1203    i.HAL_GetTick       stm32f4xx_hal.o
    0x080009b8   0x080009b8   0x00000034   Code   RO         1210    i.HAL_Init          stm32f4xx_hal.o
    0x080009ec   0x080009ec   0x00000040   Code   RO         1211    i.HAL_InitTick      stm32f4xx_hal.o
    0x08000a2c   0x08000a2c   0x00000030   Code   RO          292    i.HAL_MspInit       stm32f4xx_hal_msp.o
    0x08000a5c   0x08000a5c   0x00000040   Code   RO         1066    i.HAL_NVIC_SetPriority  stm32f4xx_hal_cortex.o
    0x08000a9c   0x08000a9c   0x00000024   Code   RO         1067    i.HAL_NVIC_SetPriorityGrouping  stm32f4xx_hal_cortex.o
    0x08000ac0   0x08000ac0   0x00000134   Code   RO          317    i.HAL_RCC_ClockConfig  stm32f4xx_hal_rcc.o
    0x08000bf4   0x08000bf4   0x0000000c   Code   RO          322    i.HAL_RCC_GetHCLKFreq  stm32f4xx_hal_rcc.o
    0x08000c00   0x08000c00   0x00000020   Code   RO          324    i.HAL_RCC_GetPCLK1Freq  stm32f4xx_hal_rcc.o
    0x08000c20   0x08000c20   0x00000020   Code   RO          325    i.HAL_RCC_GetPCLK2Freq  stm32f4xx_hal_rcc.o
    0x08000c40   0x08000c40   0x00000064   Code   RO          326    i.HAL_RCC_GetSysClockFreq  stm32f4xx_hal_rcc.o
    0x08000ca4   0x08000ca4   0x0000036c   Code   RO          329    i.HAL_RCC_OscConfig  stm32f4xx_hal_rcc.o
    0x08001010   0x08001010   0x00000028   Code   RO         1071    i.HAL_SYSTICK_Config  stm32f4xx_hal_cortex.o
    0x08001038   0x08001038   0x00000062   Code   RO         1513    i.HAL_UART_Init     stm32f4xx_hal_uart.o
    0x0800109a   0x0800109a   0x00000002   PAD
    0x0800109c   0x0800109c   0x0000006c   Code   RO          200    i.HAL_UART_MspInit  usart.o
    0x08001108   0x08001108   0x000000b2   Code   RO         1521    i.HAL_UART_Transmit  stm32f4xx_hal_uart.o
    0x080011ba   0x080011ba   0x00000002   PAD
    0x080011bc   0x080011bc   0x0000001c   Code   RO          175    i.MX_GPIO_Init      gpio.o
    0x080011d8   0x080011d8   0x00000038   Code   RO          201    i.MX_USART1_UART_Init  usart.o
    0x08001210   0x08001210   0x00000002   Code   RO          243    i.MemManage_Handler  stm32f4xx_it.o
    0x08001212   0x08001212   0x00000002   Code   RO          244    i.NMI_Handler       stm32f4xx_it.o
    0x08001214   0x08001214   0x00000012   Code   RO         2702    i.SysTick_Handler   board.o
    0x08001226   0x08001226   0x00000002   PAD
    0x08001228   0x08001228   0x0000007c   Code   RO           14    i.SystemClock_Config  main.o
    0x080012a4   0x080012a4   0x0000007c   Code   RO         1841    i.SystemCoreClockUpdate  system_stm32f4xx.o
    0x08001320   0x08001320   0x00000010   Code   RO         1842    i.SystemInit        system_stm32f4xx.o
    0x08001330   0x08001330   0x0000010c   Code   RO         1539    i.UART_SetConfig    stm32f4xx_hal_uart.o
    0x0800143c   0x0800143c   0x00000078   Code   RO         1542    i.UART_WaitOnFlagUntilTimeout  stm32f4xx_hal_uart.o
    0x080014b4   0x080014b4   0x00000002   Code   RO          245    i.UsageFault_Handler  stm32f4xx_it.o
    0x080014b6   0x080014b6   0x00000020   Code   RO         1073    i.__NVIC_SetPriority  stm32f4xx_hal_cortex.o
    0x080014d6   0x080014d6   0x00000002   PAD
    0x080014d8   0x080014d8   0x00000044   Code   RO         2119    i.__rt_ffs          kservice.o
    0x0800151c   0x0800151c   0x00000080   Code   RO         2830    i._msh_exec_cmd     msh.o
    0x0800159c   0x0800159c   0x00000024   Code   RO         2369    i._scheduler_get_highest_priority_thread  scheduler.o
    0x080015c0   0x080015c0   0x00000038   Code   RO         2451    i._thread_exit      thread.o
    0x080015f8   0x080015f8   0x00000074   Code   RO         2452    i._thread_init      thread.o
    0x0800166c   0x0800166c   0x0000002c   Code   RO         2453    i._thread_timeout   thread.o
    0x08001698   0x08001698   0x00000006   Code   RO         2557    i._timer_remove     timer.o
    0x0800169e   0x0800169e   0x00000002   PAD
    0x080016a0   0x080016a0   0x000000e8   Code   RO         2637    i.bus_fault_track   cpuport.o
    0x08001788   0x08001788   0x00000014   Code   RO         2750    i.clear             cmd.o
    0x0800179c   0x0800179c   0x000000ec   Code   RO         2751    i.cmd_list          cmd.o
    0x08001888   0x08001888   0x0000004c   Code   RO         2909    i.finsh_get_prompt  shell.o
    0x080018d4   0x080018d4   0x00000014   Code   RO         2913    i.finsh_set_prompt_mode  shell.o
    0x080018e8   0x080018e8   0x0000000c   Code   RO         2914    i.finsh_system_function_init  shell.o
    0x080018f4   0x080018f4   0x00000078   Code   RO         2915    i.finsh_system_init  shell.o
    0x0800196c   0x0800196c   0x0000027c   Code   RO         2916    i.finsh_thread_entry  shell.o
    0x08001be8   0x08001be8   0x00000078   Code   RO         2638    i.hard_fault_track  cpuport.o
    0x08001c60   0x08001c60   0x00000024   Code   RO         2752    i.list_find_init    cmd.o
    0x08001c84   0x08001c84   0x00000066   Code   RO         2753    i.list_get_next     cmd.o
    0x08001cea   0x08001cea   0x00000002   PAD
    0x08001cec   0x08001cec   0x00000144   Code   RO         2754    i.list_sem          cmd.o
    0x08001e30   0x08001e30   0x000001bc   Code   RO         2755    i.list_thread       cmd.o
    0x08001fec   0x08001fec   0x00000184   Code   RO         2756    i.list_timer        cmd.o
    0x08002170   0x08002170   0x0000003c   Code   RO           15    i.main              main.o
    0x080021ac   0x080021ac   0x0000000e   Code   RO         1922    i.main_thread_entry  components.o
    0x080021ba   0x080021ba   0x00000002   PAD
    0x080021bc   0x080021bc   0x000000d8   Code   RO         2639    i.mem_manage_fault_track  cpuport.o
    0x08002294   0x08002294   0x00000094   Code   RO         2831    i.msh_auto_complete  msh.o
    0x08002328   0x08002328   0x00000064   Code   RO         2832    i.msh_exec          msh.o
    0x0800238c   0x0800238c   0x00000060   Code   RO         2833    i.msh_help          msh.o
    0x080023ec   0x080023ec   0x000000d0   Code   RO         2834    i.msh_split         msh.o
    0x080024bc   0x080024bc   0x00000018   Code   RO         2757    i.object_split      cmd.o
    0x080024d4   0x080024d4   0x00000130   Code   RO         2121    i.print_number      kservice.o
    0x08002604   0x08002604   0x0000003c   Code   RO         1923    i.rt_application_init  components.o
    0x08002640   0x08002640   0x0000001c   Code   RO         1924    i.rt_components_board_init  components.o
    0x0800265c   0x0800265c   0x0000001c   Code   RO         1925    i.rt_components_init  components.o
    0x08002678   0x08002678   0x0000001c   Code   RO         2371    i.rt_enter_critical  scheduler.o
    0x08002694   0x08002694   0x00000038   Code   RO         2372    i.rt_exit_critical  scheduler.o
    0x080026cc   0x080026cc   0x00000026   Code   RO         2703    i.rt_hw_board_init  board.o
    0x080026f2   0x080026f2   0x00000002   PAD
    0x080026f4   0x080026f4   0x00000028   Code   RO         2704    i.rt_hw_console_getchar  board.o
    0x0800271c   0x0800271c   0x00000048   Code   RO         2705    i.rt_hw_console_output  board.o
    0x08002764   0x08002764   0x00000214   Code   RO         2643    i.rt_hw_hard_fault_exception  cpuport.o
    0x08002978   0x08002978   0x0000003c   Code   RO         2644    i.rt_hw_stack_init  cpuport.o
    0x080029b4   0x080029b4   0x0000001c   Code   RO         2092    i.rt_interrupt_enter  irq.o
    0x080029d0   0x080029d0   0x0000001c   Code   RO         2094    i.rt_interrupt_leave  irq.o
    0x080029ec   0x080029ec   0x0000002c   Code   RO         2125    i.rt_kprintf        kservice.o
    0x08002a18   0x08002a18   0x0000000e   Code   RO         2558    i.rt_list_insert_after  timer.o
    0x08002a26   0x08002a26   0x00000012   Code   RO         2758    i.rt_list_len       cmd.o
    0x08002a38   0x08002a38   0x00000012   Code   RO         2454    i.rt_list_remove    thread.o
    0x08002a4a   0x08002a4a   0x00000012   Code   RO         2559    i.rt_list_remove    timer.o
    0x08002a5c   0x08002a5c   0x0000004a   Code   RO         2128    i.rt_memcpy         kservice.o
    0x08002aa6   0x08002aa6   0x00000002   PAD
    0x08002aa8   0x08002aa8   0x00000032   Code   RO         2129    i.rt_memmove        kservice.o
    0x08002ada   0x08002ada   0x00000002   PAD
    0x08002adc   0x08002adc   0x00000046   Code   RO         2130    i.rt_memset         kservice.o
    0x08002b22   0x08002b22   0x00000024   Code   RO         2313    i.rt_object_detach  object.o
    0x08002b46   0x08002b46   0x00000002   PAD
    0x08002b48   0x08002b48   0x00000024   Code   RO         2315    i.rt_object_get_information  object.o
    0x08002b6c   0x08002b6c   0x00000052   Code   RO         2319    i.rt_object_init    object.o
    0x08002bbe   0x08002bbe   0x0000000e   Code   RO         2320    i.rt_object_is_systemobject  object.o
    0x08002bcc   0x08002bcc   0x000000b8   Code   RO         2373    i.rt_schedule       scheduler.o
    0x08002c84   0x08002c84   0x00000074   Code   RO         2374    i.rt_schedule_insert_thread  scheduler.o
    0x08002cf8   0x08002cf8   0x00000048   Code   RO         2375    i.rt_schedule_remove_thread  scheduler.o
    0x08002d40   0x08002d40   0x00000024   Code   RO         2041    i.rt_sem_init       ipc.o
    0x08002d64   0x08002d64   0x000000c4   Code   RO         2132    i.rt_show_version   kservice.o
    0x08002e28   0x08002e28   0x00000012   Code   RO         2134    i.rt_sprintf        kservice.o
    0x08002e3a   0x08002e3a   0x00000002   PAD
    0x08002e3c   0x08002e3c   0x0000001c   Code   RO         2138    i.rt_strerror       kservice.o
    0x08002e58   0x08002e58   0x00000010   Code   RO         2139    i.rt_strlen         kservice.o
    0x08002e68   0x08002e68   0x00000026   Code   RO         2141    i.rt_strncpy        kservice.o
    0x08002e8e   0x08002e8e   0x00000002   PAD
    0x08002e90   0x08002e90   0x00000028   Code   RO         2376    i.rt_system_scheduler_init  scheduler.o
    0x08002eb8   0x08002eb8   0x00000028   Code   RO         2377    i.rt_system_scheduler_start  scheduler.o
    0x08002ee0   0x08002ee0   0x0000000c   Code   RO         2560    i.rt_system_timer_init  timer.o
    0x08002eec   0x08002eec   0x00000002   Code   RO         2561    i.rt_system_timer_thread_init  timer.o
    0x08002eee   0x08002eee   0x00000002   PAD
    0x08002ef0   0x08002ef0   0x00000030   Code   RO         1996    i.rt_thread_defunct_dequeue  idle.o
    0x08002f20   0x08002f20   0x00000018   Code   RO         1997    i.rt_thread_defunct_enqueue  idle.o
    0x08002f38   0x08002f38   0x00000022   Code   RO         1998    i.rt_thread_idle_entry  idle.o
    0x08002f5a   0x08002f5a   0x00000002   PAD
    0x08002f5c   0x08002f5c   0x00000044   Code   RO         2000    i.rt_thread_idle_init  idle.o
    0x08002fa0   0x08002fa0   0x00000030   Code   RO         2460    i.rt_thread_init    thread.o
    0x08002fd0   0x08002fd0   0x0000000e   Code   RO         2461    i.rt_thread_mdelay  thread.o
    0x08002fde   0x08002fde   0x0000003c   Code   RO         2462    i.rt_thread_resume  thread.o
    0x0800301a   0x0800301a   0x00000002   PAD
    0x0800301c   0x0800301c   0x0000000c   Code   RO         2463    i.rt_thread_self    thread.o
    0x08003028   0x08003028   0x00000044   Code   RO         2464    i.rt_thread_sleep   thread.o
    0x0800306c   0x0800306c   0x00000028   Code   RO         2465    i.rt_thread_startup  thread.o
    0x08003094   0x08003094   0x00000046   Code   RO         2466    i.rt_thread_suspend  thread.o
    0x080030da   0x080030da   0x00000032   Code   RO         1880    i.rt_tick_from_millisecond  clock.o
    0x0800310c   0x0800310c   0x0000000c   Code   RO         1881    i.rt_tick_get       clock.o
    0x08003118   0x08003118   0x00000048   Code   RO         1883    i.rt_tick_increase  clock.o
    0x08003160   0x08003160   0x0000008c   Code   RO         2562    i.rt_timer_check    timer.o
    0x080031ec   0x080031ec   0x0000004c   Code   RO         2563    i.rt_timer_control  timer.o
    0x08003238   0x08003238   0x00000028   Code   RO         2564    i.rt_timer_detach   timer.o
    0x08003260   0x08003260   0x00000030   Code   RO         2565    i.rt_timer_init     timer.o
    0x08003290   0x08003290   0x00000084   Code   RO         2567    i.rt_timer_start    timer.o
    0x08003314   0x08003314   0x0000002e   Code   RO         2568    i.rt_timer_stop     timer.o
    0x08003342   0x08003342   0x00000002   PAD
    0x08003344   0x08003344   0x00000284   Code   RO         2144    i.rt_vsnprintf      kservice.o
    0x080035c8   0x080035c8   0x00000010   Code   RO         2145    i.rt_vsprintf       kservice.o
    0x080035d8   0x080035d8   0x00000004   Code   RO         1926    i.rti_board_end     components.o
    0x080035dc   0x080035dc   0x00000004   Code   RO         1927    i.rti_board_start   components.o
    0x080035e0   0x080035e0   0x00000004   Code   RO         1928    i.rti_end           components.o
    0x080035e4   0x080035e4   0x00000004   Code   RO         1929    i.rti_start         components.o
    0x080035e8   0x080035e8   0x0000002a   Code   RO         1930    i.rtthread_startup  components.o
    0x08003612   0x08003612   0x00000028   Code   RO         2146    i.skip_atoi         kservice.o
    0x0800363a   0x0800363a   0x00000002   PAD
    0x0800363c   0x0800363c   0x00000034   Code   RO         2706    i.uart_init         board.o
    0x08003670   0x08003670   0x000000d0   Code   RO         2645    i.usage_fault_track  cpuport.o
    0x08003740   0x08003740   0x0000000a   Code   RO         2759    i.version           cmd.o
    0x0800374a   0x0800374a   0x0000000a   Code   RO         3107    x$fpl$fpinit        fz_wm.l(fpinit.o)
    0x08003754   0x08003754   0x00000010   Data   RO         1843    .constdata          system_stm32f4xx.o
    0x08003764   0x08003764   0x00000008   Data   RO         1844    .constdata          system_stm32f4xx.o
    0x0800376c   0x0800376c   0x00000122   Data   RO         2148    .constdata          kservice.o
    0x0800388e   0x0800388e   0x00000002   PAD
    0x08003890   0x08003890   0x00000058   Data   RO         2149    .conststring        kservice.o
    0x080038e8   0x080038e8   0x00000044   Data   RO         2760    .conststring        cmd.o
    0x0800392c   0x0800392c   0x00000006   Data   RO         2761    .rodata.name        cmd.o
    0x08003932   0x08003932   0x0000001a   Data   RO         2762    .rodata.name        cmd.o
    0x0800394c   0x0800394c   0x00000008   Data   RO         2763    .rodata.name        cmd.o
    0x08003954   0x08003954   0x00000023   Data   RO         2764    .rodata.name        cmd.o
    0x08003977   0x08003977   0x0000000c   Data   RO         2765    .rodata.name        cmd.o
    0x08003983   0x08003983   0x0000000c   Data   RO         2766    .rodata.name        cmd.o
    0x0800398f   0x0800398f   0x00000009   Data   RO         2767    .rodata.name        cmd.o
    0x08003998   0x08003998   0x00000019   Data   RO         2768    .rodata.name        cmd.o
    0x080039b1   0x080039b1   0x0000000b   Data   RO         2769    .rodata.name        cmd.o
    0x080039bc   0x080039bc   0x00000015   Data   RO         2770    .rodata.name        cmd.o
    0x080039d1   0x080039d1   0x00000005   Data   RO         2771    .rodata.name        cmd.o
    0x080039d6   0x080039d6   0x0000000d   Data   RO         2772    .rodata.name        cmd.o
    0x080039e3   0x080039e3   0x00000005   Data   RO         2835    .rodata.name        msh.o
    0x080039e8   0x080039e8   0x00000016   Data   RO         2836    .rodata.name        msh.o
    0x080039fe   0x080039fe   0x00000002   PAD
    0x08003a00   0x08003a00   0x00000004   Data   RO         1932    .rti_fn.0           components.o
    0x08003a04   0x08003a04   0x00000004   Data   RO         1933    .rti_fn.0.end       components.o
    0x08003a08   0x08003a08   0x00000004   Data   RO         2708    .rti_fn.1           board.o
    0x08003a0c   0x08003a0c   0x00000004   Data   RO         1934    .rti_fn.1.end       components.o
    0x08003a10   0x08003a10   0x00000004   Data   RO         2919    .rti_fn.6           shell.o
    0x08003a14   0x08003a14   0x00000004   Data   RO         1935    .rti_fn.6.end       components.o
    0x08003a18   0x08003a18   0x00000048   Data   RO         2773    FSymTab             cmd.o
    0x08003a60   0x08003a60   0x0000000c   Data   RO         2837    FSymTab             msh.o
    0x08003a6c   0x08003a6c   0x00000020   Data   RO         3186    Region$$Table       anon$$obj.o


    Execution Region RW_IRAM1 (Exec base: 0x20000000, Load base: 0x08003a8c, Size: 0x00001408, Max: 0x0001c000, ABSOLUTE)

    Exec Addr    Load Addr    Size         Type   Attr      Idx    E Section Name        Object

    0x20000000   0x08003a8c   0x0000000c   Data   RW         1217    .data               stm32f4xx_hal.o
    0x2000000c   0x08003a98   0x00000004   Data   RW         1845    .data               system_stm32f4xx.o
    0x20000010   0x08003a9c   0x00000004   Data   RW         1885    .data               clock.o
    0x20000014   0x08003aa0   0x00000008   Data   RW         2002    .data               idle.o
    0x2000001c   0x08003aa8   0x00000001   Data   RW         2095    .data               irq.o
    0x2000001d   0x08003aa9   0x00000003   PAD
    0x20000020   0x08003aac   0x00000034   Data   RW         2150    .data               kservice.o
    0x20000054   0x08003ae0   0x00000030   Data   RW         2321    .data               object.o
    0x20000084   0x08003b10   0x0000000c   Data   RW         2379    .data               scheduler.o
    0x20000090   0x08003b1c   0x0000000c   Data   RW         2569    .data               timer.o
    0x2000009c   0x08003b28   0x00000004   Data   RW         2646    .data               cpuport.o
    0x200000a0   0x08003b2c   0x00000004   Data   RW         2647    .data               cpuport.o
    0x200000a4   0x08003b30   0x00000004   Data   RW         2648    .data               cpuport.o
    0x200000a8   0x08003b34   0x00000004   Data   RW         2649    .data               cpuport.o
    0x200000ac   0x08003b38   0x00000010   Data   RW         2918    .data               shell.o
    0x200000bc        -       0x00000044   Zero   RW          202    .bss                usart.o
    0x20000100        -       0x00000478   Zero   RW         1931    .bss                components.o
    0x20000578        -       0x000000f8   Zero   RW         2001    .bss                idle.o
    0x20000670        -       0x00000080   Zero   RW         2147    .bss                kservice.o
    0x200006f0        -       0x00000100   Zero   RW         2378    .bss                scheduler.o
    0x200007f0        -       0x00000044   Zero   RW         2707    .bss                board.o
    0x20000834        -       0x00000574   Zero   RW         2917    .bss                shell.o
    0x20000da8        -       0x00000060   Zero   RW         3027    .bss                c_w.l(libspace.o)
    0x20000e08        -       0x00000200   Zero   RW            2    HEAP                startup_stm32f407xx.o
    0x20001008        -       0x00000400   Zero   RW            1    STACK               startup_stm32f407xx.o


    Execution Region RW_IRAM2 (Exec base: 0x2001c000, Load base: 0x08003b48, Size: 0x00000000, Max: 0x00004000, ABSOLUTE)

    **** No section assigned to this execution region ****


==============================================================================

Image component sizes


      Code (inc. data)   RO Data    RW Data    ZI Data      Debug   Object Name

       220         22          4          0         68       4194   board.o
       134         10          0          4          0       2644   clock.o
      1602        662        323          0          0      13228   cmd.o
       198         32         16          0       1144       6904   components.o
       316         28          0          0          0        904   context_rvds.o
      1368        736          0         16          0       7086   cpuport.o
        28          6          0          0          0        791   gpio.o
       174         26          0          8        248       6318   idle.o
        36          0          0          0          0       4522   ipc.o
        56         12          0          1          0       2010   irq.o
      1606        184        378         52        128      14966   kservice.o
       188         34          0          0          0     666750   main.o
       680        134         39          0          0       7034   msh.o
       168          6          0         48          0       4496   object.o
       572         58          0         12        256      10008   scheduler.o
       864        106          4         16       1396       6683   shell.o
        64         26        392          0       1536        856   startup_stm32f407xx.o
       128         20          0         12          0       8339   stm32f4xx_hal.o
       172         14          0          0          0      33330   stm32f4xx_hal_cortex.o
       496         46          0          0          0       1556   stm32f4xx_hal_gpio.o
        48          6          0          0          0        882   stm32f4xx_hal_msp.o
      1360         82          0          0          0       5808   stm32f4xx_hal_rcc.o
       664         10          0          0          0       4264   stm32f4xx_hal_uart.o
        10          0          0          0          0       2385   stm32f4xx_it.o
       140         24         24          4          0       1923   system_stm32f4xx.o
       546         28          0          0          0      11014   thread.o
       534         20          0         12          0      11772   timer.o
       164         22          0          0         68       1770   usart.o

    ----------------------------------------------------------------------
     12572       2354       1216        188       4844     842437   Object Totals
         0          0         32          0          0          0   (incl. Generated)
        36          0          4          3          0          0   (incl. Padding)

    ----------------------------------------------------------------------

      Code (inc. data)   RO Data    RW Data    ZI Data      Debug   Library Member Name

         8          0          0          0          0         68   __main.o
         0          0          0          0          0          0   __rtentry.o
        12          0          0          0          0          0   __rtentry2.o
         6          0          0          0          0          0   __rtentry4.o
        52          8          0          0          0          0   __scatter.o
        26          0          0          0          0          0   __scatter_copy.o
        28          0          0          0          0          0   __scatter_zi.o
        18          0          0          0          0         80   exit.o
         6          0          0          0          0        152   heapauxi.o
         0          0          0          0          0          0   indicate_semi.o
         2          0          0          0          0          0   libinit.o
         6          0          0          0          0          0   libinit2.o
         2          0          0          0          0          0   libshutdown.o
         2          0          0          0          0          0   libshutdown2.o
         8          4          0          0         96         68   libspace.o
       238          0          0          0          0        100   lludivv7m.o
        68          0          0          0          0         68   rt_memclr.o
        78          0          0          0          0         80   rt_memclr_w.o
         2          0          0          0          0          0   rtexit.o
        10          0          0          0          0          0   rtexit2.o
        24          0          0          0          0         68   strcat.o
       128          0          0          0          0         68   strcmpv7m.o
        72          0          0          0          0         80   strcpy.o
        62          0          0          0          0         76   strlen.o
       150          0          0          0          0         80   strncmp.o
        86          0          0          0          0         76   strncpy.o
        12          4          0          0          0         68   sys_exit.o
        74          0          0          0          0         80   sys_stackheap_outer.o
         2          0          0          0          0         68   use_no_semi.o
        10          0          0          0          0        116   fpinit.o

    ----------------------------------------------------------------------
      1200         16          0          0         96       1396   Library Totals
         8          0          0          0          0          0   (incl. Padding)

    ----------------------------------------------------------------------

      Code (inc. data)   RO Data    RW Data    ZI Data      Debug   Library Name

      1182         16          0          0         96       1280   c_w.l
        10          0          0          0          0        116   fz_wm.l

    ----------------------------------------------------------------------
      1200         16          0          0         96       1396   Library Totals

    ----------------------------------------------------------------------

==============================================================================


      Code (inc. data)   RO Data    RW Data    ZI Data      Debug   

     13772       2370       1216        188       4940     830809   Grand Totals
     13772       2370       1216        188       4940     830809   ELF Image Totals
     13772       2370       1216        188          0          0   ROM Totals

==============================================================================

    Total RO  Size (Code + RO Data)                14988 (  14.64kB)
    Total RW  Size (RW Data + ZI Data)              5128 (   5.01kB)
    Total ROM Size (Code + RO Data + RW Data)      15176 (  14.82kB)

==============================================================================

