Component: ARM Compiler 5.06 update 7 (build 960) Tool: armlink [4d3601]

==============================================================================

Section Cross References

    startup_stm32f407xx.o(STACK) refers (Special) to heapauxi.o(.text) for __use_two_region_memory
    startup_stm32f407xx.o(HEAP) refers (Special) to heapauxi.o(.text) for __use_two_region_memory
    startup_stm32f407xx.o(RESET) refers (Special) to heapauxi.o(.text) for __use_two_region_memory
    startup_stm32f407xx.o(RESET) refers to startup_stm32f407xx.o(STACK) for __initial_sp
    startup_stm32f407xx.o(RESET) refers to startup_stm32f407xx.o(.text) for Reset_Handler
    startup_stm32f407xx.o(RESET) refers to stm32f4xx_it.o(i.NMI_Handler) for NMI_Handler
    startup_stm32f407xx.o(RESET) refers to context_rvds.o(.text) for HardFault_Handler
    startup_stm32f407xx.o(RESET) refers to stm32f4xx_it.o(i.MemManage_Handler) for MemManage_Handler
    startup_stm32f407xx.o(RESET) refers to stm32f4xx_it.o(i.BusFault_Handler) for BusFault_Handler
    startup_stm32f407xx.o(RESET) refers to stm32f4xx_it.o(i.UsageFault_Handler) for UsageFault_Handler
    startup_stm32f407xx.o(RESET) refers to stm32f4xx_it.o(i.DebugMon_Handler) for DebugMon_Handler
    startup_stm32f407xx.o(RESET) refers to board.o(i.SysTick_Handler) for SysTick_Handler
    startup_stm32f407xx.o(.text) refers (Special) to heapauxi.o(.text) for __use_two_region_memory
    startup_stm32f407xx.o(.text) refers to system_stm32f4xx.o(i.SystemInit) for SystemInit
    startup_stm32f407xx.o(.text) refers to __main.o(!!!main) for __main
    startup_stm32f407xx.o(.text) refers to startup_stm32f407xx.o(HEAP) for Heap_Mem
    startup_stm32f407xx.o(.text) refers to startup_stm32f407xx.o(STACK) for Stack_Mem
    main.o(i.SystemClock_Config) refers to rt_memclr_w.o(.text) for __aeabi_memclr4
    main.o(i.SystemClock_Config) refers to stm32f4xx_hal_rcc.o(i.HAL_RCC_OscConfig) for HAL_RCC_OscConfig
    main.o(i.SystemClock_Config) refers to stm32f4xx_hal_rcc.o(i.HAL_RCC_ClockConfig) for HAL_RCC_ClockConfig
    main.o(i.main) refers to stm32f4xx_hal.o(i.HAL_Init) for HAL_Init
    main.o(i.main) refers to main.o(i.SystemClock_Config) for SystemClock_Config
    main.o(i.main) refers to gpio.o(i.MX_GPIO_Init) for MX_GPIO_Init
    main.o(i.main) refers to stm32f4xx_hal_gpio.o(i.HAL_GPIO_WritePin) for HAL_GPIO_WritePin
    main.o(i.main) refers to thread.o(i.rt_thread_mdelay) for rt_thread_mdelay
    gpio.o(i.MX_GPIO_Init) refers to rt_memclr_w.o(.text) for __aeabi_memclr4
    gpio.o(i.MX_GPIO_Init) refers to stm32f4xx_hal_gpio.o(i.HAL_GPIO_WritePin) for HAL_GPIO_WritePin
    gpio.o(i.MX_GPIO_Init) refers to stm32f4xx_hal_gpio.o(i.HAL_GPIO_Init) for HAL_GPIO_Init
    stm32f4xx_hal_rcc.o(i.HAL_RCC_ClockConfig) refers to stm32f4xx_hal.o(i.HAL_GetTick) for HAL_GetTick
    stm32f4xx_hal_rcc.o(i.HAL_RCC_ClockConfig) refers to stm32f4xx_hal_rcc.o(i.HAL_RCC_GetSysClockFreq) for HAL_RCC_GetSysClockFreq
    stm32f4xx_hal_rcc.o(i.HAL_RCC_ClockConfig) refers to stm32f4xx_hal.o(i.HAL_InitTick) for HAL_InitTick
    stm32f4xx_hal_rcc.o(i.HAL_RCC_ClockConfig) refers to system_stm32f4xx.o(.constdata) for AHBPrescTable
    stm32f4xx_hal_rcc.o(i.HAL_RCC_ClockConfig) refers to system_stm32f4xx.o(.data) for SystemCoreClock
    stm32f4xx_hal_rcc.o(i.HAL_RCC_ClockConfig) refers to stm32f4xx_hal.o(.data) for uwTickPrio
    stm32f4xx_hal_rcc.o(i.HAL_RCC_GetHCLKFreq) refers to system_stm32f4xx.o(.data) for SystemCoreClock
    stm32f4xx_hal_rcc.o(i.HAL_RCC_GetPCLK1Freq) refers to system_stm32f4xx.o(.data) for SystemCoreClock
    stm32f4xx_hal_rcc.o(i.HAL_RCC_GetPCLK1Freq) refers to system_stm32f4xx.o(.constdata) for APBPrescTable
    stm32f4xx_hal_rcc.o(i.HAL_RCC_GetPCLK2Freq) refers to system_stm32f4xx.o(.data) for SystemCoreClock
    stm32f4xx_hal_rcc.o(i.HAL_RCC_GetPCLK2Freq) refers to system_stm32f4xx.o(.constdata) for APBPrescTable
    stm32f4xx_hal_rcc.o(i.HAL_RCC_GetSysClockFreq) refers to lludivv7m.o(.text) for __aeabi_uldivmod
    stm32f4xx_hal_rcc.o(i.HAL_RCC_MCOConfig) refers to stm32f4xx_hal_gpio.o(i.HAL_GPIO_Init) for HAL_GPIO_Init
    stm32f4xx_hal_rcc.o(i.HAL_RCC_NMI_IRQHandler) refers to stm32f4xx_hal_rcc.o(i.HAL_RCC_CSSCallback) for HAL_RCC_CSSCallback
    stm32f4xx_hal_rcc.o(i.HAL_RCC_OscConfig) refers to stm32f4xx_hal.o(i.HAL_GetTick) for HAL_GetTick
    stm32f4xx_hal_rcc_ex.o(i.HAL_RCCEx_DisablePLLI2S) refers to stm32f4xx_hal.o(i.HAL_GetTick) for HAL_GetTick
    stm32f4xx_hal_rcc_ex.o(i.HAL_RCCEx_EnablePLLI2S) refers to stm32f4xx_hal.o(i.HAL_GetTick) for HAL_GetTick
    stm32f4xx_hal_rcc_ex.o(i.HAL_RCCEx_PeriphCLKConfig) refers to stm32f4xx_hal.o(i.HAL_GetTick) for HAL_GetTick
    stm32f4xx_hal_rcc_ex.o(i.HAL_RCC_DeInit) refers to stm32f4xx_hal.o(i.HAL_GetTick) for HAL_GetTick
    stm32f4xx_hal_rcc_ex.o(i.HAL_RCC_DeInit) refers to stm32f4xx_hal.o(i.HAL_InitTick) for HAL_InitTick
    stm32f4xx_hal_rcc_ex.o(i.HAL_RCC_DeInit) refers to system_stm32f4xx.o(.data) for SystemCoreClock
[...]
    Removing ipc.o(i._ipc_list_resume_all), (44 bytes).
    Removing ipc.o(i.rt_list_insert_before), (14 bytes).
    Removing ipc.o(i.rt_sem_control), (46 bytes).
    Removing ipc.o(i.rt_sem_detach), (20 bytes).
    Removing ipc.o(i.rt_sem_init), (36 bytes).
    Removing ipc.o(i.rt_sem_release), (74 bytes).
    Removing ipc.o(i.rt_sem_take), (174 bytes).
    Removing ipc.o(i.rt_sem_trytake), (6 bytes).
    Removing irq.o(i.rt_interrupt_get_nest), (24 bytes).
    Removing kservice.o(i._rt_errno), (28 bytes).
    Removing kservice.o(i.rt_get_errno), (28 bytes).
    Removing kservice.o(i.rt_hw_us_delay), (2 bytes).
    Removing kservice.o(i.rt_memcmp), (28 bytes).
    Removing kservice.o(i.rt_memcpy), (74 bytes).
    Removing kservice.o(i.rt_memmove), (50 bytes).
    Removing kservice.o(i.rt_set_errno), (32 bytes).
    Removing kservice.o(i.rt_snprintf), (18 bytes).
    Removing kservice.o(i.rt_strcasecmp), (44 bytes).
    Removing kservice.o(i.rt_strcmp), (24 bytes).
    Removing kservice.o(i.rt_strcpy), (24 bytes).
    Removing kservice.o(i.rt_strerror), (28 bytes).
    Removing kservice.o(i.rt_strlen), (16 bytes).
    Removing kservice.o(i.rt_strncmp), (32 bytes).
    Removing kservice.o(i.rt_strnlen), (20 bytes).
    Removing kservice.o(i.rt_strstr), (54 bytes).
    Removing kservice.o(.conststring), (88 bytes).
    Removing kservice.o(.data), (52 bytes).
    Removing object.o(i.rt_object_find), (72 bytes).
    Removing object.o(i.rt_object_get_length), (46 bytes).
    Removing object.o(i.rt_object_get_pointers), (70 bytes).
    Removing object.o(i.rt_object_get_type), (8 bytes).
    Removing scheduler.o(i.rt_critical_level), (12 bytes).
    Removing thread.o(i.rt_thread_control), (116 bytes).
    Removing thread.o(i.rt_thread_delay), (4 bytes).
    Removing thread.o(i.rt_thread_delay_until), (108 bytes).
    Removing thread.o(i.rt_thread_detach), (62 bytes).
    Removing thread.o(i.rt_thread_find), (6 bytes).
    Removing thread.o(i.rt_thread_yield), (44 bytes).
    Removing timer.o(i.rt_timer_next_timeout_tick), (32 bytes).
    Removing cpuport.o(i.rt_hw_cpu_reset), (16 bytes).
    Removing cpuport.o(i.rt_hw_cpu_shutdown), (2 bytes).
    Removing cpuport.o(i.rt_hw_exception_install), (12 bytes).
    Removing board.o(.rev16_text), (4 bytes).
    Removing board.o(.revsh_text), (4 bytes).
    Removing board.o(.rrx_text), (6 bytes).

248 unused section(s) (total 12072 bytes) removed from the image.

==============================================================================

Image Symbol Table

    Local Symbols

    Symbol Name                              Value     Ov Type        Size  Object(Section)

    ../Core/Src/gpio.c                       0x00000000   Number         0  gpio.o ABSOLUTE
    ../Core/Src/main.c                       0x00000000   Number         0  main.o ABSOLUTE
    ../Core/Src/stm32f4xx_hal_msp.c          0x00000000   Number         0  stm32f4xx_hal_msp.o ABSOLUTE
    ../Core/Src/stm32f4xx_it.c               0x00000000   Number         0  stm32f4xx_it.o ABSOLUTE
    ../Core/Src/system_stm32f4xx.c           0x00000000   Number         0  system_stm32f4xx.o ABSOLUTE
    ../Drivers/STM32F4xx_HAL_Driver/Src/stm32f4xx_hal.c 0x00000000   Number         0  stm32f4xx_hal.o ABSOLUTE
    ../Drivers/STM32F4xx_HAL_Driver/Src/stm32f4xx_hal_cortex.c 0x00000000   Number         0  stm32f4xx_hal_cortex.o ABSOLUTE
    ../Drivers/STM32F4xx_HAL_Driver/Src/stm32f4xx_hal_dma.c 0x00000000   Number         0  stm32f4xx_hal_dma.o ABSOLUTE
    ../Drivers/STM32F4xx_HAL_Driver/Src/stm32f4xx_hal_dma_ex.c 0x00000000   Number         0  stm32f4xx_hal_dma_ex.o ABSOLUTE
    ../Drivers/STM32F4xx_HAL_Driver/Src/stm32f4xx_hal_exti.c 0x00000000   Number         0  stm32f4xx_hal_exti.o ABSOLUTE
    ../Drivers/STM32F4xx_HAL_Driver/Src/stm32f4xx_hal_flash.c 0x00000000   Number         0  stm32f4xx_hal_flash.o ABSOLUTE
    ../Drivers/STM32F4xx_HAL_Driver/Src/stm32f4xx_hal_flash_ex.c 0x00000000   Number         0  stm32f4xx_hal_flash_ex.o ABSOLUTE
    ../Drivers/STM32F4xx_HAL_Driver/Src/stm32f4xx_hal_flash_ramfunc.c 0x00000000   Number         0  stm32f4xx_hal_flash_ramfunc.o ABSOLUTE
    ../Drivers/STM32F4xx_HAL_Driver/Src/stm32f4xx_hal_gpio.c 0x00000000   Number         0  stm32f4xx_hal_gpio.o ABSOLUTE
    ../Drivers/STM32F4xx_HAL_Driver/Src/stm32f4xx_hal_pwr.c 0x00000000   Number         0  stm32f4xx_hal_pwr.o ABSOLUTE
    ../Drivers/STM32F4xx_HAL_Driver/Src/stm32f4xx_hal_pwr_ex.c 0x00000000   Number         0  stm32f4xx_hal_pwr_ex.o ABSOLUTE
    ../Drivers/STM32F4xx_HAL_Driver/Src/stm32f4xx_hal_rcc.c 0x00000000   Number         0  stm32f4xx_hal_rcc.o ABSOLUTE
    ../Drivers/STM32F4xx_HAL_Driver/Src/stm32f4xx_hal_rcc_ex.c 0x00000000   Number         0  stm32f4xx_hal_rcc_ex.o ABSOLUTE
    ../Drivers/STM32F4xx_HAL_Driver/Src/stm32f4xx_hal_tim.c 0x00000000   Number         0  stm32f4xx_hal_tim.o ABSOLUTE
    ../Drivers/STM32F4xx_HAL_Driver/Src/stm32f4xx_hal_tim_ex.c 0x00000000   Number         0  stm32f4xx_hal_tim_ex.o ABSOLUTE
    ../Middlewares/Third_Party/RealThread_RTOS/bsp/_template/cubemx_config/board.c 0x00000000   Number         0  board.o ABSOLUTE
    ../Middlewares/Third_Party/RealThread_RTOS/libcpu/arm/cortex-m4/context_rvds.S 0x00000000   Number         0  context_rvds.o ABSOLUTE
    ../Middlewares/Third_Party/RealThread_RTOS/libcpu/arm/cortex-m4/cpuport.c 0x00000000   Number         0  cpuport.o ABSOLUTE
    ../Middlewares/Third_Party/RealThread_RTOS/src/clock.c 0x00000000   Number         0  clock.o ABSOLUTE
    ../Middlewares/Third_Party/RealThread_RTOS/src/components.c 0x00000000   Number         0  components.o ABSOLUTE
    ../Middlewares/Third_Party/RealThread_RTOS/src/cpu.c 0x00000000   Number         0  cpu.o ABSOLUTE
    ../Middlewares/Third_Party/RealThread_RTOS/src/idle.c 0x00000000   Number         0  idle.o ABSOLUTE
    ../Middlewares/Third_Party/RealThread_RTOS/src/ipc.c 0x00000000   Number         0  ipc.o ABSOLUTE
    ../Middlewares/Third_Party/RealThread_RTOS/src/irq.c 0x00000000   Number         0  irq.o ABSOLUTE
    ../Middlewares/Third_Party/RealThread_RTOS/src/kservice.c 0x00000000   Number         0  kservice.o ABSOLUTE
    ../Middlewares/Third_Party/RealThread_RTOS/src/mem.c 0x00000000   Number         0  mem.o ABSOLUTE
    ../Middlewares/Third_Party/RealThread_RTOS/src/memheap.c 0x00000000   Number         0  memheap.o ABSOLUTE
    ../Middlewares/Third_Party/RealThread_RTOS/src/mempool.c 0x00000000   Number         0  mempool.o ABSOLUTE
    ../Middlewares/Third_Party/RealThread_RTOS/src/object.c 0x00000000   Number         0  object.o ABSOLUTE
    ../Middlewares/Third_Party/RealThread_RTOS/src/scheduler.c 0x00000000   Number         0  scheduler.o ABSOLUTE
    ../Middlewares/Third_Party/RealThread_RTOS/src/signal.c 0x00000000   Number         0  signal.o ABSOLUTE
    ../Middlewares/Third_Party/RealThread_RTOS/src/slab.c 0x00000000   Number         0  slab.o ABSOLUTE
    ../Middlewares/Third_Party/RealThread_RTOS/src/thread.c 0x00000000   Number         0  thread.o ABSOLUTE
    ../Middlewares/Third_Party/RealThread_RTOS/src/timer.c 0x00000000   Number         0  timer.o ABSOLUTE
    ../clib/angel/boardlib.s                 0x00000000   Number         0  boardinit3.o ABSOLUTE
    ../clib/angel/boardlib.s                 0x00000000   Number         0  boardinit2.o ABSOLUTE
    ../clib/angel/boardlib.s                 0x00000000   Number         0  boardinit1.o ABSOLUTE
    ../clib/angel/boardlib.s                 0x00000000   Number         0  boardshut.o ABSOLUTE
    ../clib/angel/handlers.s                 0x00000000   Number         0  __scatter_copy.o ABSOLUTE
    ../clib/angel/handlers.s                 0x00000000   Number         0  __scatter_zi.o ABSOLUTE
    ../clib/angel/kernel.s                   0x00000000   Number         0  __rtentry4.o ABSOLUTE
    ../clib/angel/kernel.s                   0x00000000   Number         0  rtexit2.o ABSOLUTE
    ../clib/angel/kernel.s                   0x00000000   Number         0  __rtentry2.o ABSOLUTE
    ../clib/angel/kernel.s                   0x00000000   Number         0  rtexit.o ABSOLUTE
    ../clib/angel/kernel.s                   0x00000000   Number         0  __rtentry.o ABSOLUTE
    ../clib/angel/rt.s                       0x00000000   Number         0  aeabi_ldiv0_sigfpe.o ABSOLUTE
    ../clib/angel/rt.s                       0x00000000   Number         0  rt_div0.o ABSOLUTE
    ../clib/angel/rt.s                       0x00000000   Number         0  rt_raise.o ABSOLUTE
    ../clib/angel/rt.s                       0x00000000   Number         0  aeabi_ldiv0.o ABSOLUTE
    ../clib/angel/scatter.s                  0x00000000   Number         0  __scatter.o ABSOLUTE
    ../clib/angel/startup.s                  0x00000000   Number         0  __main.o ABSOLUTE
    ../clib/angel/sys.s                      0x00000000   Number         0  libspace.o ABSOLUTE
    ../clib/angel/sys.s                      0x00000000   Number         0  sys_stackheap_outer.o ABSOLUTE
    ../clib/angel/sys.s                      0x00000000   Number         0  use_no_semi.o ABSOLUTE
    ../clib/angel/sys.s                      0x00000000   Number         0  indicate_semi.o ABSOLUTE
    ../clib/angel/sysapp.c                   0x00000000   Number         0  sys_wrch.o ABSOLUTE
    ../clib/angel/sysapp.c                   0x00000000   Number         0  sys_command.o ABSOLUTE
    ../clib/angel/sysapp.c                   0x00000000   Number         0  sys_exit.o ABSOLUTE
    ../clib/armsys.c                         0x00000000   Number         0  _get_argv_nomalloc.o ABSOLUTE
    ../clib/armsys.c                         0x00000000   Number         0  argv_veneer.o ABSOLUTE
    ../clib/armsys.c                         0x00000000   Number         0  no_argv.o ABSOLUTE
    ../clib/armsys.c                         0x00000000   Number         0  argv_veneer.o ABSOLUTE
    ../clib/heapalloc.c                      0x00000000   Number         0  hrguard.o ABSOLUTE
    ../clib/heapaux.c                        0x00000000   Number         0  heapauxi.o ABSOLUTE
    ../clib/libinit.s                        0x00000000   Number         0  libinit2.o ABSOLUTE
    ../clib/libinit.s                        0x00000000   Number         0  libshutdown.o ABSOLUTE
    ../clib/libinit.s                        0x00000000   Number         0  libinit.o ABSOLUTE
    ../clib/libinit.s                        0x00000000   Number         0  libshutdown2.o ABSOLUTE
    ../clib/longlong.s                       0x00000000   Number         0  lludivv7m.o ABSOLUTE
    ../clib/memcpset.s                       0x00000000   Number         0  rt_memclr_w.o ABSOLUTE
    ../clib/signal.c                         0x00000000   Number         0  defsig_general.o ABSOLUTE
    ../clib/signal.c                         0x00000000   Number         0  __raise.o ABSOLUTE
    ../clib/signal.c                         0x00000000   Number         0  defsig_fpe_inner.o ABSOLUTE
    ../clib/signal.c                         0x00000000   Number         0  defsig_exit.o ABSOLUTE
    ../clib/signal.c                         0x00000000   Number         0  defsig_rtmem_outer.o ABSOLUTE
    ../clib/signal.c                         0x00000000   Number         0  defsig_fpe_outer.o ABSOLUTE
    ../clib/signal.c                         0x00000000   Number         0  defsig_stak_inner.o ABSOLUTE
    ../clib/signal.c                         0x00000000   Number         0  defsig_pvfn_inner.o ABSOLUTE
    ../clib/signal.c                         0x00000000   Number         0  defsig_cppl_inner.o ABSOLUTE
    ../clib/signal.c                         0x00000000   Number         0  defsig_segv_inner.o ABSOLUTE
    ../clib/signal.c                         0x00000000   Number         0  defsig_other.o ABSOLUTE
    ../clib/signal.c                         0x00000000   Number         0  defsig_rtmem_inner.o ABSOLUTE
    ../clib/signal.c                         0x00000000   Number         0  defsig_rtred_inner.o ABSOLUTE
    ../clib/signal.c                         0x00000000   Number         0  defsig_abrt_inner.o ABSOLUTE
    ../clib/signal.c                         0x00000000   Number         0  defsig_rtmem_formal.o ABSOLUTE
    ../clib/signal.c                         0x00000000   Number         0  defsig_fpe_formal.o ABSOLUTE
    ../clib/signal.s                         0x00000000   Number         0  defsig.o ABSOLUTE
    ../clib/stdlib.c                         0x00000000   Number         0  exit.o ABSOLUTE
    ../fplib/fpinit.s                        0x00000000   Number         0  fpinit.o ABSOLUTE
    ..\Core\Src\gpio.c                       0x00000000   Number         0  gpio.o ABSOLUTE
    ..\Core\Src\main.c                       0x00000000   Number         0  main.o ABSOLUTE
    ..\Core\Src\stm32f4xx_hal_msp.c          0x00000000   Number         0  stm32f4xx_hal_msp.o ABSOLUTE
    ..\Core\Src\stm32f4xx_it.c               0x00000000   Number         0  stm32f4xx_it.o ABSOLUTE
    ..\Core\Src\system_stm32f4xx.c           0x00000000   Number         0  system_stm32f4xx.o ABSOLUTE
    ..\Drivers\STM32F4xx_HAL_Driver\Src\stm32f4xx_hal.c 0x00000000   Number         0  stm32f4xx_hal.o ABSOLUTE
    ..\Drivers\STM32F4xx_HAL_Driver\Src\stm32f4xx_hal_cortex.c 0x00000000   Number         0  stm32f4xx_hal_cortex.o ABSOLUTE
    ..\Drivers\STM32F4xx_HAL_Driver\Src\stm32f4xx_hal_dma.c 0x00000000   Number         0  stm32f4xx_hal_dma.o ABSOLUTE
    ..\Drivers\STM32F4xx_HAL_Driver\Src\stm32f4xx_hal_dma_ex.c 0x00000000   Number         0  stm32f4xx_hal_dma_ex.o ABSOLUTE
    ..\Drivers\STM32F4xx_HAL_Driver\Src\stm32f4xx_hal_exti.c 0x00000000   Number         0  stm32f4xx_hal_exti.o ABSOLUTE
    ..\Drivers\STM32F4xx_HAL_Driver\Src\stm32f4xx_hal_flash.c 0x00000000   Number         0  stm32f4xx_hal_flash.o ABSOLUTE
    ..\Drivers\STM32F4xx_HAL_Driver\Src\stm32f4xx_hal_flash_ex.c 0x00000000   Number         0  stm32f4xx_hal_flash_ex.o ABSOLUTE
    ..\Drivers\STM32F4xx_HAL_Driver\Src\stm32f4xx_hal_flash_ramfunc.c 0x00000000   Number         0  stm32f4xx_hal_flash_ramfunc.o ABSOLUTE
    ..\Drivers\STM32F4xx_HAL_Driver\Src\stm32f4xx_hal_gpio.c 0x00000000   Number         0  stm32f4xx_hal_gpio.o ABSOLUTE
    ..\Drivers\STM32F4xx_HAL_Driver\Src\stm32f4xx_hal_pwr.c 0x00000000   Number         0  stm32f4xx_hal_pwr.o ABSOLUTE
    ..\Drivers\STM32F4xx_HAL_Driver\Src\stm32f4xx_hal_pwr_ex.c 0x00000000   Number         0  stm32f4xx_hal_pwr_ex.o ABSOLUTE
    ..\Drivers\STM32F4xx_HAL_Driver\Src\stm32f4xx_hal_rcc.c 0x00000000   Number         0  stm32f4xx_hal_rcc.o ABSOLUTE
    ..\Drivers\STM32F4xx_HAL_Driver\Src\stm32f4xx_hal_rcc_ex.c 0x00000000   Number         0  stm32f4xx_hal_rcc_ex.o ABSOLUTE
    ..\Drivers\STM32F4xx_HAL_Driver\Src\stm32f4xx_hal_tim.c 0x00000000   Number         0  stm32f4xx_hal_tim.o ABSOLUTE
    ..\Drivers\STM32F4xx_HAL_Driver\Src\stm32f4xx_hal_tim_ex.c 0x00000000   Number         0  stm32f4xx_hal_tim_ex.o ABSOLUTE
    ..\Middlewares\Third_Party\RealThread_RTOS\bsp\_template\cubemx_config\board.c 0x00000000   Number         0  board.o ABSOLUTE
    dc.s                                     0x00000000   Number         0  dc.o ABSOLUTE
    startup_stm32f407xx.s                    0x00000000   Number         0  startup_stm32f407xx.o ABSOLUTE
    RESET                                    0x08000000   Section      392  startup_stm32f407xx.o(RESET)
    !!!main                                  0x08000188   Section        8  __main.o(!!!main)
    !!!scatter                               0x08000190   Section       52  __scatter.o(!!!scatter)
    !!handler_copy                           0x080001c4   Section       26  __scatter_copy.o(!!handler_copy)
    !!handler_zi                             0x080001e0   Section       28  __scatter_zi.o(!!handler_zi)
    .ARM.Collect$$libinit$$00000000          0x080001fc   Section        2  libinit.o(.ARM.Collect$$libinit$$00000000)
    .ARM.Collect$$libinit$$00000001          0x080001fe   Section        4  libinit2.o(.ARM.Collect$$libinit$$00000001)
    .ARM.Collect$$libinit$$00000004          0x08000202   Section        0  libinit2.o(.ARM.Collect$$libinit$$00000004)
    .ARM.Collect$$libinit$$0000000A          0x08000202   Section        0  libinit2.o(.ARM.Collect$$libinit$$0000000A)
    .ARM.Collect$$libinit$$0000000C          0x08000202   Section        0  libinit2.o(.ARM.Collect$$libinit$$0000000C)
    .ARM.Collect$$libinit$$0000000E          0x08000202   Section        0  libinit2.o(.ARM.Collect$$libinit$$0000000E)
    .ARM.Collect$$libinit$$00000011          0x08000202   Section        0  libinit2.o(.ARM.Collect$$libinit$$00000011)
    .ARM.Collect$$libinit$$00000013          0x08000202   Section        0  libinit2.o(.ARM.Collect$$libinit$$00000013)
    .ARM.Collect$$libinit$$00000015          0x08000202   Section        0  libinit2.o(.ARM.Collect$$libinit$$00000015)
    .ARM.Collect$$libinit$$00000017          0x08000202   Section        0  libinit2.o(.ARM.Collect$$libinit$$00000017)
    .ARM.Collect$$libinit$$00000019          0x08000202   Section        0  libinit2.o(.ARM.Collect$$libinit$$00000019)
    .ARM.Collect$$libinit$$0000001B          0x08000202   Section        0  libinit2.o(.ARM.Collect$$libinit$$0000001B)
    .ARM.Collect$$libinit$$0000001D          0x08000202   Section        0  libinit2.o(.ARM.Collect$$libinit$$0000001D)
    .ARM.Collect$$libinit$$0000001F          0x08000202   Section        0  libinit2.o(.ARM.Collect$$libinit$$0000001F)
    .ARM.Collect$$libinit$$00000021          0x08000202   Section        0  libinit2.o(.ARM.Collect$$libinit$$00000021)
    .ARM.Collect$$libinit$$00000023          0x08000202   Section        0  libinit2.o(.ARM.Collect$$libinit$$00000023)
    .ARM.Collect$$libinit$$00000025          0x08000202   Section        0  libinit2.o(.ARM.Collect$$libinit$$00000025)
    .ARM.Collect$$libinit$$0000002C          0x08000202   Section        0  libinit2.o(.ARM.Collect$$libinit$$0000002C)
    .ARM.Collect$$libinit$$0000002E          0x08000202   Section        0  libinit2.o(.ARM.Collect$$libinit$$0000002E)
    .ARM.Collect$$libinit$$00000030          0x08000202   Section        0  libinit2.o(.ARM.Collect$$libinit$$00000030)
    .ARM.Collect$$libinit$$00000032          0x08000202   Section        0  libinit2.o(.ARM.Collect$$libinit$$00000032)
    .ARM.Collect$$libinit$$00000033          0x08000202   Section        2  libinit2.o(.ARM.Collect$$libinit$$00000033)
    .ARM.Collect$$libshutdown$$00000000      0x08000204   Section        2  libshutdown.o(.ARM.Collect$$libshutdown$$00000000)
    .ARM.Collect$$libshutdown$$00000002      0x08000206   Section        0  libshutdown2.o(.ARM.Collect$$libshutdown$$00000002)
    .ARM.Collect$$libshutdown$$00000004      0x08000206   Section        0  libshutdown2.o(.ARM.Collect$$libshutdown$$00000004)
    .ARM.Collect$$libshutdown$$00000006      0x08000206   Section        0  libshutdown2.o(.ARM.Collect$$libshutdown$$00000006)
    .ARM.Collect$$libshutdown$$00000009      0x08000206   Section        0  libshutdown2.o(.ARM.Collect$$libshutdown$$00000009)
    .ARM.Collect$$libshutdown$$0000000C      0x08000206   Section        0  libshutdown2.o(.ARM.Collect$$libshutdown$$0000000C)
    .ARM.Collect$$libshutdown$$0000000E      0x08000206   Section        0  libshutdown2.o(.ARM.Collect$$libshutdown$$0000000E)
    .ARM.Collect$$libshutdown$$00000011      0x08000206   Section        0  libshutdown2.o(.ARM.Collect$$libshutdown$$00000011)
    .ARM.Collect$$libshutdown$$00000012      0x08000206   Section        2  libshutdown2.o(.ARM.Collect$$libshutdown$$00000012)
    .ARM.Collect$$rtentry$$00000000          0x08000208   Section        0  __rtentry.o(.ARM.Collect$$rtentry$$00000000)
    .ARM.Collect$$rtentry$$00000002          0x08000208   Section        0  __rtentry2.o(.ARM.Collect$$rtentry$$00000002)
    .ARM.Collect$$rtentry$$00000004          0x08000208   Section        6  __rtentry4.o(.ARM.Collect$$rtentry$$00000004)
    .ARM.Collect$$rtentry$$00000009          0x0800020e   Section        0  __rtentry2.o(.ARM.Collect$$rtentry$$00000009)
    .ARM.Collect$$rtentry$$0000000A          0x0800020e   Section        4  __rtentry2.o(.ARM.Collect$$rtentry$$0000000A)
    .ARM.Collect$$rtentry$$0000000C          0x08000212   Section        0  __rtentry2.o(.ARM.Collect$$rtentry$$0000000C)
    .ARM.Collect$$rtentry$$0000000D          0x08000212   Section        8  __rtentry2.o(.ARM.Collect$$rtentry$$0000000D)
    .ARM.Collect$$rtexit$$00000000           0x0800021a   Section        2  rtexit.o(.ARM.Collect$$rtexit$$00000000)
    .ARM.Collect$$rtexit$$00000002           0x0800021c   Section        0  rtexit2.o(.ARM.Collect$$rtexit$$00000002)
    .ARM.Collect$$rtexit$$00000003           0x0800021c   Section        4  rtexit2.o(.ARM.Collect$$rtexit$$00000003)
    .ARM.Collect$$rtexit$$00000004           0x08000220   Section        6  rtexit2.o(.ARM.Collect$$rtexit$$00000004)
    .text                                    0x08000228   Section       64  startup_stm32f407xx.o(.text)
    $v0                                      0x08000228   Number         0  startup_stm32f407xx.o(.text)
    .text                                    0x08000268   Section      316  context_rvds.o(.text)
    $v0                                      0x08000268   Number         0  context_rvds.o(.text)
    .text                                    0x080003a4   Section      238  lludivv7m.o(.text)
    .text                                    0x08000492   Section       78  rt_memclr_w.o(.text)
    .text                                    0x080004e0   Section        0  heapauxi.o(.text)
    .text                                    0x080004e6   Section       74  sys_stackheap_outer.o(.text)
    .text                                    0x08000530   Section        0  exit.o(.text)
    .text                                    0x08000544   Section        8  libspace.o(.text)
    .text                                    0x0800054c   Section        0  sys_exit.o(.text)
    .text                                    0x08000558   Section        2  use_no_semi.o(.text)
    .text                                    0x0800055a   Section        0  indicate_semi.o(.text)
    i.$Sub$$main                             0x0800055a   Section        0  components.o(i.$Sub$$main)
    i.BusFault_Handler                       0x08000564   Section        0  stm32f4xx_it.o(i.BusFault_Handler)
    i.DebugMon_Handler                       0x08000566   Section        0  stm32f4xx_it.o(i.DebugMon_Handler)
    i.HAL_GPIO_Init                          0x08000568   Section        0  stm32f4xx_hal_gpio.o(i.HAL_GPIO_Init)
    i.HAL_GPIO_WritePin                      0x08000758   Section        0  stm32f4xx_hal_gpio.o(i.HAL_GPIO_WritePin)
    i.HAL_GetTick                            0x08000764   Section        0  stm32f4xx_hal.o(i.HAL_GetTick)
    i.HAL_Init                               0x08000770   Section        0  stm32f4xx_hal.o(i.HAL_Init)
    i.HAL_InitTick                           0x080007a4   Section        0  stm32f4xx_hal.o(i.HAL_InitTick)
    i.HAL_MspInit                            0x080007e4   Section        0  stm32f4xx_hal_msp.o(i.HAL_MspInit)
    i.HAL_NVIC_SetPriority                   0x08000814   Section        0  stm32f4xx_hal_cortex.o(i.HAL_NVIC_SetPriority)
    i.HAL_NVIC_SetPriorityGrouping           0x08000854   Section        0  stm32f4xx_hal_cortex.o(i.HAL_NVIC_SetPriorityGrouping)
    i.HAL_RCC_ClockConfig                    0x08000878   Section        0  stm32f4xx_hal_rcc.o(i.HAL_RCC_ClockConfig)
    i.HAL_RCC_GetHCLKFreq                    0x080009ac   Section        0  stm32f4xx_hal_rcc.o(i.HAL_RCC_GetHCLKFreq)
    i.HAL_RCC_GetSysClockFreq                0x080009b8   Section        0  stm32f4xx_hal_rcc.o(i.HAL_RCC_GetSysClockFreq)
    i.HAL_RCC_OscConfig                      0x08000a1c   Section        0  stm32f4xx_hal_rcc.o(i.HAL_RCC_OscConfig)
    i.HAL_SYSTICK_Config                     0x08000d88   Section        0  stm32f4xx_hal_cortex.o(i.HAL_SYSTICK_Config)
    i.MX_GPIO_Init                           0x08000db0   Section        0  gpio.o(i.MX_GPIO_Init)
    i.MemManage_Handler                      0x08000e00   Section        0  stm32f4xx_it.o(i.MemManage_Handler)
    i.NMI_Handler                            0x08000e02   Section        0  stm32f4xx_it.o(i.NMI_Handler)
    i.SysTick_Handler                        0x08000e04   Section        0  board.o(i.SysTick_Handler)
    i.SystemClock_Config                     0x08000e18   Section        0  main.o(i.SystemClock_Config)
    i.SystemCoreClockUpdate                  0x08000e94   Section        0  system_stm32f4xx.o(i.SystemCoreClockUpdate)
    i.SystemInit                             0x08000f10   Section        0  system_stm32f4xx.o(i.SystemInit)
    i.UsageFault_Handler                     0x08000f20   Section        0  stm32f4xx_it.o(i.UsageFault_Handler)
    i.__NVIC_SetPriority                     0x08000f22   Section        0  stm32f4xx_hal_cortex.o(i.__NVIC_SetPriority)
    __NVIC_SetPriority                       0x08000f23   Thumb Code    32  stm32f4xx_hal_cortex.o(i.__NVIC_SetPriority)
    i.__rt_ffs                               0x08000f44   Section        0  kservice.o(i.__rt_ffs)
    i._scheduler_get_highest_priority_thread 0x08000f88   Section        0  scheduler.o(i._scheduler_get_highest_priority_thread)
    _scheduler_get_highest_priority_thread   0x08000f89   Thumb Code    28  scheduler.o(i._scheduler_get_highest_priority_thread)
    i._thread_exit                           0x08000fac   Section        0  thread.o(i._thread_exit)
    _thread_exit                             0x08000fad   Thumb Code    52  thread.o(i._thread_exit)
    i._thread_init                           0x08000fe4   Section        0  thread.o(i._thread_init)
    _thread_init                             0x08000fe5   Thumb Code   106  thread.o(i._thread_init)
    i._thread_timeout                        0x08001058   Section        0  thread.o(i._thread_timeout)
    _thread_timeout                          0x08001059   Thumb Code    44  thread.o(i._thread_timeout)
    i._timer_remove                          0x08001084   Section        0  timer.o(i._timer_remove)
    _timer_remove                            0x08001085   Thumb Code     6  timer.o(i._timer_remove)
    i.main                                   0x0800108c   Section        0  main.o(i.main)
    i.main_thread_entry                      0x080010c8   Section        0  components.o(i.main_thread_entry)
    i.print_number                           0x080010d8   Section        0  kservice.o(i.print_number)
    print_number                             0x080010d9   Thumb Code   300  kservice.o(i.print_number)
    i.rt_application_init                    0x08001208   Section        0  components.o(i.rt_application_init)
    i.rt_components_board_init               0x08001244   Section        0  components.o(i.rt_components_board_init)
    i.rt_components_init                     0x08001260   Section        0  components.o(i.rt_components_init)
    i.rt_enter_critical                      0x0800127c   Section        0  scheduler.o(i.rt_enter_critical)
    i.rt_exit_critical                       0x08001298   Section        0  scheduler.o(i.rt_exit_critical)
    i.rt_hw_board_init                       0x080012d0   Section        0  board.o(i.rt_hw_board_init)
    i.rt_hw_hard_fault_exception             0x080012f8   Section        0  cpuport.o(i.rt_hw_hard_fault_exception)
    i.rt_hw_stack_init                       0x08001310   Section        0  cpuport.o(i.rt_hw_stack_init)
    i.rt_interrupt_enter                     0x0800134c   Section        0  irq.o(i.rt_interrupt_enter)
    i.rt_interrupt_leave                     0x08001368   Section        0  irq.o(i.rt_interrupt_leave)
    i.rt_list_insert_after                   0x08001384   Section        0  timer.o(i.rt_list_insert_after)
    rt_list_insert_after                     0x08001385   Thumb Code    14  timer.o(i.rt_list_insert_after)
    i.rt_list_remove                         0x08001392   Section        0  thread.o(i.rt_list_remove)
    rt_list_remove                           0x08001393   Thumb Code    18  thread.o(i.rt_list_remove)
    i.rt_list_remove                         0x080013a4   Section        0  timer.o(i.rt_list_remove)
    rt_list_remove                           0x080013a5   Thumb Code    18  timer.o(i.rt_list_remove)
    i.rt_memset                              0x080013b8   Section        0  kservice.o(i.rt_memset)
    i.rt_object_detach                       0x080013fe   Section        0  object.o(i.rt_object_detach)
    i.rt_object_get_information              0x08001424   Section        0  object.o(i.rt_object_get_information)
    i.rt_object_init                         0x08001448   Section        0  object.o(i.rt_object_init)
    i.rt_object_is_systemobject              0x0800149a   Section        0  object.o(i.rt_object_is_systemobject)
    i.rt_schedule                            0x080014a8   Section        0  scheduler.o(i.rt_schedule)
    i.rt_schedule_insert_thread              0x08001560   Section        0  scheduler.o(i.rt_schedule_insert_thread)
    i.rt_schedule_remove_thread              0x080015d4   Section        0  scheduler.o(i.rt_schedule_remove_thread)
    i.rt_show_version                        0x0800161c   Section        0  kservice.o(i.rt_show_version)
    i.rt_sprintf                             0x0800161e   Section        0  kservice.o(i.rt_sprintf)
    i.rt_strncpy                             0x08001630   Section        0  kservice.o(i.rt_strncpy)
    i.rt_system_scheduler_init               0x08001658   Section        0  scheduler.o(i.rt_system_scheduler_init)
    i.rt_system_scheduler_start              0x08001680   Section        0  scheduler.o(i.rt_system_scheduler_start)
    i.rt_system_timer_init                   0x080016a8   Section        0  timer.o(i.rt_system_timer_init)
    i.rt_system_timer_thread_init            0x080016b4   Section        0  timer.o(i.rt_system_timer_thread_init)
    i.rt_thread_defunct_dequeue              0x080016b8   Section        0  idle.o(i.rt_thread_defunct_dequeue)
    i.rt_thread_defunct_enqueue              0x080016e8   Section        0  idle.o(i.rt_thread_defunct_enqueue)
    i.rt_thread_idle_entry                   0x08001700   Section        0  idle.o(i.rt_thread_idle_entry)
    rt_thread_idle_entry                     0x08001701   Thumb Code    34  idle.o(i.rt_thread_idle_entry)
    i.rt_thread_idle_init                    0x08001724   Section        0  idle.o(i.rt_thread_idle_init)
    i.rt_thread_init                         0x08001768   Section        0  thread.o(i.rt_thread_init)
    i.rt_thread_mdelay                       0x08001798   Section        0  thread.o(i.rt_thread_mdelay)
    i.rt_thread_resume                       0x080017a6   Section        0  thread.o(i.rt_thread_resume)
    i.rt_thread_self                         0x080017e4   Section        0  thread.o(i.rt_thread_self)
    i.rt_thread_sleep                        0x080017f0   Section        0  thread.o(i.rt_thread_sleep)
    i.rt_thread_startup                      0x08001834   Section        0  thread.o(i.rt_thread_startup)
    i.rt_thread_suspend                      0x0800185c   Section        0  thread.o(i.rt_thread_suspend)
    i.rt_tick_from_millisecond               0x080018a2   Section        0  clock.o(i.rt_tick_from_millisecond)
    i.rt_tick_get                            0x080018d4   Section        0  clock.o(i.rt_tick_get)
    i.rt_tick_increase                       0x080018e0   Section        0  clock.o(i.rt_tick_increase)
    i.rt_timer_check                         0x08001928   Section        0  timer.o(i.rt_timer_check)
    i.rt_timer_control                       0x080019b4   Section        0  timer.o(i.rt_timer_control)
    i.rt_timer_detach                        0x08001a00   Section        0  timer.o(i.rt_timer_detach)
    i.rt_timer_init                          0x08001a28   Section        0  timer.o(i.rt_timer_init)
    i.rt_timer_start                         0x08001a58   Section        0  timer.o(i.rt_timer_start)
    i.rt_timer_stop                          0x08001adc   Section        0  timer.o(i.rt_timer_stop)
    i.rt_vsnprintf                           0x08001b0c   Section        0  kservice.o(i.rt_vsnprintf)
    i.rt_vsprintf                            0x08001d90   Section        0  kservice.o(i.rt_vsprintf)
    i.rti_board_end                          0x08001da0   Section        0  components.o(i.rti_board_end)
    rti_board_end                            0x08001da1   Thumb Code     4  components.o(i.rti_board_end)
    i.rti_board_start                        0x08001da4   Section        0  components.o(i.rti_board_start)
    rti_board_start                          0x08001da5   Thumb Code     4  components.o(i.rti_board_start)
    i.rti_end                                0x08001da8   Section        0  components.o(i.rti_end)
    rti_end                                  0x08001da9   Thumb Code     4  components.o(i.rti_end)
    i.rti_start                              0x08001dac   Section        0  components.o(i.rti_start)
    rti_start                                0x08001dad   Thumb Code     4  components.o(i.rti_start)
    i.rtthread_startup                       0x08001db0   Section        0  components.o(i.rtthread_startup)
    i.skip_atoi                              0x08001dda   Section        0  kservice.o(i.skip_atoi)
    skip_atoi                                0x08001ddb   Thumb Code    40  kservice.o(i.skip_atoi)
    x$fpl$fpinit                             0x08001e02   Section       10  fpinit.o(x$fpl$fpinit)
    $v0                                      0x08001e02   Number         0  fpinit.o(x$fpl$fpinit)
    .constdata                               0x08001e0c   Section       16  system_stm32f4xx.o(.constdata)
    .constdata                               0x08001e1c   Section      290  kservice.o(.constdata)
    small_digits                             0x08001f1c   Data          17  kservice.o(.constdata)
    large_digits                             0x08001f2d   Data          17  kservice.o(.constdata)
    .rti_fn.0                                0x08001f40   Section        4  components.o(.rti_fn.0)
    __tagsym$$used                           0x08001f40   Number         0  components.o(.rti_fn.0)
    .rti_fn.0.end                            0x08001f44   Section        4  components.o(.rti_fn.0.end)
    __tagsym$$used                           0x08001f44   Number         0  components.o(.rti_fn.0.end)
    .rti_fn.1.end                            0x08001f48   Section        4  components.o(.rti_fn.1.end)
    __tagsym$$used                           0x08001f48   Number         0  components.o(.rti_fn.1.end)
    .rti_fn.6.end                            0x08001f4c   Section        4  components.o(.rti_fn.6.end)
    __tagsym$$used                           0x08001f4c   Number         0  components.o(.rti_fn.6.end)
    .data                                    0x20000000   Section       12  stm32f4xx_hal.o(.data)
    .data                                    0x2000000c   Section        4  system_stm32f4xx.o(.data)
    .data                                    0x20000010   Section        4  clock.o(.data)
    rt_tick                                  0x20000010   Data           4  clock.o(.data)
    .data                                    0x20000014   Section        8  idle.o(.data)
    _rt_thread_defunct                       0x20000014   Data           8  idle.o(.data)
    .data                                    0x2000001c   Section        1  irq.o(.data)
    .data                                    0x20000020   Section       48  object.o(.data)
    _object_container                        0x20000020   Data          48  object.o(.data)
    .data                                    0x20000050   Section       12  scheduler.o(.data)
    rt_scheduler_lock_nest                   0x20000052   Data           2  scheduler.o(.data)
    .data                                    0x2000005c   Section       12  timer.o(.data)
    random_nr                                0x2000005c   Data           4  timer.o(.data)
    _timer_list                              0x20000060   Data           8  timer.o(.data)
    .data                                    0x20000068   Section        4  cpuport.o(.data)
    rt_exception_hook                        0x20000068   Data           4  cpuport.o(.data)
    .data                                    0x2000006c   Section        4  cpuport.o(.data)
    .data                                    0x20000070   Section        4  cpuport.o(.data)
    .data                                    0x20000074   Section        4  cpuport.o(.data)
    .bss                                     0x20000078   Section     1144  components.o(.bss)
    main_stack                               0x20000078   Data        1024  components.o(.bss)
    .bss                                     0x200004f0   Section      248  idle.o(.bss)
    idle                                     0x200004f0   Data         120  idle.o(.bss)
    rt_thread_stack                          0x20000568   Data         128  idle.o(.bss)
    .bss                                     0x200005e8   Section      256  scheduler.o(.bss)
    .bss                                     0x200006e8   Section       96  libspace.o(.bss)
    HEAP                                     0x20000748   Section      512  startup_stm32f407xx.o(HEAP)
    Heap_Mem                                 0x20000748   Data         512  startup_stm32f407xx.o(HEAP)
    STACK                                    0x20000948   Section     1024  startup_stm32f407xx.o(STACK)
    Stack_Mem                                0x20000948   Data        1024  startup_stm32f407xx.o(STACK)
    __initial_sp                             0x20000d48   Data           0  startup_stm32f407xx.o(STACK)

    Global Symbols

    Symbol Name                              Value     Ov Type        Size  Object(Section)

    BuildAttributes$$THM_ISAv4$E$P$D$K$B$S$7EM$VFPi3$EXTD16$VFPS$VFMA$PE$A:L22UL41UL21$X:L11$S22US41US21$IEEE1$IW$USESV6$~STKCKD$USESV7$~SHL$OSPACE$ROPI$EBA8$UX$STANDARDLIB$REQ8$PRES8$EABIv2 0x00000000   Number         0  anon$$obj.o ABSOLUTE
    __ARM_use_no_argv                        0x00000000   Number         0  main.o ABSOLUTE
    __ARM_exceptions_init                     - Undefined Weak Reference
    __alloca_initialize                       - Undefined Weak Reference
    __arm_fini_                               - Undefined Weak Reference
    __arm_preinit_                            - Undefined Weak Reference
    __cpp_initialize__aeabi_                  - Undefined Weak Reference
    __cxa_finalize                            - Undefined Weak Reference
    __rt_locale                               - Undefined Weak Reference
    __sigvec_lookup                           - Undefined Weak Reference
    _atexit_init                              - Undefined Weak Reference
    _call_atexit_fns                          - Undefined Weak Reference
    _clock_init                               - Undefined Weak Reference
    _fp_trap_init                             - Undefined Weak Reference
    _fp_trap_shutdown                         - Undefined Weak Reference
    _get_lc_collate                           - Undefined Weak Reference
    _get_lc_ctype                             - Undefined Weak Reference
    _get_lc_monetary                          - Undefined Weak Reference
    _get_lc_numeric                           - Undefined Weak Reference
    _get_lc_time                              - Undefined Weak Reference
    _getenv_init                              - Undefined Weak Reference
    _handle_redirection                       - Undefined Weak Reference
    _init_alloc                               - Undefined Weak Reference
    _init_user_alloc                          - Undefined Weak Reference
    _initio                                   - Undefined Weak Reference
    _rand_init                                - Undefined Weak Reference
    _signal_finish                            - Undefined Weak Reference
    _signal_init                              - Undefined Weak Reference
    _terminate_alloc                          - Undefined Weak Reference
    _terminate_user_alloc                     - Undefined Weak Reference
    _terminateio                              - Undefined Weak Reference
    __Vectors_Size                           0x00000188   Number         0  startup_stm32f407xx.o ABSOLUTE
    __Vectors                                0x08000000   Data           4  startup_stm32f407xx.o(RESET)
    __Vectors_End                            0x08000188   Data           0  startup_stm32f407xx.o(RESET)
    __main                                   0x08000189   Thumb Code     8  __main.o(!!!main)
    __scatterload                            0x08000191   Thumb Code     0  __scatter.o(!!!scatter)
    __scatterload_rt2                        0x08000191   Thumb Code    44  __scatter.o(!!!scatter)
    __scatterload_rt2_thumb_only             0x08000191   Thumb Code     0  __scatter.o(!!!scatter)
    __scatterload_null                       0x0800019f   Thumb Code     0  __scatter.o(!!!scatter)
    __scatterload_copy                       0x080001c5   Thumb Code    26  __scatter_copy.o(!!handler_copy)
    __scatterload_zeroinit                   0x080001e1   Thumb Code    28  __scatter_zi.o(!!handler_zi)
    __rt_lib_init                            0x080001fd   Thumb Code     0  libinit.o(.ARM.Collect$$libinit$$00000000)
    __rt_lib_init_fp_1                       0x080001ff   Thumb Code     0  libinit2.o(.ARM.Collect$$libinit$$00000001)
    __rt_lib_init_alloca_1                   0x08000203   Thumb Code     0  libinit2.o(.ARM.Collect$$libinit$$0000002E)
    __rt_lib_init_argv_1                     0x08000203   Thumb Code     0  libinit2.o(.ARM.Collect$$libinit$$0000002C)
    __rt_lib_init_atexit_1                   0x08000203   Thumb Code     0  libinit2.o(.ARM.Collect$$libinit$$0000001B)
    __rt_lib_init_clock_1                    0x08000203   Thumb Code     0  libinit2.o(.ARM.Collect$$libinit$$00000021)
    __rt_lib_init_cpp_1                      0x08000203   Thumb Code     0  libinit2.o(.ARM.Collect$$libinit$$00000032)
    __rt_lib_init_exceptions_1               0x08000203   Thumb Code     0  libinit2.o(.ARM.Collect$$libinit$$00000030)
    __rt_lib_init_fp_trap_1                  0x08000203   Thumb Code     0  libinit2.o(.ARM.Collect$$libinit$$0000001F)
    __rt_lib_init_getenv_1                   0x08000203   Thumb Code     0  libinit2.o(.ARM.Collect$$libinit$$00000023)
    __rt_lib_init_heap_1                     0x08000203   Thumb Code     0  libinit2.o(.ARM.Collect$$libinit$$0000000A)
    __rt_lib_init_lc_collate_1               0x08000203   Thumb Code     0  libinit2.o(.ARM.Collect$$libinit$$00000011)
    __rt_lib_init_lc_ctype_1                 0x08000203   Thumb Code     0  libinit2.o(.ARM.Collect$$libinit$$00000013)
    __rt_lib_init_lc_monetary_1              0x08000203   Thumb Code     0  libinit2.o(.ARM.Collect$$libinit$$00000015)
    __rt_lib_init_lc_numeric_1               0x08000203   Thumb Code     0  libinit2.o(.ARM.Collect$$libinit$$00000017)
    __rt_lib_init_lc_time_1                  0x08000203   Thumb Code     0  libinit2.o(.ARM.Collect$$libinit$$00000019)
    __rt_lib_init_preinit_1                  0x08000203   Thumb Code     0  libinit2.o(.ARM.Collect$$libinit$$00000004)
    __rt_lib_init_rand_1                     0x08000203   Thumb Code     0  libinit2.o(.ARM.Collect$$libinit$$0000000E)
    __rt_lib_init_return                     0x08000203   Thumb Code     0  libinit2.o(.ARM.Collect$$libinit$$00000033)
    __rt_lib_init_signal_1                   0x08000203   Thumb Code     0  libinit2.o(.ARM.Collect$$libinit$$0000001D)
    __rt_lib_init_stdio_1                    0x08000203   Thumb Code     0  libinit2.o(.ARM.Collect$$libinit$$00000025)
    __rt_lib_init_user_alloc_1               0x08000203   Thumb Code     0  libinit2.o(.ARM.Collect$$libinit$$0000000C)
    __rt_lib_shutdown                        0x08000205   Thumb Code     0  libshutdown.o(.ARM.Collect$$libshutdown$$00000000)
    __rt_lib_shutdown_cpp_1                  0x08000207   Thumb Code     0  libshutdown2.o(.ARM.Collect$$libshutdown$$00000004)
    __rt_lib_shutdown_fini_1                 0x08000207   Thumb Code     0  libshutdown2.o(.ARM.Collect$$libshutdown$$00000002)
    __rt_lib_shutdown_fp_trap_1              0x08000207   Thumb Code     0  libshutdown2.o(.ARM.Collect$$libshutdown$$00000009)
    __rt_lib_shutdown_heap_1                 0x08000207   Thumb Code     0  libshutdown2.o(.ARM.Collect$$libshutdown$$00000011)
    __rt_lib_shutdown_return                 0x08000207   Thumb Code     0  libshutdown2.o(.ARM.Collect$$libshutdown$$00000012)
    __rt_lib_shutdown_signal_1               0x08000207   Thumb Code     0  libshutdown2.o(.ARM.Collect$$libshutdown$$0000000C)
    __rt_lib_shutdown_stdio_1                0x08000207   Thumb Code     0  libshutdown2.o(.ARM.Collect$$libshutdown$$00000006)
    __rt_lib_shutdown_user_alloc_1           0x08000207   Thumb Code     0  libshutdown2.o(.ARM.Collect$$libshutdown$$0000000E)
    __rt_entry                               0x08000209   Thumb Code     0  __rtentry.o(.ARM.Collect$$rtentry$$00000000)
    __rt_entry_presh_1                       0x08000209   Thumb Code     0  __rtentry2.o(.ARM.Collect$$rtentry$$00000002)
    __rt_entry_sh                            0x08000209   Thumb Code     0  __rtentry4.o(.ARM.Collect$$rtentry$$00000004)
    __rt_entry_li                            0x0800020f   Thumb Code     0  __rtentry2.o(.ARM.Collect$$rtentry$$0000000A)
    __rt_entry_postsh_1                      0x0800020f   Thumb Code     0  __rtentry2.o(.ARM.Collect$$rtentry$$00000009)
    __rt_entry_main                          0x08000213   Thumb Code     0  __rtentry2.o(.ARM.Collect$$rtentry$$0000000D)
    __rt_entry_postli_1                      0x08000213   Thumb Code     0  __rtentry2.o(.ARM.Collect$$rtentry$$0000000C)
    __rt_exit                                0x0800021b   Thumb Code     0  rtexit.o(.ARM.Collect$$rtexit$$00000000)
    __rt_exit_ls                             0x0800021d   Thumb Code     0  rtexit2.o(.ARM.Collect$$rtexit$$00000003)
    __rt_exit_prels_1                        0x0800021d   Thumb Code     0  rtexit2.o(.ARM.Collect$$rtexit$$00000002)
    __rt_exit_exit                           0x08000221   Thumb Code     0  rtexit2.o(.ARM.Collect$$rtexit$$00000004)
    Reset_Handler                            0x08000229   Thumb Code     8  startup_stm32f407xx.o(.text)
    SVC_Handler                              0x0800023b   Thumb Code     2  startup_stm32f407xx.o(.text)
    ADC_IRQHandler                           0x08000243   Thumb Code     0  startup_stm32f407xx.o(.text)
    CAN1_RX0_IRQHandler                      0x08000243   Thumb Code     0  startup_stm32f407xx.o(.text)
    CAN1_RX1_IRQHandler                      0x08000243   Thumb Code     0  startup_stm32f407xx.o(.text)
    CAN1_SCE_IRQHandler                      0x08000243   Thumb Code     0  startup_stm32f407xx.o(.text)
    CAN1_TX_IRQHandler                       0x08000243   Thumb Code     0  startup_stm32f407xx.o(.text)
    CAN2_RX0_IRQHandler                      0x08000243   Thumb Code     0  startup_stm32f407xx.o(.text)
    CAN2_RX1_IRQHandler                      0x08000243   Thumb Code     0  startup_stm32f407xx.o(.text)
    CAN2_SCE_IRQHandler                      0x08000243   Thumb Code     0  startup_stm32f407xx.o(.text)
    CAN2_TX_IRQHandler                       0x08000243   Thumb Code     0  startup_stm32f407xx.o(.text)
    DCMI_IRQHandler                          0x08000243   Thumb Code     0  startup_stm32f407xx.o(.text)
    DMA1_Stream0_IRQHandler                  0x08000243   Thumb Code     0  startup_stm32f407xx.o(.text)
    DMA1_Stream1_IRQHandler                  0x08000243   Thumb Code     0  startup_stm32f407xx.o(.text)
    DMA1_Stream2_IRQHandler                  0x08000243   Thumb Code     0  startup_stm32f407xx.o(.text)
    DMA1_Stream3_IRQHandler                  0x08000243   Thumb Code     0  startup_stm32f407xx.o(.text)
    DMA1_Stream4_IRQHandler                  0x08000243   Thumb Code     0  startup_stm32f407xx.o(.text)
    DMA1_Stream5_IRQHandler                  0x08000243   Thumb Code     0  startup_stm32f407xx.o(.text)
    DMA1_Stream6_IRQHandler                  0x08000243   Thumb Code     0  startup_stm32f407xx.o(.text)
    DMA1_Stream7_IRQHandler                  0x08000243   Thumb Code     0  startup_stm32f407xx.o(.text)
    DMA2_Stream0_IRQHandler                  0x08000243   Thumb Code     0  startup_stm32f407xx.o(.text)
    DMA2_Stream1_IRQHandler                  0x08000243   Thumb Code     0  startup_stm32f407xx.o(.text)
    DMA2_Stream2_IRQHandler                  0x08000243   Thumb Code     0  startup_stm32f407xx.o(.text)
    DMA2_Stream3_IRQHandler                  0x08000243   Thumb Code     0  startup_stm32f407xx.o(.text)
    DMA2_Stream4_IRQHandler                  0x08000243   Thumb Code     0  startup_stm32f407xx.o(.text)
    DMA2_Stream5_IRQHandler                  0x08000243   Thumb Code     0  startup_stm32f407xx.o(.text)
    DMA2_Stream6_IRQHandler                  0x08000243   Thumb Code     0  startup_stm32f407xx.o(.text)
    DMA2_Stream7_IRQHandler                  0x08000243   Thumb Code     0  startup_stm32f407xx.o(.text)
    ETH_IRQHandler                           0x08000243   Thumb Code     0  startup_stm32f407xx.o(.text)
    ETH_WKUP_IRQHandler                      0x08000243   Thumb Code     0  startup_stm32f407xx.o(.text)
    EXTI0_IRQHandler                         0x08000243   Thumb Code     0  startup_stm32f407xx.o(.text)
    EXTI15_10_IRQHandler                     0x08000243   Thumb Code     0  startup_stm32f407xx.o(.text)
    EXTI1_IRQHandler                         0x08000243   Thumb Code     0  startup_stm32f407xx.o(.text)
    EXTI2_IRQHandler                         0x08000243   Thumb Code     0  startup_stm32f407xx.o(.text)
    EXTI3_IRQHandler                         0x08000243   Thumb Code     0  startup_stm32f407xx.o(.text)
    EXTI4_IRQHandler                         0x08000243   Thumb Code     0  startup_stm32f407xx.o(.text)
    EXTI9_5_IRQHandler                       0x08000243   Thumb Code     0  startup_stm32f407xx.o(.text)
    FLASH_IRQHandler                         0x08000243   Thumb Code     0  startup_stm32f407xx.o(.text)
    FMC_IRQHandler                           0x08000243   Thumb Code     0  startup_stm32f407xx.o(.text)
    FPU_IRQHandler                           0x08000243   Thumb Code     0  startup_stm32f407xx.o(.text)
    HASH_RNG_IRQHandler                      0x08000243   Thumb Code     0  startup_stm32f407xx.o(.text)
    I2C1_ER_IRQHandler                       0x08000243   Thumb Code     0  startup_stm32f407xx.o(.text)
    I2C1_EV_IRQHandler                       0x08000243   Thumb Code     0  startup_stm32f407xx.o(.text)
    I2C2_ER_IRQHandler                       0x08000243   Thumb Code     0  startup_stm32f407xx.o(.text)
    I2C2_EV_IRQHandler                       0x08000243   Thumb Code     0  startup_stm32f407xx.o(.text)
    I2C3_ER_IRQHandler                       0x08000243   Thumb Code     0  startup_stm32f407xx.o(.text)
    I2C3_EV_IRQHandler                       0x08000243   Thumb Code     0  startup_stm32f407xx.o(.text)
    OTG_FS_IRQHandler                        0x08000243   Thumb Code     0  startup_stm32f407xx.o(.text)
    OTG_FS_WKUP_IRQHandler                   0x08000243   Thumb Code     0  startup_stm32f407xx.o(.text)
    OTG_HS_EP1_IN_IRQHandler                 0x08000243   Thumb Code     0  startup_stm32f407xx.o(.text)
    OTG_HS_EP1_OUT_IRQHandler                0x08000243   Thumb Code     0  startup_stm32f407xx.o(.text)
    OTG_HS_IRQHandler                        0x08000243   Thumb Code     0  startup_stm32f407xx.o(.text)
    OTG_HS_WKUP_IRQHandler                   0x08000243   Thumb Code     0  startup_stm32f407xx.o(.text)
    PVD_IRQHandler                           0x08000243   Thumb Code     0  startup_stm32f407xx.o(.text)
    RCC_IRQHandler                           0x08000243   Thumb Code     0  startup_stm32f407xx.o(.text)
    RTC_Alarm_IRQHandler                     0x08000243   Thumb Code     0  startup_stm32f407xx.o(.text)
    RTC_WKUP_IRQHandler                      0x08000243   Thumb Code     0  startup_stm32f407xx.o(.text)
    SDIO_IRQHandler                          0x08000243   Thumb Code     0  startup_stm32f407xx.o(.text)
    SPI1_IRQHandler                          0x08000243   Thumb Code     0  startup_stm32f407xx.o(.text)
    SPI2_IRQHandler                          0x08000243   Thumb Code     0  startup_stm32f407xx.o(.text)
    SPI3_IRQHandler                          0x08000243   Thumb Code     0  startup_stm32f407xx.o(.text)
    TAMP_STAMP_IRQHandler                    0x08000243   Thumb Code     0  startup_stm32f407xx.o(.text)
    TIM1_BRK_TIM9_IRQHandler                 0x08000243   Thumb Code     0  startup_stm32f407xx.o(.text)
    TIM1_CC_IRQHandler                       0x08000243   Thumb Code     0  startup_stm32f407xx.o(.text)
    TIM1_TRG_COM_TIM11_IRQHandler            0x08000243   Thumb Code     0  startup_stm32f407xx.o(.text)
    TIM1_UP_TIM10_IRQHandler                 0x08000243   Thumb Code     0  startup_stm32f407xx.o(.text)
    TIM2_IRQHandler                          0x08000243   Thumb Code     0  startup_stm32f407xx.o(.text)
    TIM3_IRQHandler                          0x08000243   Thumb Code     0  startup_stm32f407xx.o(.text)
    TIM4_IRQHandler                          0x08000243   Thumb Code     0  startup_stm32f407xx.o(.text)
    TIM5_IRQHandler                          0x08000243   Thumb Code     0  startup_stm32f407xx.o(.text)
    TIM6_DAC_IRQHandler                      0x08000243   Thumb Code     0  startup_stm32f407xx.o(.text)
    TIM7_IRQHandler                          0x08000243   Thumb Code     0  startup_stm32f407xx.o(.text)
    TIM8_BRK_TIM12_IRQHandler                0x08000243   Thumb Code     0  startup_stm32f407xx.o(.text)
    TIM8_CC_IRQHandler                       0x08000243   Thumb Code     0  startup_stm32f407xx.o(.text)
    TIM8_TRG_COM_TIM14_IRQHandler            0x08000243   Thumb Code     0  startup_stm32f407xx.o(.text)
    TIM8_UP_TIM13_IRQHandler                 0x08000243   Thumb Code     0  startup_stm32f407xx.o(.text)
    UART4_IRQHandler                         0x08000243   Thumb Code     0  startup_stm32f407xx.o(.text)
    UART5_IRQHandler                         0x08000243   Thumb Code     0  startup_stm32f407xx.o(.text)
    USART1_IRQHandler                        0x08000243   Thumb Code     0  startup_stm32f407xx.o(.text)
    USART2_IRQHandler                        0x08000243   Thumb Code     0  startup_stm32f407xx.o(.text)
    USART3_IRQHandler                        0x08000243   Thumb Code     0  startup_stm32f407xx.o(.text)
    USART6_IRQHandler                        0x08000243   Thumb Code     0  startup_stm32f407xx.o(.text)
    WWDG_IRQHandler                          0x08000243   Thumb Code     0  startup_stm32f407xx.o(.text)
    __user_initial_stackheap                 0x08000245   Thumb Code     0  startup_stm32f407xx.o(.text)
    rt_hw_interrupt_disable                  0x08000269   Thumb Code     8  context_rvds.o(.text)
    rt_hw_interrupt_enable                   0x08000271   Thumb Code     6  context_rvds.o(.text)
    rt_hw_context_switch                     0x08000277   Thumb Code    32  context_rvds.o(.text)
    rt_hw_context_switch_interrupt           0x08000277   Thumb Code     0  context_rvds.o(.text)
    PendSV_Handler                           0x08000297   Thumb Code   108  context_rvds.o(.text)
    rt_hw_context_switch_to                  0x08000303   Thumb Code    76  context_rvds.o(.text)
    rt_hw_interrupt_thread_switch            0x0800034f   Thumb Code     2  context_rvds.o(.text)
    HardFault_Handler                        0x08000351   Thumb Code    56  context_rvds.o(.text)
    __aeabi_uldivmod                         0x080003a5   Thumb Code     0  lludivv7m.o(.text)
    _ll_udiv                                 0x080003a5   Thumb Code   238  lludivv7m.o(.text)
    __aeabi_memclr4                          0x08000493   Thumb Code     0  rt_memclr_w.o(.text)
    __aeabi_memclr8                          0x08000493   Thumb Code     0  rt_memclr_w.o(.text)
    __rt_memclr_w                            0x08000493   Thumb Code    78  rt_memclr_w.o(.text)
    _memset_w                                0x08000497   Thumb Code     0  rt_memclr_w.o(.text)
    __use_two_region_memory                  0x080004e1   Thumb Code     2  heapauxi.o(.text)
    __rt_heap_escrow$2region                 0x080004e3   Thumb Code     2  heapauxi.o(.text)
    __rt_heap_expand$2region                 0x080004e5   Thumb Code     2  heapauxi.o(.text)
    __user_setup_stackheap                   0x080004e7   Thumb Code    74  sys_stackheap_outer.o(.text)
    exit                                     0x08000531   Thumb Code    18  exit.o(.text)
    __user_libspace                          0x08000545   Thumb Code     8  libspace.o(.text)
    __user_perproc_libspace                  0x08000545   Thumb Code     0  libspace.o(.text)
    __user_perthread_libspace                0x08000545   Thumb Code     0  libspace.o(.text)
    _sys_exit                                0x0800054d   Thumb Code     8  sys_exit.o(.text)
    __I$use$semihosting                      0x08000559   Thumb Code     0  use_no_semi.o(.text)
    __use_no_semihosting_swi                 0x08000559   Thumb Code     2  use_no_semi.o(.text)
    __semihosting_library_function           0x0800055b   Thumb Code     0  indicate_semi.o(.text)
    main                                     0x0800055b   Thumb Code    10  components.o(i.$Sub$$main)
    BusFault_Handler                         0x08000565   Thumb Code     2  stm32f4xx_it.o(i.BusFault_Handler)
    DebugMon_Handler                         0x08000567   Thumb Code     2  stm32f4xx_it.o(i.DebugMon_Handler)
    HAL_GPIO_Init                            0x08000569   Thumb Code   450  stm32f4xx_hal_gpio.o(i.HAL_GPIO_Init)
    HAL_GPIO_WritePin                        0x08000759   Thumb Code    10  stm32f4xx_hal_gpio.o(i.HAL_GPIO_WritePin)
    HAL_GetTick                              0x08000765   Thumb Code     6  stm32f4xx_hal.o(i.HAL_GetTick)
    HAL_Init                                 0x08000771   Thumb Code    48  stm32f4xx_hal.o(i.HAL_Init)
    HAL_InitTick                             0x080007a5   Thumb Code    54  stm32f4xx_hal.o(i.HAL_InitTick)
    HAL_MspInit                              0x080007e5   Thumb Code    42  stm32f4xx_hal_msp.o(i.HAL_MspInit)
    HAL_NVIC_SetPriority                     0x08000815   Thumb Code    60  stm32f4xx_hal_cortex.o(i.HAL_NVIC_SetPriority)
    HAL_NVIC_SetPriorityGrouping             0x08000855   Thumb Code    26  stm32f4xx_hal_cortex.o(i.HAL_NVIC_SetPriorityGrouping)
    HAL_RCC_ClockConfig                      0x08000879   Thumb Code   288  stm32f4xx_hal_rcc.o(i.HAL_RCC_ClockConfig)
    HAL_RCC_GetHCLKFreq                      0x080009ad   Thumb Code     6  stm32f4xx_hal_rcc.o(i.HAL_RCC_GetHCLKFreq)
    HAL_RCC_GetSysClockFreq                  0x080009b9   Thumb Code    88  stm32f4xx_hal_rcc.o(i.HAL_RCC_GetSysClockFreq)
    HAL_RCC_OscConfig                        0x08000a1d   Thumb Code   856  stm32f4xx_hal_rcc.o(i.HAL_RCC_OscConfig)
    HAL_SYSTICK_Config                       0x08000d89   Thumb Code    40  stm32f4xx_hal_cortex.o(i.HAL_SYSTICK_Config)
    MX_GPIO_Init                             0x08000db1   Thumb Code    70  gpio.o(i.MX_GPIO_Init)
    MemManage_Handler                        0x08000e01   Thumb Code     2  stm32f4xx_it.o(i.MemManage_Handler)
    NMI_Handler                              0x08000e03   Thumb Code     2  stm32f4xx_it.o(i.NMI_Handler)
    SysTick_Handler                          0x08000e05   Thumb Code    18  board.o(i.SysTick_Handler)
    SystemClock_Config                       0x08000e19   Thumb Code   116  main.o(i.SystemClock_Config)
    SystemCoreClockUpdate                    0x08000e95   Thumb Code   104  system_stm32f4xx.o(i.SystemCoreClockUpdate)
    SystemInit                               0x08000f11   Thumb Code    12  system_stm32f4xx.o(i.SystemInit)
    UsageFault_Handler                       0x08000f21   Thumb Code     2  stm32f4xx_it.o(i.UsageFault_Handler)
    __rt_ffs                                 0x08000f45   Thumb Code    64  kservice.o(i.__rt_ffs)
    $Super$$main                             0x0800108d   Thumb Code    56  main.o(i.main)
    main_thread_entry                        0x080010c9   Thumb Code    14  components.o(i.main_thread_entry)
    rt_application_init                      0x08001209   Thumb Code    44  components.o(i.rt_application_init)
    rt_components_board_init                 0x08001245   Thumb Code    20  components.o(i.rt_components_board_init)
    rt_components_init                       0x08001261   Thumb Code    20  components.o(i.rt_components_init)
    rt_enter_critical                        0x0800127d   Thumb Code    22  scheduler.o(i.rt_enter_critical)
    rt_exit_critical                         0x08001299   Thumb Code    52  scheduler.o(i.rt_exit_critical)
    rt_hw_board_init                         0x080012d1   Thumb Code    38  board.o(i.rt_hw_board_init)
    rt_hw_hard_fault_exception               0x080012f9   Thumb Code    20  cpuport.o(i.rt_hw_hard_fault_exception)
    rt_hw_stack_init                         0x08001311   Thumb Code    54  cpuport.o(i.rt_hw_stack_init)
    rt_interrupt_enter                       0x0800134d   Thumb Code    22  irq.o(i.rt_interrupt_enter)
    rt_interrupt_leave                       0x08001369   Thumb Code    22  irq.o(i.rt_interrupt_leave)
    rt_memset                                0x080013b9   Thumb Code    70  kservice.o(i.rt_memset)
    rt_object_detach                         0x080013ff   Thumb Code    36  object.o(i.rt_object_detach)
    rt_object_get_information                0x08001425   Thumb Code    30  object.o(i.rt_object_get_information)
    rt_object_init                           0x08001449   Thumb Code    82  object.o(i.rt_object_init)
    rt_object_is_systemobject                0x0800149b   Thumb Code    14  object.o(i.rt_object_is_systemobject)
    rt_schedule                              0x080014a9   Thumb Code   174  scheduler.o(i.rt_schedule)
    rt_schedule_insert_thread                0x08001561   Thumb Code   108  scheduler.o(i.rt_schedule_insert_thread)
    rt_schedule_remove_thread                0x080015d5   Thumb Code    64  scheduler.o(i.rt_schedule_remove_thread)
    rt_show_version                          0x0800161d   Thumb Code     2  kservice.o(i.rt_show_version)
    rt_sprintf                               0x0800161f   Thumb Code    18  kservice.o(i.rt_sprintf)
    rt_strncpy                               0x08001631   Thumb Code    38  kservice.o(i.rt_strncpy)
    rt_system_scheduler_init                 0x08001659   Thumb Code    30  scheduler.o(i.rt_system_scheduler_init)
    rt_system_scheduler_start                0x08001681   Thumb Code    36  scheduler.o(i.rt_system_scheduler_start)
    rt_system_timer_init                     0x080016a9   Thumb Code     8  timer.o(i.rt_system_timer_init)
    rt_system_timer_thread_init              0x080016b5   Thumb Code     2  timer.o(i.rt_system_timer_thread_init)
    rt_thread_defunct_dequeue                0x080016b9   Thumb Code    44  idle.o(i.rt_thread_defunct_dequeue)
    rt_thread_defunct_enqueue                0x080016e9   Thumb Code    18  idle.o(i.rt_thread_defunct_enqueue)
    rt_thread_idle_init                      0x08001725   Thumb Code    52  idle.o(i.rt_thread_idle_init)
    rt_thread_init                           0x08001769   Thumb Code    48  thread.o(i.rt_thread_init)
    rt_thread_mdelay                         0x08001799   Thumb Code    14  thread.o(i.rt_thread_mdelay)
    rt_thread_resume                         0x080017a7   Thumb Code    60  thread.o(i.rt_thread_resume)
    rt_thread_self                           0x080017e5   Thumb Code     6  thread.o(i.rt_thread_self)
    rt_thread_sleep                          0x080017f1   Thumb Code    64  thread.o(i.rt_thread_sleep)
    rt_thread_startup                        0x08001835   Thumb Code    36  thread.o(i.rt_thread_startup)
    rt_thread_suspend                        0x0800185d   Thumb Code    70  thread.o(i.rt_thread_suspend)
    rt_tick_from_millisecond                 0x080018a3   Thumb Code    50  clock.o(i.rt_tick_from_millisecond)
    rt_tick_get                              0x080018d5   Thumb Code     6  clock.o(i.rt_tick_get)
    rt_tick_increase                         0x080018e1   Thumb Code    68  clock.o(i.rt_tick_increase)
    rt_timer_check                           0x08001929   Thumb Code   136  timer.o(i.rt_timer_check)
    rt_timer_control                         0x080019b5   Thumb Code    76  timer.o(i.rt_timer_control)
    rt_timer_detach                          0x08001a01   Thumb Code    40  timer.o(i.rt_timer_detach)
    rt_timer_init                            0x08001a29   Thumb Code    48  timer.o(i.rt_timer_init)
    rt_timer_start                           0x08001a59   Thumb Code   126  timer.o(i.rt_timer_start)
    rt_timer_stop                            0x08001add   Thumb Code    46  timer.o(i.rt_timer_stop)
    rt_vsnprintf                             0x08001b0d   Thumb Code   634  kservice.o(i.rt_vsnprintf)
    rt_vsprintf                              0x08001d91   Thumb Code    16  kservice.o(i.rt_vsprintf)
    rtthread_startup                         0x08001db1   Thumb Code    42  components.o(i.rtthread_startup)
    _fp_init                                 0x08001e03   Thumb Code    10  fpinit.o(x$fpl$fpinit)
    __fplib_config_fpu_vfp                   0x08001e0b   Thumb Code     0  fpinit.o(x$fpl$fpinit)
    __fplib_config_pureend_doubles           0x08001e0b   Thumb Code     0  fpinit.o(x$fpl$fpinit)
    AHBPrescTable                            0x08001e0c   Data          16  system_stm32f4xx.o(.constdata)
    __lowest_bit_bitmap                      0x08001e1c   Data         256  kservice.o(.constdata)
    __rt_init_rti_start                      0x08001f40   Data           4  components.o(.rti_fn.0)
    __rt_init_rti_board_start                0x08001f44   Data           4  components.o(.rti_fn.0.end)
    __rt_init_rti_board_end                  0x08001f48   Data           4  components.o(.rti_fn.1.end)
    __rt_init_rti_end                        0x08001f4c   Data           4  components.o(.rti_fn.6.end)
    Region$$Table$$Base                      0x08001f50   Number         0  anon$$obj.o(Region$$Table)
    Region$$Table$$Limit                     0x08001f70   Number         0  anon$$obj.o(Region$$Table)
    uwTickFreq                               0x20000000   Data           1  stm32f4xx_hal.o(.data)
    uwTickPrio                               0x20000004   Data           4  stm32f4xx_hal.o(.data)
    uwTick                                   0x20000008   Data           4  stm32f4xx_hal.o(.data)
    SystemCoreClock                          0x2000000c   Data           4  system_stm32f4xx.o(.data)
    rt_interrupt_nest                        0x2000001c   Data           1  irq.o(.data)
    rt_current_priority                      0x20000050   Data           1  scheduler.o(.data)
    rt_current_thread                        0x20000054   Data           4  scheduler.o(.data)
    rt_thread_ready_priority_group           0x20000058   Data           4  scheduler.o(.data)
    rt_interrupt_from_thread                 0x2000006c   Data           4  cpuport.o(.data)
    rt_interrupt_to_thread                   0x20000070   Data           4  cpuport.o(.data)
    rt_thread_switch_interrupt_flag          0x20000074   Data           4  cpuport.o(.data)
    main_thread                              0x20000478   Data         120  components.o(.bss)
    rt_thread_priority_table                 0x200005e8   Data         256  scheduler.o(.bss)
    __libspace_start                         0x200006e8   Data          96  libspace.o(.bss)
    __temporary_stack_top$libspace           0x20000748   Data           0  libspace.o(.bss)



==============================================================================

Memory Map of the image

  Image Entry point : 0x08000189

  Load Region LR_IROM1 (Base: 0x08000000, Size: 0x00001fe8, Max: 0x00100000, ABSOLUTE)

    Execution Region ER_IROM1 (Exec base: 0x08000000, Load base: 0x08000000, Size: 0x00001f70, Max: 0x00100000, ABSOLUTE)

    Exec Addr    Load Addr    Size         Type   Attr      Idx    E Section Name        Object

    0x08000000   0x08000000   0x00000188   Data   RO            3    RESET               startup_stm32f407xx.o
    0x08000188   0x08000188   0x00000008   Code   RO         2285  * !!!main             c_w.l(__main.o)
    0x08000190   0x08000190   0x00000034   Code   RO         2454    !!!scatter          c_w.l(__scatter.o)
    0x080001c4   0x080001c4   0x0000001a   Code   RO         2456    !!handler_copy      c_w.l(__scatter_copy.o)
    0x080001de   0x080001de   0x00000002   PAD
    0x080001e0   0x080001e0   0x0000001c   Code   RO         2458    !!handler_zi        c_w.l(__scatter_zi.o)
    0x080001fc   0x080001fc   0x00000002   Code   RO         2322    .ARM.Collect$$libinit$$00000000  c_w.l(libinit.o)
    0x080001fe   0x080001fe   0x00000004   Code   RO         2334    .ARM.Collect$$libinit$$00000001  c_w.l(libinit2.o)
    0x08000202   0x08000202   0x00000000   Code   RO         2337    .ARM.Collect$$libinit$$00000004  c_w.l(libinit2.o)
    0x08000202   0x08000202   0x00000000   Code   RO         2340    .ARM.Collect$$libinit$$0000000A  c_w.l(libinit2.o)
    0x08000202   0x08000202   0x00000000   Code   RO         2342    .ARM.Collect$$libinit$$0000000C  c_w.l(libinit2.o)
    0x08000202   0x08000202   0x00000000   Code   RO         2344    .ARM.Collect$$libinit$$0000000E  c_w.l(libinit2.o)
    0x08000202   0x08000202   0x00000000   Code   RO         2347    .ARM.Collect$$libinit$$00000011  c_w.l(libinit2.o)
    0x08000202   0x08000202   0x00000000   Code   RO         2349    .ARM.Collect$$libinit$$00000013  c_w.l(libinit2.o)
    0x08000202   0x08000202   0x00000000   Code   RO         2351    .ARM.Collect$$libinit$$00000015  c_w.l(libinit2.o)
    0x08000202   0x08000202   0x00000000   Code   RO         2353    .ARM.Collect$$libinit$$00000017  c_w.l(libinit2.o)
    0x08000202   0x08000202   0x00000000   Code   RO         2355    .ARM.Collect$$libinit$$00000019  c_w.l(libinit2.o)
    0x08000202   0x08000202   0x00000000   Code   RO         2357    .ARM.Collect$$libinit$$0000001B  c_w.l(libinit2.o)
    0x08000202   0x08000202   0x00000000   Code   RO         2359    .ARM.Collect$$libinit$$0000001D  c_w.l(libinit2.o)
    0x08000202   0x08000202   0x00000000   Code   RO         2361    .ARM.Collect$$libinit$$0000001F  c_w.l(libinit2.o)
    0x08000202   0x08000202   0x00000000   Code   RO         2363    .ARM.Collect$$libinit$$00000021  c_w.l(libinit2.o)
    0x08000202   0x08000202   0x00000000   Code   RO         2365    .ARM.Collect$$libinit$$00000023  c_w.l(libinit2.o)
    0x08000202   0x08000202   0x00000000   Code   RO         2367    .ARM.Collect$$libinit$$00000025  c_w.l(libinit2.o)
    0x08000202   0x08000202   0x00000000   Code   RO         2371    .ARM.Collect$$libinit$$0000002C  c_w.l(libinit2.o)
    0x08000202   0x08000202   0x00000000   Code   RO         2373    .ARM.Collect$$libinit$$0000002E  c_w.l(libinit2.o)
    0x08000202   0x08000202   0x00000000   Code   RO         2375    .ARM.Collect$$libinit$$00000030  c_w.l(libinit2.o)
    0x08000202   0x08000202   0x00000000   Code   RO         2377    .ARM.Collect$$libinit$$00000032  c_w.l(libinit2.o)
    0x08000202   0x08000202   0x00000002   Code   RO         2378    .ARM.Collect$$libinit$$00000033  c_w.l(libinit2.o)
    0x08000204   0x08000204   0x00000002   Code   RO         2409    .ARM.Collect$$libshutdown$$00000000  c_w.l(libshutdown.o)
    0x08000206   0x08000206   0x00000000   Code   RO         2435    .ARM.Collect$$libshutdown$$00000002  c_w.l(libshutdown2.o)
    0x08000206   0x08000206   0x00000000   Code   RO         2437    .ARM.Collect$$libshutdown$$00000004  c_w.l(libshutdown2.o)
    0x08000206   0x08000206   0x00000000   Code   RO         2439    .ARM.Collect$$libshutdown$$00000006  c_w.l(libshutdown2.o)
    0x08000206   0x08000206   0x00000000   Code   RO         2442    .ARM.Collect$$libshutdown$$00000009  c_w.l(libshutdown2.o)
    0x08000206   0x08000206   0x00000000   Code   RO         2445    .ARM.Collect$$libshutdown$$0000000C  c_w.l(libshutdown2.o)
    0x08000206   0x08000206   0x00000000   Code   RO         2447    .ARM.Collect$$libshutdown$$0000000E  c_w.l(libshutdown2.o)
    0x08000206   0x08000206   0x00000000   Code   RO         2450    .ARM.Collect$$libshutdown$$00000011  c_w.l(libshutdown2.o)
    0x08000206   0x08000206   0x00000002   Code   RO         2451    .ARM.Collect$$libshutdown$$00000012  c_w.l(libshutdown2.o)
    0x08000208   0x08000208   0x00000000   Code   RO         2287    .ARM.Collect$$rtentry$$00000000  c_w.l(__rtentry.o)
    0x08000208   0x08000208   0x00000000   Code   RO         2293    .ARM.Collect$$rtentry$$00000002  c_w.l(__rtentry2.o)
    0x08000208   0x08000208   0x00000006   Code   RO         2305    .ARM.Collect$$rtentry$$00000004  c_w.l(__rtentry4.o)
    0x0800020e   0x0800020e   0x00000000   Code   RO         2295    .ARM.Collect$$rtentry$$00000009  c_w.l(__rtentry2.o)
    0x0800020e   0x0800020e   0x00000004   Code   RO         2296    .ARM.Collect$$rtentry$$0000000A  c_w.l(__rtentry2.o)
    0x08000212   0x08000212   0x00000000   Code   RO         2298    .ARM.Collect$$rtentry$$0000000C  c_w.l(__rtentry2.o)
    0x08000212   0x08000212   0x00000008   Code   RO         2299    .ARM.Collect$$rtentry$$0000000D  c_w.l(__rtentry2.o)
    0x0800021a   0x0800021a   0x00000002   Code   RO         2326    .ARM.Collect$$rtexit$$00000000  c_w.l(rtexit.o)
    0x0800021c   0x0800021c   0x00000000   Code   RO         2382    .ARM.Collect$$rtexit$$00000002  c_w.l(rtexit2.o)
    0x0800021c   0x0800021c   0x00000004   Code   RO         2383    .ARM.Collect$$rtexit$$00000003  c_w.l(rtexit2.o)
    0x08000220   0x08000220   0x00000006   Code   RO         2384    .ARM.Collect$$rtexit$$00000004  c_w.l(rtexit2.o)
    0x08000226   0x08000226   0x00000002   PAD
    0x08000228   0x08000228   0x00000040   Code   RO            4    .text               startup_stm32f407xx.o
    0x08000268   0x08000268   0x0000013c   Code   RO         1463    .text               context_rvds.o
    0x080003a4   0x080003a4   0x000000ee   Code   RO         2279    .text               c_w.l(lludivv7m.o)
    0x08000492   0x08000492   0x0000004e   Code   RO         2281    .text               c_w.l(rt_memclr_w.o)
    0x080004e0   0x080004e0   0x00000006   Code   RO         2283    .text               c_w.l(heapauxi.o)
    0x080004e6   0x080004e6   0x0000004a   Code   RO         2309    .text               c_w.l(sys_stackheap_outer.o)
    0x08000530   0x08000530   0x00000012   Code   RO         2311    .text               c_w.l(exit.o)
    0x08000542   0x08000542   0x00000002   PAD
    0x08000544   0x08000544   0x00000008   Code   RO         2323    .text               c_w.l(libspace.o)
    0x0800054c   0x0800054c   0x0000000c   Code   RO         2379    .text               c_w.l(sys_exit.o)
    0x08000558   0x08000558   0x00000002   Code   RO         2398    .text               c_w.l(use_no_semi.o)
    0x0800055a   0x0800055a   0x00000000   Code   RO         2400    .text               c_w.l(indicate_semi.o)
    0x0800055a   0x0800055a   0x0000000a   Code   RO         1508    i.$Sub$$main        components.o
    0x08000564   0x08000564   0x00000002   Code   RO          185    i.BusFault_Handler  stm32f4xx_it.o
    0x08000566   0x08000566   0x00000002   Code   RO          186    i.DebugMon_Handler  stm32f4xx_it.o
    0x08000568   0x08000568   0x000001f0   Code   RO          615    i.HAL_GPIO_Init     stm32f4xx_hal_gpio.o
    0x08000758   0x08000758   0x0000000a   Code   RO          619    i.HAL_GPIO_WritePin  stm32f4xx_hal_gpio.o
    0x08000762   0x08000762   0x00000002   PAD
    0x08000764   0x08000764   0x0000000c   Code   RO         1147    i.HAL_GetTick       stm32f4xx_hal.o
    0x08000770   0x08000770   0x00000034   Code   RO         1154    i.HAL_Init          stm32f4xx_hal.o
    0x080007a4   0x080007a4   0x00000040   Code   RO         1155    i.HAL_InitTick      stm32f4xx_hal.o
    0x080007e4   0x080007e4   0x00000030   Code   RO          236    i.HAL_MspInit       stm32f4xx_hal_msp.o
    0x08000814   0x08000814   0x00000040   Code   RO         1010    i.HAL_NVIC_SetPriority  stm32f4xx_hal_cortex.o
    0x08000854   0x08000854   0x00000024   Code   RO         1011    i.HAL_NVIC_SetPriorityGrouping  stm32f4xx_hal_cortex.o
    0x08000878   0x08000878   0x00000134   Code   RO          261    i.HAL_RCC_ClockConfig  stm32f4xx_hal_rcc.o
    0x080009ac   0x080009ac   0x0000000c   Code   RO          266    i.HAL_RCC_GetHCLKFreq  stm32f4xx_hal_rcc.o
    0x080009b8   0x080009b8   0x00000064   Code   RO          270    i.HAL_RCC_GetSysClockFreq  stm32f4xx_hal_rcc.o
    0x08000a1c   0x08000a1c   0x0000036c   Code   RO          273    i.HAL_RCC_OscConfig  stm32f4xx_hal_rcc.o
    0x08000d88   0x08000d88   0x00000028   Code   RO         1015    i.HAL_SYSTICK_Config  stm32f4xx_hal_cortex.o
    0x08000db0   0x08000db0   0x00000050   Code   RO          161    i.MX_GPIO_Init      gpio.o
    0x08000e00   0x08000e00   0x00000002   Code   RO          187    i.MemManage_Handler  stm32f4xx_it.o
    0x08000e02   0x08000e02   0x00000002   Code   RO          188    i.NMI_Handler       stm32f4xx_it.o
    0x08000e04   0x08000e04   0x00000012   Code   RO         2250    i.SysTick_Handler   board.o
    0x08000e16   0x08000e16   0x00000002   PAD
    0x08000e18   0x08000e18   0x0000007c   Code   RO           14    i.SystemClock_Config  main.o
    0x08000e94   0x08000e94   0x0000007c   Code   RO         1428    i.SystemCoreClockUpdate  system_stm32f4xx.o
    0x08000f10   0x08000f10   0x00000010   Code   RO         1429    i.SystemInit        system_stm32f4xx.o
    0x08000f20   0x08000f20   0x00000002   Code   RO          189    i.UsageFault_Handler  stm32f4xx_it.o
    0x08000f22   0x08000f22   0x00000020   Code   RO         1017    i.__NVIC_SetPriority  stm32f4xx_hal_cortex.o
    0x08000f42   0x08000f42   0x00000002   PAD
    0x08000f44   0x08000f44   0x00000044   Code   RO         1706    i.__rt_ffs          kservice.o
    0x08000f88   0x08000f88   0x00000024   Code   RO         1937    i._scheduler_get_highest_priority_thread  scheduler.o
    0x08000fac   0x08000fac   0x00000038   Code   RO         2019    i._thread_exit      thread.o
    0x08000fe4   0x08000fe4   0x00000074   Code   RO         2020    i._thread_init      thread.o
    0x08001058   0x08001058   0x0000002c   Code   RO         2021    i._thread_timeout   thread.o
    0x08001084   0x08001084   0x00000006   Code   RO         2125    i._timer_remove     timer.o
    0x0800108a   0x0800108a   0x00000002   PAD
    0x0800108c   0x0800108c   0x0000003c   Code   RO           15    i.main              main.o
    0x080010c8   0x080010c8   0x0000000e   Code   RO         1509    i.main_thread_entry  components.o
    0x080010d6   0x080010d6   0x00000002   PAD
    0x080010d8   0x080010d8   0x00000130   Code   RO         1708    i.print_number      kservice.o
    0x08001208   0x08001208   0x0000003c   Code   RO         1510    i.rt_application_init  components.o
    0x08001244   0x08001244   0x0000001c   Code   RO         1511    i.rt_components_board_init  components.o
    0x08001260   0x08001260   0x0000001c   Code   RO         1512    i.rt_components_init  components.o
    0x0800127c   0x0800127c   0x0000001c   Code   RO         1939    i.rt_enter_critical  scheduler.o
    0x08001298   0x08001298   0x00000038   Code   RO         1940    i.rt_exit_critical  scheduler.o
    0x080012d0   0x080012d0   0x00000026   Code   RO         2251    i.rt_hw_board_init  board.o
    0x080012f6   0x080012f6   0x00000002   PAD
    0x080012f8   0x080012f8   0x00000018   Code   RO         2208    i.rt_hw_hard_fault_exception  cpuport.o
    0x08001310   0x08001310   0x0000003c   Code   RO         2209    i.rt_hw_stack_init  cpuport.o
    0x0800134c   0x0800134c   0x0000001c   Code   RO         1679    i.rt_interrupt_enter  irq.o
    0x08001368   0x08001368   0x0000001c   Code   RO         1681    i.rt_interrupt_leave  irq.o
    0x08001384   0x08001384   0x0000000e   Code   RO         2126    i.rt_list_insert_after  timer.o
    0x08001392   0x08001392   0x00000012   Code   RO         2022    i.rt_list_remove    thread.o
    0x080013a4   0x080013a4   0x00000012   Code   RO         2127    i.rt_list_remove    timer.o
    0x080013b6   0x080013b6   0x00000002   PAD
    0x080013b8   0x080013b8   0x00000046   Code   RO         1714    i.rt_memset         kservice.o
    0x080013fe   0x080013fe   0x00000024   Code   RO         1881    i.rt_object_detach  object.o
    0x08001422   0x08001422   0x00000002   PAD
    0x08001424   0x08001424   0x00000024   Code   RO         1883    i.rt_object_get_information  object.o
    0x08001448   0x08001448   0x00000052   Code   RO         1887    i.rt_object_init    object.o
    0x0800149a   0x0800149a   0x0000000e   Code   RO         1888    i.rt_object_is_systemobject  object.o
    0x080014a8   0x080014a8   0x000000b8   Code   RO         1941    i.rt_schedule       scheduler.o
    0x08001560   0x08001560   0x00000074   Code   RO         1942    i.rt_schedule_insert_thread  scheduler.o
    0x080015d4   0x080015d4   0x00000048   Code   RO         1943    i.rt_schedule_remove_thread  scheduler.o
    0x0800161c   0x0800161c   0x00000002   Code   RO         1716    i.rt_show_version   kservice.o
    0x0800161e   0x0800161e   0x00000012   Code   RO         1718    i.rt_sprintf        kservice.o
    0x08001630   0x08001630   0x00000026   Code   RO         1725    i.rt_strncpy        kservice.o
    0x08001656   0x08001656   0x00000002   PAD
    0x08001658   0x08001658   0x00000028   Code   RO         1944    i.rt_system_scheduler_init  scheduler.o
    0x08001680   0x08001680   0x00000028   Code   RO         1945    i.rt_system_scheduler_start  scheduler.o
    0x080016a8   0x080016a8   0x0000000c   Code   RO         2128    i.rt_system_timer_init  timer.o
    0x080016b4   0x080016b4   0x00000002   Code   RO         2129    i.rt_system_timer_thread_init  timer.o
    0x080016b6   0x080016b6   0x00000002   PAD
    0x080016b8   0x080016b8   0x00000030   Code   RO         1583    i.rt_thread_defunct_dequeue  idle.o
    0x080016e8   0x080016e8   0x00000018   Code   RO         1584    i.rt_thread_defunct_enqueue  idle.o
    0x08001700   0x08001700   0x00000022   Code   RO         1585    i.rt_thread_idle_entry  idle.o
    0x08001722   0x08001722   0x00000002   PAD
    0x08001724   0x08001724   0x00000044   Code   RO         1587    i.rt_thread_idle_init  idle.o
    0x08001768   0x08001768   0x00000030   Code   RO         2028    i.rt_thread_init    thread.o
    0x08001798   0x08001798   0x0000000e   Code   RO         2029    i.rt_thread_mdelay  thread.o
    0x080017a6   0x080017a6   0x0000003c   Code   RO         2030    i.rt_thread_resume  thread.o
    0x080017e2   0x080017e2   0x00000002   PAD
    0x080017e4   0x080017e4   0x0000000c   Code   RO         2031    i.rt_thread_self    thread.o
    0x080017f0   0x080017f0   0x00000044   Code   RO         2032    i.rt_thread_sleep   thread.o
    0x08001834   0x08001834   0x00000028   Code   RO         2033    i.rt_thread_startup  thread.o
    0x0800185c   0x0800185c   0x00000046   Code   RO         2034    i.rt_thread_suspend  thread.o
    0x080018a2   0x080018a2   0x00000032   Code   RO         1467    i.rt_tick_from_millisecond  clock.o
    0x080018d4   0x080018d4   0x0000000c   Code   RO         1468    i.rt_tick_get       clock.o
    0x080018e0   0x080018e0   0x00000048   Code   RO         1470    i.rt_tick_increase  clock.o
    0x08001928   0x08001928   0x0000008c   Code   RO         2130    i.rt_timer_check    timer.o
    0x080019b4   0x080019b4   0x0000004c   Code   RO         2131    i.rt_timer_control  timer.o
    0x08001a00   0x08001a00   0x00000028   Code   RO         2132    i.rt_timer_detach   timer.o
    0x08001a28   0x08001a28   0x00000030   Code   RO         2133    i.rt_timer_init     timer.o
    0x08001a58   0x08001a58   0x00000084   Code   RO         2135    i.rt_timer_start    timer.o
    0x08001adc   0x08001adc   0x0000002e   Code   RO         2136    i.rt_timer_stop     timer.o
    0x08001b0a   0x08001b0a   0x00000002   PAD
    0x08001b0c   0x08001b0c   0x00000284   Code   RO         1728    i.rt_vsnprintf      kservice.o
    0x08001d90   0x08001d90   0x00000010   Code   RO         1729    i.rt_vsprintf       kservice.o
    0x08001da0   0x08001da0   0x00000004   Code   RO         1513    i.rti_board_end     components.o
    0x08001da4   0x08001da4   0x00000004   Code   RO         1514    i.rti_board_start   components.o
    0x08001da8   0x08001da8   0x00000004   Code   RO         1515    i.rti_end           components.o
    0x08001dac   0x08001dac   0x00000004   Code   RO         1516    i.rti_start         components.o
    0x08001db0   0x08001db0   0x0000002a   Code   RO         1517    i.rtthread_startup  components.o
    0x08001dda   0x08001dda   0x00000028   Code   RO         1730    i.skip_atoi         kservice.o
    0x08001e02   0x08001e02   0x0000000a   Code   RO         2394    x$fpl$fpinit        fz_wm.l(fpinit.o)
    0x08001e0c   0x08001e0c   0x00000010   Data   RO         1430    .constdata          system_stm32f4xx.o
    0x08001e1c   0x08001e1c   0x00000122   Data   RO         1731    .constdata          kservice.o
    0x08001f3e   0x08001f3e   0x00000002   PAD
    0x08001f40   0x08001f40   0x00000004   Data   RO         1519    .rti_fn.0           components.o
    0x08001f44   0x08001f44   0x00000004   Data   RO         1520    .rti_fn.0.end       components.o
    0x08001f48   0x08001f48   0x00000004   Data   RO         1521    .rti_fn.1.end       components.o
    0x08001f4c   0x08001f4c   0x00000004   Data   RO         1522    .rti_fn.6.end       components.o
    0x08001f50   0x08001f50   0x00000020   Data   RO         2452    Region$$Table       anon$$obj.o


    Execution Region RW_IRAM1 (Exec base: 0x20000000, Load base: 0x08001f70, Size: 0x00000d48, Max: 0x0001c000, ABSOLUTE)

    Exec Addr    Load Addr    Size         Type   Attr      Idx    E Section Name        Object

    0x20000000   0x08001f70   0x0000000c   Data   RW         1161    .data               stm32f4xx_hal.o
    0x2000000c   0x08001f7c   0x00000004   Data   RW         1432    .data               system_stm32f4xx.o
    0x20000010   0x08001f80   0x00000004   Data   RW         1472    .data               clock.o
    0x20000014   0x08001f84   0x00000008   Data   RW         1589    .data               idle.o
    0x2000001c   0x08001f8c   0x00000001   Data   RW         1682    .data               irq.o
    0x2000001d   0x08001f8d   0x00000003   PAD
    0x20000020   0x08001f90   0x00000030   Data   RW         1889    .data               object.o
    0x20000050   0x08001fc0   0x0000000c   Data   RW         1947    .data               scheduler.o
    0x2000005c   0x08001fcc   0x0000000c   Data   RW         2137    .data               timer.o
    0x20000068   0x08001fd8   0x00000004   Data   RW         2210    .data               cpuport.o
    0x2000006c   0x08001fdc   0x00000004   Data   RW         2211    .data               cpuport.o
    0x20000070   0x08001fe0   0x00000004   Data   RW         2212    .data               cpuport.o
    0x20000074   0x08001fe4   0x00000004   Data   RW         2213    .data               cpuport.o
    0x20000078        -       0x00000478   Zero   RW         1518    .bss                components.o
    0x200004f0        -       0x000000f8   Zero   RW         1588    .bss                idle.o
    0x200005e8        -       0x00000100   Zero   RW         1946    .bss                scheduler.o
    0x200006e8        -       0x00000060   Zero   RW         2324    .bss                c_w.l(libspace.o)
    0x20000748        -       0x00000200   Zero   RW            2    HEAP                startup_stm32f407xx.o
    0x20000948        -       0x00000400   Zero   RW            1    STACK               startup_stm32f407xx.o


    Execution Region RW_IRAM2 (Exec base: 0x2001c000, Load base: 0x08001fe8, Size: 0x00000000, Max: 0x00004000, ABSOLUTE)

    **** No section assigned to this execution region ****


==============================================================================

Image component sizes


      Code (inc. data)   RO Data    RW Data    ZI Data      Debug   Object Name

        56          0          0          0          0       1269   board.o
       134         10          0          4          0       2656   clock.o
       198         32         16          0       1144       6924   components.o
       316         28          0          0          0        904   context_rvds.o
        84         10          0         16          0       4226   cpuport.o
        80         10          0          0          0        875   gpio.o
       174         26          0          8        248       6334   idle.o
        56         12          0          1          0       2022   irq.o
      1200         18        290          0          0      11206   kservice.o
       184         12          0          0          0     642624   main.o
       168          6          0         48          0       4508   object.o
       572         58          0         12        256      10024   scheduler.o
        64         26        392          0       1536        860   startup_stm32f407xx.o
       128         20          0         12          0       8351   stm32f4xx_hal.o
       172         14          0          0          0      33334   stm32f4xx_hal_cortex.o
       506         46          0          0          0       2240   stm32f4xx_hal_gpio.o
        48          6          0          0          0        886   stm32f4xx_hal_msp.o
      1296         58          0          0          0       4602   stm32f4xx_hal_rcc.o
        10          0          0          0          0       2393   stm32f4xx_it.o
       140         24         16          4          0       1935   system_stm32f4xx.o
       546         28          0          0          0      11034   thread.o
       534         20          0         12          0      11800   timer.o

    ----------------------------------------------------------------------
      6692        464        748        120       3184     771007   Object Totals
         0          0         32          0          0          0   (incl. Generated)
        26          0          2          3          0          0   (incl. Padding)

    ----------------------------------------------------------------------

      Code (inc. data)   RO Data    RW Data    ZI Data      Debug   Library Member Name

         8          0          0          0          0         68   __main.o
         0          0          0          0          0          0   __rtentry.o
        12          0          0          0          0          0   __rtentry2.o
         6          0          0          0          0          0   __rtentry4.o
        52          8          0          0          0          0   __scatter.o
        26          0          0          0          0          0   __scatter_copy.o
        28          0          0          0          0          0   __scatter_zi.o
        18          0          0          0          0         80   exit.o
         6          0          0          0          0        152   heapauxi.o
         0          0          0          0          0          0   indicate_semi.o
         2          0          0          0          0          0   libinit.o
         6          0          0          0          0          0   libinit2.o
         2          0          0          0          0          0   libshutdown.o
         2          0          0          0          0          0   libshutdown2.o
         8          4          0          0         96         68   libspace.o
       238          0          0          0          0        100   lludivv7m.o
        78          0          0          0          0         80   rt_memclr_w.o
         2          0          0          0          0          0   rtexit.o
        10          0          0          0          0          0   rtexit2.o
        12          4          0          0          0         68   sys_exit.o
        74          0          0          0          0         80   sys_stackheap_outer.o
         2          0          0          0          0         68   use_no_semi.o
        10          0          0          0          0        116   fpinit.o

    ----------------------------------------------------------------------
       608         16          0          0         96        880   Library Totals
         6          0          0          0          0          0   (incl. Padding)

    ----------------------------------------------------------------------

      Code (inc. data)   RO Data    RW Data    ZI Data      Debug   Library Name

       592         16          0          0         96        764   c_w.l
        10          0          0          0          0        116   fz_wm.l

    ----------------------------------------------------------------------
       608         16          0          0         96        880   Library Totals

    ----------------------------------------------------------------------

==============================================================================


      Code (inc. data)   RO Data    RW Data    ZI Data      Debug   

      7300        480        748        120       3280     763327   Grand Totals
      7300        480        748        120       3280     763327   ELF Image Totals
      7300        480        748        120          0          0   ROM Totals

==============================================================================

    Total RO  Size (Code + RO Data)                 8048 (   7.86kB)
    Total RW  Size (RW Data + ZI Data)              3400 (   3.32kB)
    Total ROM Size (Code + RO Data + RW Data)       8168 (   7.98kB)

==============================================================================

